Archive member included to satisfy reference by file (symbol)

/home/james/devkitPro/libnds/lib/libdswifi9.a(wifi_arm9.o)
                              template.o (Wifi_ScanMode)
/home/james/devkitPro/libnds/lib/libdswifi9.a(sgIP_sockets.o)
                              template.o (socket)
/home/james/devkitPro/libnds/lib/libdswifi9.a(sgIP_memblock.o)
                              /home/james/devkitPro/libnds/lib/libdswifi9.a(wifi_arm9.o) (sgIP_memblock_allocHW)
/home/james/devkitPro/libnds/lib/libdswifi9.a(sgIP_TCP.o)
                              /home/james/devkitPro/libnds/lib/libdswifi9.a(sgIP_sockets.o) (sgIP_TCP_AllocRecord)
/home/james/devkitPro/libnds/lib/libdswifi9.a(sgIP_Hub.o)
                              /home/james/devkitPro/libnds/lib/libdswifi9.a(wifi_arm9.o) (sgIP_Hub_AddHardwareInterface)
/home/james/devkitPro/libnds/lib/libdswifi9.a(sgIP_DNS.o)
                              /home/james/devkitPro/libnds/lib/libdswifi9.a(wifi_arm9.o) (sgIP_DNS_GetUnusedRecord)
/home/james/devkitPro/libnds/lib/libdswifi9.a(spinlock.o)
                              /home/james/devkitPro/libnds/lib/libdswifi9.a(wifi_arm9.o) (SLasm_Acquire)
/home/james/devkitPro/libnds/lib/libdswifi9.a(sgIP_DHCP.o)
                              /home/james/devkitPro/libnds/lib/libdswifi9.a(wifi_arm9.o) (sgIP_DHCP_Start)
/home/james/devkitPro/libnds/lib/libdswifi9.a(sgIP_UDP.o)
                              /home/james/devkitPro/libnds/lib/libdswifi9.a(sgIP_sockets.o) (sgIP_UDP_AllocRecord)
/home/james/devkitPro/libnds/lib/libdswifi9.a(sgIP.o)
                              /home/james/devkitPro/libnds/lib/libdswifi9.a(wifi_arm9.o) (sgIP_Init)
/home/james/devkitPro/libnds/lib/libdswifi9.a(sgIP_ARP.o)
                              /home/james/devkitPro/libnds/lib/libdswifi9.a(sgIP.o) (sgIP_ARP_Init)
/home/james/devkitPro/libnds/lib/libdswifi9.a(sgIP_IP.o)
                              /home/james/devkitPro/libnds/lib/libdswifi9.a(sgIP.o) (sgIP_IP_ReceivePacket)
/home/james/devkitPro/libnds/lib/libdswifi9.a(sgIP_ICMP.o)
                              /home/james/devkitPro/libnds/lib/libdswifi9.a(sgIP_IP.o) (sgIP_ICMP_ReceivePacket)
/home/james/devkitPro/libnds/lib/libnds9.a(console.o)
                              template.o (consoleSelect)
/home/james/devkitPro/libnds/lib/libnds9.a(touch.o)
                              template.o (touchRead)
/home/james/devkitPro/libnds/lib/libnds9.a(background.o)
                              /home/james/devkitPro/libnds/lib/libnds9.a(console.o) (bgState)
/home/james/devkitPro/libnds/lib/libnds9.a(trig.o)
                              /home/james/devkitPro/libnds/lib/libnds9.a(background.o) (sinLerp)
/home/james/devkitPro/libnds/lib/libnds9.a(keyboard.o)
                              template.o (keyboardDemoInit)
/home/james/devkitPro/libnds/lib/libnds9.a(keys.o)
                              template.o (scanKeys)
/home/james/devkitPro/libnds/lib/libnds9.a(initSystem.o)
                              /home/james/devkitPro/devkitARM/bin/../lib/gcc/arm-none-eabi/6.3.0/../../../../arm-none-eabi/lib/thumb/ds_arm9_crt0.o (initSystem)
/home/james/devkitPro/libnds/lib/libnds9.a(timeSupport.o)
                              /home/james/devkitPro/libnds/lib/libnds9.a(initSystem.o) (__libnds_gtod)
/home/james/devkitPro/libnds/lib/libnds9.a(securearea.o)
                              /home/james/devkitPro/devkitARM/bin/../lib/gcc/arm-none-eabi/6.3.0/../../../../arm-none-eabi/lib/thumb/ds_arm9_crt0.o (__secure_area__)
/home/james/devkitPro/libnds/lib/libnds9.a(interrupts.o)
                              /home/james/devkitPro/libnds/lib/libdswifi9.a(wifi_arm9.o) (irqSet)
/home/james/devkitPro/libnds/lib/libnds9.a(libnds_exit.arm.o)
                              /home/james/devkitPro/devkitARM/bin/../lib/gcc/arm-none-eabi/6.3.0/../../../../arm-none-eabi/lib/thumb/ds_arm9_crt0.o (__libnds_exit)
/home/james/devkitPro/libnds/lib/libnds9.a(fifosystem.o)
                              /home/james/devkitPro/libnds/lib/libdswifi9.a(wifi_arm9.o) (fifoSetValue32Handler)
/home/james/devkitPro/libnds/lib/libnds9.a(dcache.o)
                              /home/james/devkitPro/libnds/lib/libdswifi9.a(wifi_arm9.o) (DC_FlushAll)
/home/james/devkitPro/libnds/lib/libnds9.a(mpu_setup.o)
                              /home/james/devkitPro/devkitARM/bin/../lib/gcc/arm-none-eabi/6.3.0/../../../../arm-none-eabi/lib/thumb/ds_arm9_crt0.o (__libnds_mpu_setup)
/home/james/devkitPro/libnds/lib/libnds9.a(IntrWait.o)
                              template.o (swiWaitForVBlank)
/home/james/devkitPro/libnds/lib/libnds9.a(cpu_clock.o)
                              /home/james/devkitPro/libnds/lib/libnds9.a(initSystem.o) (setCpuClock)
/home/james/devkitPro/libnds/lib/libnds9.a(interruptDispatcher.o)
                              /home/james/devkitPro/libnds/lib/libnds9.a(interrupts.o) (IntrMain)
/home/james/devkitPro/libnds/lib/libnds9.a(debugprint.o)
[...]
Memory Configuration

Name             Origin             Length             Attributes
ewram            0x0000000002000000 0x0000000000380000
dtcm             0x000000000b000000 0x0000000000004000
vectors          0x0000000001000000 0x0000000000000100
itcm             0x0000000001000100 0x0000000000007f00
*default*        0x0000000000000000 0xffffffffffffffff

Linker script and memory map

                0x0000000002380000                __ewram_end = (ORIGIN (ewram) + LENGTH (ewram))
                0x0000000002380000                __eheap_end = (ORIGIN (ewram) + LENGTH (ewram))
                0x000000000b004000                __dtcm_top = (ORIGIN (dtcm) + LENGTH (dtcm))
                0x000000000b003ff8                __irq_flags = (__dtcm_top - 0x8)
                0x000000000b003ffc                __irq_vector = (__dtcm_top - 0x4)
                0x000000000b003f00                __sp_svc = (__dtcm_top - 0x100)
                0x000000000b003e00                __sp_irq = (__sp_svc - 0x100)
                0x000000000b003d00                __sp_usr = (__sp_irq - 0x100)

.secure         0x0000000002000000      0x800
 *(.secure)
 .secure        0x0000000002000000      0x800 /home/james/devkitPro/libnds/lib/libnds9.a(securearea.o)
                0x0000000002000000                __secure_area__

.crt0           0x0000000002000800      0x300
                0x0000000002000800                __text_start = .
 *(.crt0)
 .crt0          0x0000000002000800      0x300 /home/james/devkitPro/devkitARM/bin/../lib/gcc/arm-none-eabi/6.3.0/../../../../arm-none-eabi/lib/thumb/ds_arm9_crt0.o
                0x0000000002000800                _start
                0x0000000002000b00                . = ALIGN (0x4)

.plt
 *(.plt)

.init           0x0000000002000b00        0xc
 *(SORT(.init))
 .init          0x0000000002000b00        0x4 /home/james/devkitPro/devkitARM/bin/../lib/gcc/arm-none-eabi/6.3.0/thumb/crti.o
                0x0000000002000b00                _init
 .init          0x0000000002000b04        0x8 /home/james/devkitPro/devkitARM/bin/../lib/gcc/arm-none-eabi/6.3.0/thumb/crtn.o

.text           0x0000000002000b10    0x18518
 *(EXCLUDE_FILE(*.twl* *.vectors* *.itcm*) .text)
 .text          0x0000000002000b10      0x548 template.o
                0x0000000002000b10                OnKeyPressed
                0x0000000002000b24                findAP
                0x0000000002000c40                Wifi_init_and_connect
                0x0000000002000d80                SelectIPandPort
                0x0000000002000e90                setup
                0x0000000002000f3c                sendStatus
                0x000000000200103c                toggleCamera
 .text          0x0000000002001058       0x5c /home/james/devkitPro/libnds/lib/libdswifi9.a(spinlock.o)
                0x0000000002001058                SLasm_Acquire
                0x000000000200108c                SLasm_Release
 .text          0x00000000020010b4       0x14 /home/james/devkitPro/devkitARM/bin/../lib/gcc/arm-none-eabi/6.3.0/thumb/libgcc.a(_thumb1_case_uqi.o)
                0x00000000020010b4                __gnu_thumb1_case_uqi
 .text          0x00000000020010c8       0x14 /home/james/devkitPro/devkitARM/bin/../lib/gcc/arm-none-eabi/6.3.0/thumb/libgcc.a(_thumb1_case_uhi.o)
                0x00000000020010c8                __gnu_thumb1_case_uhi
 .text          0x00000000020010dc      0x11c /home/james/devkitPro/devkitARM/bin/../lib/gcc/arm-none-eabi/6.3.0/thumb/libgcc.a(_udivsi3.o)
                0x00000000020010dc                __udivsi3
                0x00000000020010dc                __aeabi_uidiv
                0x00000000020011d8                __aeabi_uidivmod
 .text          0x00000000020011f8      0x150 /home/james/devkitPro/devkitARM/bin/../lib/gcc/arm-none-eabi/6.3.0/thumb/libgcc.a(_divsi3.o)
                0x00000000020011f8                __aeabi_idiv
                0x00000000020011f8                __divsi3
                0x0000000002001328                __aeabi_idivmod
 .text          0x0000000002001348        0x4 /home/james/devkitPro/devkitARM/bin/../lib/gcc/arm-none-eabi/6.3.0/thumb/libgcc.a(_dvmd_tls.o)
                0x0000000002001348                __aeabi_ldiv0
                0x0000000002001348                __aeabi_idiv0
 .text          0x000000000200134c      0x224 /home/james/devkitPro/devkitARM/bin/../lib/gcc/arm-none-eabi/6.3.0/../../../../arm-none-eabi/lib/thumb/libg.a(lib_a-strcmp.o)
                0x000000000200134c                strcmp
 .text          0x0000000002001570      0x41c /home/james/devkitPro/devkitARM/bin/../lib/gcc/arm-none-eabi/6.3.0/thumb/libgcc.a(_arm_addsubdf3.o)
                0x0000000002001570                __aeabi_drsub
                0x0000000002001578                __aeabi_dsub
                0x0000000002001578                __subdf3
                0x000000000200157c                __adddf3
                0x000000000200157c                __aeabi_dadd
                0x000000000200188c                __aeabi_ui2d
                0x000000000200188c                __floatunsidf
                0x00000000020018b0                __floatsidf
                0x00000000020018b0                __aeabi_i2d
                0x00000000020018d8                __extendsfdf2
                0x00000000020018d8                __aeabi_f2d
                0x0000000002001918                __aeabi_ul2d
                0x0000000002001918                __floatundidf
                0x000000000200192c                __floatdidf
                0x000000000200192c                __aeabi_l2d
 .text          0x000000000200198c      0x49c /home/james/devkitPro/devkitARM/bin/../lib/gcc/arm-none-eabi/6.3.0/thumb/libgcc.a(_arm_muldivdf3.o)
                0x000000000200198c                __aeabi_dmul
                0x000000000200198c                __muldf3
                0x0000000002001c1c                __aeabi_ddiv
                0x0000000002001c1c                __divdf3
 .text          0x0000000002001e28      0x144 /home/james/devkitPro/devkitARM/bin/../lib/gcc/arm-none-eabi/6.3.0/thumb/libgcc.a(_arm_cmpdf2.o)
                0x0000000002001e28                __gtdf2
                0x0000000002001e28                __gedf2
                0x0000000002001e30                __ltdf2
                0x0000000002001e30                __ledf2
                0x0000000002001e38                __cmpdf2
                0x0000000002001e38                __eqdf2
                0x0000000002001e38                __nedf2
                0x0000000002001ec0                __aeabi_cdrcmple
                0x0000000002001edc                __aeabi_cdcmple
                0x0000000002001edc                __aeabi_cdcmpeq
                0x0000000002001ef4                __aeabi_dcmpeq
                0x0000000002001f0c                __aeabi_dcmplt
                0x0000000002001f24                __aeabi_dcmple
                0x0000000002001f3c                __aeabi_dcmpge
                0x0000000002001f54                __aeabi_dcmpgt
 .text          0x0000000002001f6c       0x38 /home/james/devkitPro/devkitARM/bin/../lib/gcc/arm-none-eabi/6.3.0/thumb/libgcc.a(_arm_unorddf2.o)
                0x0000000002001f6c                __aeabi_dcmpun
                0x0000000002001f6c                __unorddf2
 .text          0x0000000002001fa4       0x5c /home/james/devkitPro/devkitARM/bin/../lib/gcc/arm-none-eabi/6.3.0/thumb/libgcc.a(_arm_fixdfsi.o)
                0x0000000002001fa4                __fixdfsi
                0x0000000002001fa4                __aeabi_d2iz
 .text          0x0000000002002000       0x54 /home/james/devkitPro/devkitARM/bin/../lib/gcc/arm-none-eabi/6.3.0/thumb/libgcc.a(_arm_fixunsdfsi.o)
                0x0000000002002000                __fixunsdfsi
                0x0000000002002000                __aeabi_d2uiz
 .text          0x0000000002002054       0xa0 /home/james/devkitPro/devkitARM/bin/../lib/gcc/arm-none-eabi/6.3.0/thumb/libgcc.a(_arm_truncdfsf2.o)
                0x0000000002002054                __aeabi_d2f
                0x0000000002002054                __truncdfsf2
 .text          0x00000000020020f4       0x3c /home/james/devkitPro/devkitARM/bin/../lib/gcc/arm-none-eabi/6.3.0/thumb/libgcc.a(_aeabi_uldivmod.o)
                0x00000000020020f4                __aeabi_uldivmod
 .text          0x0000000002002130       0x28 /home/james/devkitPro/devkitARM/bin/../lib/gcc/arm-none-eabi/6.3.0/thumb/libgcc.a(_clzdi2.o)
                0x0000000002002130                __clzdi2
 .text          0x0000000002002158       0x48 /home/james/devkitPro/devkitARM/bin/../lib/gcc/arm-none-eabi/6.3.0/thumb/libgcc.a(_clzsi2.o)
                0x0000000002002158                __clzsi2
 *(EXCLUDE_FILE(*.twl* *.vectors* *.itcm*) .stub)
 *(EXCLUDE_FILE(*.twl* *.vectors* *.itcm*) .text.*)
 .text.deregister_tm_clones
                0x00000000020021a0       0x30 /home/james/devkitPro/devkitARM/bin/../lib/gcc/arm-none-eabi/6.3.0/thumb/crtbegin.o
 .text.register_tm_clones
                0x00000000020021d0       0x34 /home/james/devkitPro/devkitARM/bin/../lib/gcc/arm-none-eabi/6.3.0/thumb/crtbegin.o
 .text.__do_global_dtors_aux
                0x0000000002002204       0x30 /home/james/devkitPro/devkitARM/bin/../lib/gcc/arm-none-eabi/6.3.0/thumb/crtbegin.o
 .text.frame_dummy
                0x0000000002002234       0x48 /home/james/devkitPro/devkitARM/bin/../lib/gcc/arm-none-eabi/6.3.0/thumb/crtbegin.o
 .text.startup  0x000000000200227c      0x3a8 template.o
                0x000000000200227c                main
 .text.Wifi_Interface_Init
                0x0000000002002624       0x4c /home/james/devkitPro/libnds/lib/libdswifi9.a(wifi_arm9.o)
                0x0000000002002624                Wifi_Interface_Init
 .text.arm9_synctoarm7
                0x0000000002002670        0xc /home/james/devkitPro/libnds/lib/libdswifi9.a(wifi_arm9.o)
                0x0000000002002670                arm9_synctoarm7
 .text.sgIP_IntrWaitEvent
                0x000000000200267c        0x2 /home/james/devkitPro/libnds/lib/libdswifi9.a(wifi_arm9.o)
                0x000000000200267c                sgIP_IntrWaitEvent
 *fill*         0x000000000200267e        0x2 ff
 .text.wHeapAllocInit
                0x0000000002002680       0x2c /home/james/devkitPro/libnds/lib/libdswifi9.a(wifi_arm9.o)
                0x0000000002002680                wHeapAllocInit
 .text.wHeapAlloc
                0x00000000020026ac       0xa4 /home/james/devkitPro/libnds/lib/libdswifi9.a(wifi_arm9.o)
                0x00000000020026ac                wHeapAlloc
 .text.wHeapFree
                0x0000000002002750       0x1c /home/james/devkitPro/libnds/lib/libdswifi9.a(wifi_arm9.o)
                0x0000000002002750                wHeapFree
 .text.sgIP_malloc
                0x000000000200276c        0x8 /home/james/devkitPro/libnds/lib/libdswifi9.a(wifi_arm9.o)
                0x000000000200276c                sgIP_malloc
 .text.sgIP_free
                0x0000000002002774        0x8 /home/james/devkitPro/libnds/lib/libdswifi9.a(wifi_arm9.o)
                0x0000000002002774                sgIP_free
 .text.erasemem
                0x000000000200277c       0x14 /home/james/devkitPro/libnds/lib/libdswifi9.a(wifi_arm9.o)
                0x000000000200277c                erasemem
 .text.Wifi_CmpMacAddr
                0x0000000002002790       0x22 /home/james/devkitPro/libnds/lib/libdswifi9.a(wifi_arm9.o)
                0x0000000002002790                Wifi_CmpMacAddr
 *fill*         0x00000000020027b2        0x2 ff
 .text.Wifi_TxBufferWordsAvailable
                0x00000000020027b4       0x28 /home/james/devkitPro/libnds/lib/libdswifi9.a(wifi_arm9.o)
                0x00000000020027b4                Wifi_TxBufferWordsAvailable
 .text.Wifi_TxBufferWrite
                0x00000000020027dc       0x4c /home/james/devkitPro/libnds/lib/libdswifi9.a(wifi_arm9.o)
                0x00000000020027dc                Wifi_TxBufferWrite
 .text.Wifi_TransmitFunction
                0x0000000002002828      0x210 /home/james/devkitPro/libnds/lib/libdswifi9.a(wifi_arm9.o)
                0x0000000002002828                Wifi_TransmitFunction
 .text.Wifi_RxRawReadPacket
                0x0000000002002a38       0x68 /home/james/devkitPro/libnds/lib/libdswifi9.a(wifi_arm9.o)
                0x0000000002002a38                Wifi_RxRawReadPacket
 .text.Wifi_RxReadOffset
                0x0000000002002aa0       0x2c /home/james/devkitPro/libnds/lib/libdswifi9.a(wifi_arm9.o)
                0x0000000002002aa0                Wifi_RxReadOffset
 .text.Wifi_ScanMode
                0x0000000002002acc       0x18 /home/james/devkitPro/libnds/lib/libdswifi9.a(wifi_arm9.o)
                0x0000000002002acc                Wifi_ScanMode
 .text.Wifi_GetNumAP
                0x0000000002002ae4       0x28 /home/james/devkitPro/libnds/lib/libdswifi9.a(wifi_arm9.o)
                0x0000000002002ae4                Wifi_GetNumAP
 .text.Wifi_GetAPData
                0x0000000002002b0c       0x88 /home/james/devkitPro/libnds/lib/libdswifi9.a(wifi_arm9.o)
                0x0000000002002b0c                Wifi_GetAPData
 .text.Wifi_FindMatchingAP
                0x0000000002002b94       0xc0 /home/james/devkitPro/libnds/lib/libdswifi9.a(wifi_arm9.o)
                0x0000000002002b94                Wifi_FindMatchingAP
 .text.Wifi_AutoConnect
                0x0000000002002c54       0x2c /home/james/devkitPro/libnds/lib/libdswifi9.a(wifi_arm9.o)
                0x0000000002002c54                Wifi_AutoConnect
 .text.Wifi_DisconnectAP
                0x0000000002002c80       0x2c /home/james/devkitPro/libnds/lib/libdswifi9.a(wifi_arm9.o)
                0x0000000002002c80                Wifi_DisconnectAP
 .text.Wifi_ConnectAP
                0x0000000002002cac      0x10c /home/james/devkitPro/libnds/lib/libdswifi9.a(wifi_arm9.o)
                0x0000000002002cac                Wifi_ConnectAP
 .text.Wifi_Init
                0x0000000002002db8       0x7c /home/james/devkitPro/libnds/lib/libdswifi9.a(wifi_arm9.o)
                0x0000000002002db8                Wifi_Init
 .text.Wifi_CheckInit
                0x0000000002002e34       0x20 /home/james/devkitPro/libnds/lib/libdswifi9.a(wifi_arm9.o)
                0x0000000002002e34                Wifi_CheckInit
 .text.Wifi_Update
                0x0000000002002e54      0x240 /home/james/devkitPro/libnds/lib/libdswifi9.a(wifi_arm9.o)
                0x0000000002002e54                Wifi_Update
 .text.Wifi_Timer
                0x0000000002003094       0x10 /home/james/devkitPro/libnds/lib/libdswifi9.a(wifi_arm9.o)
                0x0000000002003094                Wifi_Timer
 .text.Timer_50ms
                0x00000000020030a4        0xa /home/james/devkitPro/libnds/lib/libdswifi9.a(wifi_arm9.o)
                0x00000000020030a4                Timer_50ms
 *fill*         0x00000000020030ae        0x2 ff
 .text.Wifi_GetIP
                0x00000000020030b0       0x10 /home/james/devkitPro/libnds/lib/libdswifi9.a(wifi_arm9.o)
                0x00000000020030b0                Wifi_GetIP
 .text.Wifi_SetIP
                0x00000000020030c0       0x24 /home/james/devkitPro/libnds/lib/libdswifi9.a(wifi_arm9.o)
                0x00000000020030c0                Wifi_SetIP
 .text.Wifi_AssocStatus
                0x00000000020030e4      0x308 /home/james/devkitPro/libnds/lib/libdswifi9.a(wifi_arm9.o)
                0x00000000020030e4                Wifi_AssocStatus
 .text.Wifi_Sync
                0x00000000020033ec       0x1c /home/james/devkitPro/libnds/lib/libdswifi9.a(wifi_arm9.o)
                0x00000000020033ec                Wifi_Sync
 .text.wifiValue32Handler
                0x0000000002003408        0xc /home/james/devkitPro/libnds/lib/libdswifi9.a(wifi_arm9.o)
                0x0000000002003408                wifiValue32Handler
 .text.Wifi_InitDefault
                0x0000000002003414       0x8c /home/james/devkitPro/libnds/lib/libdswifi9.a(wifi_arm9.o)
                0x0000000002003414                Wifi_InitDefault
 .text.sgIP_sockets_Init
                0x00000000020034a0       0x20 /home/james/devkitPro/libnds/lib/libdswifi9.a(sgIP_sockets.o)
                0x00000000020034a0                sgIP_sockets_Init
 .text.socket   0x00000000020034c0       0x90 /home/james/devkitPro/libnds/lib/libdswifi9.a(sgIP_sockets.o)
                0x00000000020034c0                socket
 .text.forceclosesocket
                0x0000000002003550       0x5c /home/james/devkitPro/libnds/lib/libdswifi9.a(sgIP_sockets.o)
                0x0000000002003550                forceclosesocket
 .text.sgIP_sockets_Timer1000ms
                0x00000000020035ac       0x54 /home/james/devkitPro/libnds/lib/libdswifi9.a(sgIP_sockets.o)
                0x00000000020035ac                sgIP_sockets_Timer1000ms
 .text.bind     0x0000000002003600       0x68 /home/james/devkitPro/libnds/lib/libdswifi9.a(sgIP_sockets.o)
                0x0000000002003600                bind
 .text.sendto   0x0000000002003668       0x74 /home/james/devkitPro/libnds/lib/libdswifi9.a(sgIP_sockets.o)
                0x0000000002003668                sendto
 .text.recvfrom
                0x00000000020036dc       0xac /home/james/devkitPro/libnds/lib/libdswifi9.a(sgIP_sockets.o)
                0x00000000020036dc                recvfrom
 .text.shutdown
                0x0000000002003788       0x5c /home/james/devkitPro/libnds/lib/libdswifi9.a(sgIP_sockets.o)
                0x0000000002003788                shutdown
 .text.closesocket
                0x00000000020037e4       0x94 /home/james/devkitPro/libnds/lib/libdswifi9.a(sgIP_sockets.o)
                0x00000000020037e4                closesocket
 .text.ioctl    0x0000000002003878       0xb0 /home/james/devkitPro/libnds/lib/libdswifi9.a(sgIP_sockets.o)
                0x0000000002003878                ioctl
 .text.sgIP_memblock_Init
                0x0000000002003928        0x2 /home/james/devkitPro/libnds/lib/libdswifi9.a(sgIP_memblock.o)
                0x0000000002003928                sgIP_memblock_Init
 .text.sgIP_memblock_allocHW
                0x000000000200392a       0x24 /home/james/devkitPro/libnds/lib/libdswifi9.a(sgIP_memblock.o)
                0x000000000200392a                sgIP_memblock_allocHW
 .text.sgIP_memblock_alloc
                0x000000000200394e        0xc /home/james/devkitPro/libnds/lib/libdswifi9.a(sgIP_memblock.o)
                0x000000000200394e                sgIP_memblock_alloc
 *fill*         0x000000000200395a        0x2 ff
 .text.sgIP_memblock_free
                0x000000000200395c       0x28 /home/james/devkitPro/libnds/lib/libdswifi9.a(sgIP_memblock.o)
                0x000000000200395c                sgIP_memblock_free
 .text.sgIP_memblock_exposeheader
                0x0000000002003984       0x26 /home/james/devkitPro/libnds/lib/libdswifi9.a(sgIP_memblock.o)
                0x0000000002003984                sgIP_memblock_exposeheader
 .text.sgIP_memblock_trimsize
                0x00000000020039aa       0x2e /home/james/devkitPro/libnds/lib/libdswifi9.a(sgIP_memblock.o)
                0x00000000020039aa                sgIP_memblock_trimsize
 .text.sgIP_memblock_IPChecksum
                0x00000000020039d8       0x92 /home/james/devkitPro/libnds/lib/libdswifi9.a(sgIP_memblock.o)
                0x00000000020039d8                sgIP_memblock_IPChecksum
 .text.sgIP_memblock_CopyToLinear
                0x0000000002003a6a       0x5a /home/james/devkitPro/libnds/lib/libdswifi9.a(sgIP_memblock.o)
                0x0000000002003a6a                sgIP_memblock_CopyToLinear
 .text.sgIP_memblock_CopyFromLinear
                0x0000000002003ac4       0x5a /home/james/devkitPro/libnds/lib/libdswifi9.a(sgIP_memblock.o)
                0x0000000002003ac4                sgIP_memblock_CopyFromLinear
 *fill*         0x0000000002003b1e        0x2 ff
 .text.sgIP_TCP_Init
                0x0000000002003b20       0x34 /home/james/devkitPro/libnds/lib/libdswifi9.a(sgIP_TCP.o)
                0x0000000002003b20                sgIP_TCP_Init
 .text.sgIP_TCP_support_seqhash
                0x0000000002003b54       0x4c /home/james/devkitPro/libnds/lib/libdswifi9.a(sgIP_TCP.o)
                0x0000000002003b54                sgIP_TCP_support_seqhash
 .text.sgIP_TCP_CalcChecksum
                0x0000000002003ba0       0x58 /home/james/devkitPro/libnds/lib/libdswifi9.a(sgIP_TCP.o)
                0x0000000002003ba0                sgIP_TCP_CalcChecksum
 .text.sgIP_TCP_GenHeader
                0x0000000002003bf8       0x98 /home/james/devkitPro/libnds/lib/libdswifi9.a(sgIP_TCP.o)
                0x0000000002003bf8                sgIP_TCP_GenHeader
 .text.sgIP_TCP_FixChecksum
                0x0000000002003c90       0x60 /home/james/devkitPro/libnds/lib/libdswifi9.a(sgIP_TCP.o)
                0x0000000002003c90                sgIP_TCP_FixChecksum
 .text.sgIP_TCP_SendPacket
                0x0000000002003cf0       0xc0 /home/james/devkitPro/libnds/lib/libdswifi9.a(sgIP_TCP.o)
                0x0000000002003cf0                sgIP_TCP_SendPacket
 .text.sgIP_TCP_SendSynReply
                0x0000000002003db0       0xa4 /home/james/devkitPro/libnds/lib/libdswifi9.a(sgIP_TCP.o)
                0x0000000002003db0                sgIP_TCP_SendSynReply
 .text.sgIP_TCP_Timer
                0x0000000002003e54      0x1c4 /home/james/devkitPro/libnds/lib/libdswifi9.a(sgIP_TCP.o)
                0x0000000002003e54                sgIP_TCP_Timer
 .text.sgIP_TCP_AllocRecord
                0x0000000002004018       0x48 /home/james/devkitPro/libnds/lib/libdswifi9.a(sgIP_TCP.o)
                0x0000000002004018                sgIP_TCP_AllocRecord
 .text.sgIP_TCP_ReceivePacket
                0x0000000002004060      0x518 /home/james/devkitPro/libnds/lib/libdswifi9.a(sgIP_TCP.o)
                0x0000000002004060                sgIP_TCP_ReceivePacket
 .text.sgIP_TCP_FreeRecord
                0x0000000002004578       0xc8 /home/james/devkitPro/libnds/lib/libdswifi9.a(sgIP_TCP.o)
                0x0000000002004578                sgIP_TCP_FreeRecord
 .text.sgIP_TCP_Bind
                0x0000000002004640       0x28 /home/james/devkitPro/libnds/lib/libdswifi9.a(sgIP_TCP.o)
                0x0000000002004640                sgIP_TCP_Bind
 .text.sgIP_TCP_Close
                0x0000000002004668       0x30 /home/james/devkitPro/libnds/lib/libdswifi9.a(sgIP_TCP.o)
                0x0000000002004668                sgIP_TCP_Close
 .text.sgIP_Hub_Init
                0x0000000002004698       0x14 /home/james/devkitPro/libnds/lib/libdswifi9.a(sgIP_Hub.o)
                0x0000000002004698                sgIP_Hub_Init
 .text.sgIP_Hub_AddProtocolInterface
                0x00000000020046ac       0x40 /home/james/devkitPro/libnds/lib/libdswifi9.a(sgIP_Hub.o)
                0x00000000020046ac                sgIP_Hub_AddProtocolInterface
 .text.sgIP_Hub_AddHardwareInterface
                0x00000000020046ec       0x3c /home/james/devkitPro/libnds/lib/libdswifi9.a(sgIP_Hub.o)
                0x00000000020046ec                sgIP_Hub_AddHardwareInterface
 .text.sgIP_Hub_ReceiveHardwarePacket
                0x0000000002004728       0x5c /home/james/devkitPro/libnds/lib/libdswifi9.a(sgIP_Hub.o)
                0x0000000002004728                sgIP_Hub_ReceiveHardwarePacket
 .text.sgIP_Hub_SendProtocolPacket
                0x0000000002004784       0x40 /home/james/devkitPro/libnds/lib/libdswifi9.a(sgIP_Hub.o)
                0x0000000002004784                sgIP_Hub_SendProtocolPacket
 .text.sgIP_Hub_SendRawPacket
                0x00000000020047c4       0x24 /home/james/devkitPro/libnds/lib/libdswifi9.a(sgIP_Hub.o)
                0x00000000020047c4                sgIP_Hub_SendRawPacket
 .text.sgIP_Hub_IPMaxMessageSize
                0x00000000020047e8        0x8 /home/james/devkitPro/libnds/lib/libdswifi9.a(sgIP_Hub.o)
                0x00000000020047e8                sgIP_Hub_IPMaxMessageSize
 .text.sgIP_Hub_GetCompatibleIP
                0x00000000020047f0       0x14 /home/james/devkitPro/libnds/lib/libdswifi9.a(sgIP_Hub.o)
                0x00000000020047f0                sgIP_Hub_GetCompatibleIP
 .text.htons    0x0000000002004804        0xc /home/james/devkitPro/libnds/lib/libdswifi9.a(sgIP_Hub.o)
                0x0000000002004804                htons
 .text.htonl    0x0000000002004810       0x1c /home/james/devkitPro/libnds/lib/libdswifi9.a(sgIP_Hub.o)
                0x0000000002004810                htonl
 .text.sgIP_DNS_Init
                0x000000000200482c       0x40 /home/james/devkitPro/libnds/lib/libdswifi9.a(sgIP_DNS.o)
                0x000000000200482c                sgIP_DNS_Init
 .text.sgIP_DNS_Timer1000ms
                0x000000000200486c       0x40 /home/james/devkitPro/libnds/lib/libdswifi9.a(sgIP_DNS.o)
                0x000000000200486c                sgIP_DNS_Timer1000ms
 .text.sgIP_DNS_isipaddress
                0x00000000020048ac      0x198 /home/james/devkitPro/libnds/lib/libdswifi9.a(sgIP_DNS.o)
                0x00000000020048ac                sgIP_DNS_isipaddress
 .text.sgIP_DNS_GetUnusedRecord
                0x0000000002004a44       0x8c /home/james/devkitPro/libnds/lib/libdswifi9.a(sgIP_DNS.o)
                0x0000000002004a44                sgIP_DNS_GetUnusedRecord
 .text.inet_aton
                0x0000000002004ad0       0x16 /home/james/devkitPro/libnds/lib/libdswifi9.a(sgIP_DNS.o)
                0x0000000002004ad0                inet_aton
 *fill*         0x0000000002004ae6        0x2 ff
 .text.sgIP_DHCP_Init
                0x0000000002004ae8       0x40 /home/james/devkitPro/libnds/lib/libdswifi9.a(sgIP_DHCP.o)
                0x0000000002004ae8                sgIP_DHCP_Init
 .text.sgIP_DHCP_SendDgram
                0x0000000002004b28       0x6c /home/james/devkitPro/libnds/lib/libdswifi9.a(sgIP_DHCP.o)
                0x0000000002004b28                sgIP_DHCP_SendDgram
 .text.sgIP_DHCP_BeginDgram
                0x0000000002004b94      0x1dc /home/james/devkitPro/libnds/lib/libdswifi9.a(sgIP_DHCP.o)
                0x0000000002004b94                sgIP_DHCP_BeginDgram
 .text.sgIP_DHCP_Terminate
                0x0000000002004d70       0x34 /home/james/devkitPro/libnds/lib/libdswifi9.a(sgIP_DHCP.o)
                0x0000000002004d70                sgIP_DHCP_Terminate
 .text.sgIP_DHCP_Start
                0x0000000002004da4       0xc0 /home/james/devkitPro/libnds/lib/libdswifi9.a(sgIP_DHCP.o)
                0x0000000002004da4                sgIP_DHCP_Start
 .text.sgIP_DHCP_Update
                0x0000000002004e64      0x3dc /home/james/devkitPro/libnds/lib/libdswifi9.a(sgIP_DHCP.o)
                0x0000000002004e64                sgIP_DHCP_Update
 .text.gethostname
                0x0000000002005240       0x34 /home/james/devkitPro/libnds/lib/libdswifi9.a(sgIP_DHCP.o)
                0x0000000002005240                gethostname
 .text.sgIP_UDP_Init
                0x0000000002005274       0x1c /home/james/devkitPro/libnds/lib/libdswifi9.a(sgIP_UDP.o)
                0x0000000002005274                sgIP_UDP_Init
 .text.sgIP_UDP_GetUnusedOutgoingPort
                0x0000000002005290       0x58 /home/james/devkitPro/libnds/lib/libdswifi9.a(sgIP_UDP.o)
                0x0000000002005290                sgIP_UDP_GetUnusedOutgoingPort
 .text.sgIP_UDP_CalcChecksum
                0x00000000020052e8       0x68 /home/james/devkitPro/libnds/lib/libdswifi9.a(sgIP_UDP.o)
                0x00000000020052e8                sgIP_UDP_CalcChecksum
 .text.sgIP_UDP_ReceivePacket
                0x0000000002005350       0x9c /home/james/devkitPro/libnds/lib/libdswifi9.a(sgIP_UDP.o)
                0x0000000002005350                sgIP_UDP_ReceivePacket
 .text.sgIP_UDP_SendPacket
                0x00000000020053ec       0xd4 /home/james/devkitPro/libnds/lib/libdswifi9.a(sgIP_UDP.o)
                0x00000000020053ec                sgIP_UDP_SendPacket
 .text.sgIP_UDP_AllocRecord
                0x00000000020054c0       0x38 /home/james/devkitPro/libnds/lib/libdswifi9.a(sgIP_UDP.o)
                0x00000000020054c0                sgIP_UDP_AllocRecord
 .text.sgIP_UDP_FreeRecord
                0x00000000020054f8       0x4c /home/james/devkitPro/libnds/lib/libdswifi9.a(sgIP_UDP.o)
                0x00000000020054f8                sgIP_UDP_FreeRecord
 .text.sgIP_UDP_Bind
                0x0000000002005544       0x38 /home/james/devkitPro/libnds/lib/libdswifi9.a(sgIP_UDP.o)
                0x0000000002005544                sgIP_UDP_Bind
 .text.sgIP_UDP_RecvFrom
                0x000000000200557c       0xbc /home/james/devkitPro/libnds/lib/libdswifi9.a(sgIP_UDP.o)
                0x000000000200557c                sgIP_UDP_RecvFrom
 .text.sgIP_UDP_SendTo
                0x0000000002005638        0xe /home/james/devkitPro/libnds/lib/libdswifi9.a(sgIP_UDP.o)
                0x0000000002005638                sgIP_UDP_SendTo
 *fill*         0x0000000002005646        0x2 ff
 .text.sgIP_Init
                0x0000000002005648       0x3c /home/james/devkitPro/libnds/lib/libdswifi9.a(sgIP.o)
                0x0000000002005648                sgIP_Init
 .text.sgIP_Timer
                0x0000000002005684       0x6c /home/james/devkitPro/libnds/lib/libdswifi9.a(sgIP.o)
                0x0000000002005684                sgIP_Timer
 .text.sgIP_FindArpSlot
                0x00000000020056f0       0x2c /home/james/devkitPro/libnds/lib/libdswifi9.a(sgIP_ARP.o)
                0x00000000020056f0                sgIP_FindArpSlot
 .text.sgIP_GetArpSlot
                0x000000000200571c       0x48 /home/james/devkitPro/libnds/lib/libdswifi9.a(sgIP_ARP.o)
                0x000000000200571c                sgIP_GetArpSlot
 .text.sgIP_ARP_Init
                0x0000000002005764       0x20 /home/james/devkitPro/libnds/lib/libdswifi9.a(sgIP_ARP.o)
                0x0000000002005764                sgIP_ARP_Init
 .text.sgIP_ARP_FlushInterface
                0x0000000002005784       0x28 /home/james/devkitPro/libnds/lib/libdswifi9.a(sgIP_ARP.o)
                0x0000000002005784                sgIP_ARP_FlushInterface
 .text.sgIP_ARP_SendARPResponse
                0x00000000020057ac       0xd0 /home/james/devkitPro/libnds/lib/libdswifi9.a(sgIP_ARP.o)
                0x00000000020057ac                sgIP_ARP_SendARPResponse
 .text.sgIP_ARP_SendGratARP
                0x000000000200587c       0xe0 /home/james/devkitPro/libnds/lib/libdswifi9.a(sgIP_ARP.o)
                0x000000000200587c                sgIP_ARP_SendGratARP
 .text.sgIP_ARP_SendARPRequest
                0x000000000200595c       0xc8 /home/james/devkitPro/libnds/lib/libdswifi9.a(sgIP_ARP.o)
                0x000000000200595c                sgIP_ARP_SendARPRequest
 .text.sgIP_ARP_Timer100ms
                0x0000000002005a24       0x58 /home/james/devkitPro/libnds/lib/libdswifi9.a(sgIP_ARP.o)
                0x0000000002005a24                sgIP_ARP_Timer100ms
 .text.sgIP_ARP_SendProtocolFrame
                0x0000000002005a7c       0xec /home/james/devkitPro/libnds/lib/libdswifi9.a(sgIP_ARP.o)
                0x0000000002005a7c                sgIP_ARP_SendProtocolFrame
 .text.sgIP_ARP_ProcessARPFrame
                0x0000000002005b68       0xd8 /home/james/devkitPro/libnds/lib/libdswifi9.a(sgIP_ARP.o)
                0x0000000002005b68                sgIP_ARP_ProcessARPFrame
 .text.sgIP_IP_ReceivePacket
                0x0000000002005c40       0x94 /home/james/devkitPro/libnds/lib/libdswifi9.a(sgIP_IP.o)
                0x0000000002005c40                sgIP_IP_ReceivePacket
 .text.sgIP_IP_MaxContentsSize
                0x0000000002005cd4        0xa /home/james/devkitPro/libnds/lib/libdswifi9.a(sgIP_IP.o)
                0x0000000002005cd4                sgIP_IP_MaxContentsSize
 .text.sgIP_IP_RequiredHeaderSize
                0x0000000002005cde        0x4 /home/james/devkitPro/libnds/lib/libdswifi9.a(sgIP_IP.o)
                0x0000000002005cde                sgIP_IP_RequiredHeaderSize
 *fill*         0x0000000002005ce2        0x2 ff
 .text.sgIP_IP_SendViaIP
                0x0000000002005ce4       0x8c /home/james/devkitPro/libnds/lib/libdswifi9.a(sgIP_IP.o)
                0x0000000002005ce4                sgIP_IP_SendViaIP
 .text.sgIP_IP_GetLocalBindAddr
                0x0000000002005d70        0xe /home/james/devkitPro/libnds/lib/libdswifi9.a(sgIP_IP.o)
                0x0000000002005d70                sgIP_IP_GetLocalBindAddr
 *fill*         0x0000000002005d7e        0x2 ff
 .text.sgIP_ICMP_ReceivePacket
                0x0000000002005d80       0x64 /home/james/devkitPro/libnds/lib/libdswifi9.a(sgIP_ICMP.o)
                0x0000000002005d80                sgIP_ICMP_ReceivePacket
 .text.newRow   0x0000000002005de4       0xb4 /home/james/devkitPro/libnds/lib/libnds9.a(console.o)
 .text.consoleSelect
                0x0000000002005e98       0x10 /home/james/devkitPro/libnds/lib/libnds9.a(console.o)
                0x0000000002005e98                consoleSelect
 .text.consolePrintChar
                0x0000000002005ea8       0xf4 /home/james/devkitPro/libnds/lib/libnds9.a(console.o)
                0x0000000002005ea8                consolePrintChar
 .text.consoleCls
                0x0000000002005f9c       0xec /home/james/devkitPro/libnds/lib/libnds9.a(console.o)
 .text.consoleLoadFont
                0x0000000002006088      0x27c /home/james/devkitPro/libnds/lib/libnds9.a(console.o)
                0x0000000002006088                consoleLoadFont
 .text.consoleInit
                0x0000000002006304      0x16c /home/james/devkitPro/libnds/lib/libnds9.a(console.o)
                0x0000000002006304                consoleInit
 .text.con_write
                0x0000000002006470      0x2ac /home/james/devkitPro/libnds/lib/libnds9.a(console.o)
                0x0000000002006470                con_write
 .text.consoleClear
                0x000000000200671c       0x10 /home/james/devkitPro/libnds/lib/libnds9.a(console.o)
                0x000000000200671c                consoleClear
 .text.touchRead
                0x000000000200672c       0x24 /home/james/devkitPro/libnds/lib/libnds9.a(touch.o)
                0x000000000200672c                touchRead
 .text.checkIfText.part.0
                0x0000000002006750       0x3c /home/james/devkitPro/libnds/lib/libnds9.a(background.o)
 .text.bgUpdate
                0x000000000200678c       0xf0 /home/james/devkitPro/libnds/lib/libnds9.a(background.o)
                0x000000000200678c                bgUpdate
 .text.bgInit_call
                0x000000000200687c       0xf4 /home/james/devkitPro/libnds/lib/libnds9.a(background.o)
                0x000000000200687c                bgInit_call
 .text.bgInitSub_call
                0x0000000002006970       0xf8 /home/james/devkitPro/libnds/lib/libnds9.a(background.o)
                0x0000000002006970                bgInitSub_call
 .text.sinLerp  0x0000000002006a68       0x98 /home/james/devkitPro/libnds/lib/libnds9.a(trig.o)
                0x0000000002006a68                sinLerp
 .text.cosLerp  0x0000000002006b00       0x14 /home/james/devkitPro/libnds/lib/libnds9.a(trig.o)
                0x0000000002006b00                cosLerp
 .text.keyboardGetKey
                0x0000000002006b14       0x4c /home/james/devkitPro/libnds/lib/libnds9.a(keyboard.o)
                0x0000000002006b14                keyboardGetKey
 .text.keyboardShiftState
                0x0000000002006b60       0x98 /home/james/devkitPro/libnds/lib/libnds9.a(keyboard.o)
                0x0000000002006b60                keyboardShiftState
 .text.swapKeyGfx
                0x0000000002006bf8      0x148 /home/james/devkitPro/libnds/lib/libnds9.a(keyboard.o)
                0x0000000002006bf8                swapKeyGfx
 .text.keyboardUpdate
                0x0000000002006d40      0x134 /home/james/devkitPro/libnds/lib/libnds9.a(keyboard.o)
                0x0000000002006d40                keyboardUpdate
 .text.keyboardInit
                0x0000000002006e74      0x1fc /home/james/devkitPro/libnds/lib/libnds9.a(keyboard.o)
                0x0000000002006e74                keyboardInit
 .text.keyboardDemoInit
                0x0000000002007070       0x2c /home/james/devkitPro/libnds/lib/libnds9.a(keyboard.o)
                0x0000000002007070                keyboardDemoInit
 .text.keyboardShow
                0x000000000200709c       0xd4 /home/james/devkitPro/libnds/lib/libnds9.a(keyboard.o)
                0x000000000200709c                keyboardShow
 .text.keyboardHide
                0x0000000002007170       0x90 /home/james/devkitPro/libnds/lib/libnds9.a(keyboard.o)
                0x0000000002007170                keyboardHide
 .text.keyboardRead
                0x0000000002007200       0xc4 /home/james/devkitPro/libnds/lib/libnds9.a(keyboard.o)
                0x0000000002007200                keyboardRead
 .text.scanKeys
                0x00000000020072c4       0x90 /home/james/devkitPro/libnds/lib/libnds9.a(keys.o)
                0x00000000020072c4                scanKeys
 .text.keysHeld
                0x0000000002007354        0xc /home/james/devkitPro/libnds/lib/libnds9.a(keys.o)
                0x0000000002007354                keysHeld
 .text.keysDown
                0x0000000002007360       0x14 /home/james/devkitPro/libnds/lib/libnds9.a(keys.o)
                0x0000000002007360                keysDown
 .text.keysCurrent
                0x0000000002007374       0x38 /home/james/devkitPro/libnds/lib/libnds9.a(keys.o)
                0x0000000002007374                keysCurrent
 .text.initSystem
                0x00000000020073ac      0x194 /home/james/devkitPro/libnds/lib/libnds9.a(initSystem.o)
                0x00000000020073ac                initSystem
 .text.__libnds_gtod
                0x0000000002007540       0x24 /home/james/devkitPro/libnds/lib/libnds9.a(timeSupport.o)
                0x0000000002007540                __libnds_gtod
 .text.irqDummy
                0x0000000002007564        0x4 /home/james/devkitPro/libnds/lib/libnds9.a(interrupts.o)
                0x0000000002007564                irqDummy
 .text.irqSet   0x0000000002007568       0x6c /home/james/devkitPro/libnds/lib/libnds9.a(interrupts.o)
                0x0000000002007568                irqSet
 .text.irqInit  0x00000000020075d4       0x50 /home/james/devkitPro/libnds/lib/libnds9.a(interrupts.o)
                0x00000000020075d4                irqInit
 .text.irqEnable
                0x0000000002007624       0x64 /home/james/devkitPro/libnds/lib/libnds9.a(interrupts.o)
                0x0000000002007624                irqEnable
 .text.irqDisable
                0x0000000002007688       0x64 /home/james/devkitPro/libnds/lib/libnds9.a(interrupts.o)
                0x0000000002007688                irqDisable
 .text.systemErrorExit
                0x00000000020076ec        0x4 /home/james/devkitPro/libnds/lib/libnds9.a(libnds_exit.arm.o)
                0x00000000020076ec                systemErrorExit
 .text.__libnds_exit
                0x00000000020076f0       0x5c /home/james/devkitPro/libnds/lib/libnds9.a(libnds_exit.arm.o)
                0x00000000020076f0                __libnds_exit
 .text.__timeoutvbl
                0x000000000200774c       0x10 /home/james/devkitPro/libnds/lib/libnds9.a(fifosystem.o)
 .text.fifo_allocBlock.part.0
                0x000000000200775c       0x34 /home/james/devkitPro/libnds/lib/libnds9.a(fifosystem.o)
 .text.fifo_waitBlock
                0x0000000002007790       0x48 /home/james/devkitPro/libnds/lib/libnds9.a(fifosystem.o)
 .text.fifoInternalSendInterrupt
                0x00000000020077d8       0x9c /home/james/devkitPro/libnds/lib/libnds9.a(fifosystem.o)
 .text.fifoInternalSend.part.2
                0x0000000002007874       0xd8 /home/james/devkitPro/libnds/lib/libnds9.a(fifosystem.o)
 .text.fifoGetValue32.part.3
                0x000000000200794c       0x74 /home/james/devkitPro/libnds/lib/libnds9.a(fifosystem.o)
 .text.fifoSetValue32Handler
                0x00000000020079c0       0x74 /home/james/devkitPro/libnds/lib/libnds9.a(fifosystem.o)
                0x00000000020079c0                fifoSetValue32Handler
 .text.fifoSendAddress
                0x0000000002007a34       0x38 /home/james/devkitPro/libnds/lib/libnds9.a(fifosystem.o)
                0x0000000002007a34                fifoSendAddress
 .text.fifoSendValue32
                0x0000000002007a6c       0x50 /home/james/devkitPro/libnds/lib/libnds9.a(fifosystem.o)
                0x0000000002007a6c                fifoSendValue32
 .text.fifoGetDatamsg
                0x0000000002007abc      0x148 /home/james/devkitPro/libnds/lib/libnds9.a(fifosystem.o)
                0x0000000002007abc                fifoGetDatamsg
 .text.fifoInternalRecvInterrupt
                0x0000000002007c04      0x460 /home/james/devkitPro/libnds/lib/libnds9.a(fifosystem.o)
 .text.fifoSetDatamsgHandler
                0x0000000002008064       0x9c /home/james/devkitPro/libnds/lib/libnds9.a(fifosystem.o)
                0x0000000002008064                fifoSetDatamsgHandler
 .text.fifoInit
                0x0000000002008100      0x1cc /home/james/devkitPro/libnds/lib/libnds9.a(fifosystem.o)
                0x0000000002008100                fifoInit
 .text.DC_FlushAll
                0x00000000020082cc       0x2c /home/james/devkitPro/libnds/lib/libnds9.a(dcache.o)
                0x00000000020082cc                DC_FlushAll
 .text.DC_FlushRange
                0x00000000020082f8       0x24 /home/james/devkitPro/libnds/lib/libnds9.a(dcache.o)
                0x00000000020082f8                DC_FlushRange
 .text.__libnds_mpu_setup
                0x000000000200831c      0x174 /home/james/devkitPro/libnds/lib/libnds9.a(mpu_setup.o)
                0x000000000200831c                __libnds_mpu_setup
 .text.memUncached
                0x0000000002008490       0x20 /home/james/devkitPro/libnds/lib/libnds9.a(mpu_setup.o)
                0x0000000002008490                memUncached
 .text.swiWaitForVBlank
                0x00000000020084b0        0x8 /home/james/devkitPro/libnds/lib/libnds9.a(IntrWait.o)
                0x00000000020084b0                swiWaitForVBlank
 .text.swiIntrWait
                0x00000000020084b8       0x64 /home/james/devkitPro/libnds/lib/libnds9.a(IntrWait.o)
                0x00000000020084b8                swiIntrWait
 .text.setCpuClock
                0x000000000200851c       0x50 /home/james/devkitPro/libnds/lib/libnds9.a(cpu_clock.o)
                0x000000000200851c                setCpuClock
 .text.swiSoftReset
                0x000000000200856c       0x2c /home/james/devkitPro/libnds/lib/libnds9.a(swiSoftReset.o)
                0x000000000200856c                swiSoftReset
 .text.vramDefault
                0x0000000002008598       0xd0 /home/james/devkitPro/libnds/lib/libnds9.a(video.o)
                0x0000000002008598                vramDefault
 .text.systemValueHandler
                0x0000000002008668       0x48 /home/james/devkitPro/libnds/lib/libnds9.a(system.o)
                0x0000000002008668                systemValueHandler
 .text.systemMsgHandler
                0x00000000020086b0       0x5c /home/james/devkitPro/libnds/lib/libnds9.a(system.o)
                0x00000000020086b0                systemMsgHandler
 .text.powerOn  0x000000000200870c       0x2c /home/james/devkitPro/libnds/lib/libnds9.a(system.o)
                0x000000000200870c                powerOn
 .text.getHeader
                0x0000000002008738        0x4 /home/james/devkitPro/libnds/lib/libnds9.a(decompress.o)
                0x0000000002008738                getHeader
 .text.readByte
                0x000000000200873c        0x4 /home/james/devkitPro/libnds/lib/libnds9.a(decompress.o)
                0x000000000200873c                readByte
 .text.decompress
                0x0000000002008740       0x40 /home/james/devkitPro/libnds/lib/libnds9.a(decompress.o)
                0x0000000002008740                decompress
 .text.swiDecompressLZSSVram
                0x0000000002008780       0x1c /home/james/devkitPro/libnds/lib/libnds9.a(syscalls.o)
                0x0000000002008780                swiDecompressLZSSVram
 .text.swiDelay
                0x000000000200879c        0x4 /home/james/devkitPro/libnds/lib/libnds9.a(biosCalls.o)
                0x000000000200879c                swiDelay
 .text.swiDecompressLZSSWram
                0x00000000020087a0        0x4 /home/james/devkitPro/libnds/lib/libnds9.a(biosCalls.o)
                0x00000000020087a0                swiDecompressLZSSWram
 .text.swiDecompressLZSSVramNTR
                0x00000000020087a4        0x4 /home/james/devkitPro/libnds/lib/libnds9.a(biosCalls.o)
                0x00000000020087a4                swiDecompressLZSSVramNTR
 .text.swiDecompressLZSSVramTWL
                0x00000000020087a8        0x4 /home/james/devkitPro/libnds/lib/libnds9.a(biosCalls.o)
                0x00000000020087a8                swiDecompressLZSSVramTWL
 .text.swiDecompressHuffman
                0x00000000020087ac        0x4 /home/james/devkitPro/libnds/lib/libnds9.a(biosCalls.o)
                0x00000000020087ac                swiDecompressHuffman
 .text.swiDecompressRLEWram
                0x00000000020087b0        0x4 /home/james/devkitPro/libnds/lib/libnds9.a(biosCalls.o)
                0x00000000020087b0                swiDecompressRLEWram
 .text.swiDecompressRLEVram
                0x00000000020087b4        0x4 /home/james/devkitPro/libnds/lib/libnds9.a(biosCalls.o)
                0x00000000020087b4                swiDecompressRLEVram
 .text.__errno  0x00000000020087b8        0xc /home/james/devkitPro/devkitARM/bin/../lib/gcc/arm-none-eabi/6.3.0/../../../../arm-none-eabi/lib/thumb/libg.a(lib_a-errno.o)
                0x00000000020087b8                __errno
 .text.__libc_init_array
                0x00000000020087c4       0x58 /home/james/devkitPro/devkitARM/bin/../lib/gcc/arm-none-eabi/6.3.0/../../../../arm-none-eabi/lib/thumb/libg.a(lib_a-init.o)
                0x00000000020087c4                __libc_init_array
 .text.iprintf  0x000000000200881c       0x24 /home/james/devkitPro/devkitARM/bin/../lib/gcc/arm-none-eabi/6.3.0/../../../../arm-none-eabi/lib/thumb/libg.a(lib_a-iprintf.o)
                0x000000000200881c                iprintf
 .text.malloc   0x0000000002008840       0x14 /home/james/devkitPro/devkitARM/bin/../lib/gcc/arm-none-eabi/6.3.0/../../../../arm-none-eabi/lib/thumb/libg.a(lib_a-malloc.o)
                0x0000000002008840                malloc
 .text.free     0x0000000002008854       0x14 /home/james/devkitPro/devkitARM/bin/../lib/gcc/arm-none-eabi/6.3.0/../../../../arm-none-eabi/lib/thumb/libg.a(lib_a-malloc.o)
                0x0000000002008854                free
 .text._malloc_r
                0x0000000002008868      0x560 /home/james/devkitPro/devkitARM/bin/../lib/gcc/arm-none-eabi/6.3.0/../../../../arm-none-eabi/lib/thumb/libg.a(lib_a-mallocr.o)
                0x0000000002008868                _malloc_r
 .text.memcpy   0x0000000002008dc8       0x88 /home/james/devkitPro/devkitARM/bin/../lib/gcc/arm-none-eabi/6.3.0/../../../../arm-none-eabi/lib/thumb/libg.a(lib_a-memcpy-stub.o)
                0x0000000002008dc8                memcpy
 .text.memset   0x0000000002008e50       0x9c /home/james/devkitPro/devkitARM/bin/../lib/gcc/arm-none-eabi/6.3.0/../../../../arm-none-eabi/lib/thumb/libg.a(lib_a-memset.o)
                0x0000000002008e50                memset
 .text.__malloc_lock
                0x0000000002008eec       0x14 /home/james/devkitPro/devkitARM/bin/../lib/gcc/arm-none-eabi/6.3.0/../../../../arm-none-eabi/lib/thumb/libg.a(lib_a-mlock.o)
                0x0000000002008eec                __malloc_lock
 .text.__malloc_unlock
                0x0000000002008f00       0x14 /home/james/devkitPro/devkitARM/bin/../lib/gcc/arm-none-eabi/6.3.0/../../../../arm-none-eabi/lib/thumb/libg.a(lib_a-mlock.o)
                0x0000000002008f00                __malloc_unlock
 .text._perror_r
                0x0000000002008f14       0x4c /home/james/devkitPro/devkitARM/bin/../lib/gcc/arm-none-eabi/6.3.0/../../../../arm-none-eabi/lib/thumb/libg.a(lib_a-perror.o)
                0x0000000002008f14                _perror_r
 .text.perror   0x0000000002008f60       0x14 /home/james/devkitPro/devkitARM/bin/../lib/gcc/arm-none-eabi/6.3.0/../../../../arm-none-eabi/lib/thumb/libg.a(lib_a-perror.o)
                0x0000000002008f60                perror
 .text.scanf    0x0000000002008f74       0x24 /home/james/devkitPro/devkitARM/bin/../lib/gcc/arm-none-eabi/6.3.0/../../../../arm-none-eabi/lib/thumb/libg.a(lib_a-scanf.o)
                0x0000000002008f74                scanf
 .text.setvbuf  0x0000000002008f98      0x1a4 /home/james/devkitPro/devkitARM/bin/../lib/gcc/arm-none-eabi/6.3.0/../../../../arm-none-eabi/lib/thumb/libg.a(lib_a-setvbuf.o)
                0x0000000002008f98                setvbuf
 .text.siscanf  0x000000000200913c       0x4c /home/james/devkitPro/devkitARM/bin/../lib/gcc/arm-none-eabi/6.3.0/../../../../arm-none-eabi/lib/thumb/libg.a(lib_a-siscanf.o)
                0x000000000200913c                siscanf
 .text.snprintf
                0x0000000002009188       0x80 /home/james/devkitPro/devkitARM/bin/../lib/gcc/arm-none-eabi/6.3.0/../../../../arm-none-eabi/lib/thumb/libg.a(lib_a-snprintf.o)
                0x0000000002009188                snprintf
 .text.__sread  0x0000000002009208       0x34 /home/james/devkitPro/devkitARM/bin/../lib/gcc/arm-none-eabi/6.3.0/../../../../arm-none-eabi/lib/thumb/libg.a(lib_a-stdio.o)
                0x0000000002009208                __sread
 .text.__seofread
                0x000000000200923c        0x4 /home/james/devkitPro/devkitARM/bin/../lib/gcc/arm-none-eabi/6.3.0/../../../../arm-none-eabi/lib/thumb/libg.a(lib_a-stdio.o)
                0x000000000200923c                __seofread
 .text.__swrite
                0x0000000002009240       0x48 /home/james/devkitPro/devkitARM/bin/../lib/gcc/arm-none-eabi/6.3.0/../../../../arm-none-eabi/lib/thumb/libg.a(lib_a-stdio.o)
                0x0000000002009240                __swrite
 .text.__sseek  0x0000000002009288       0x40 /home/james/devkitPro/devkitARM/bin/../lib/gcc/arm-none-eabi/6.3.0/../../../../arm-none-eabi/lib/thumb/libg.a(lib_a-stdio.o)
                0x0000000002009288                __sseek
 .text.__sclose
                0x00000000020092c8       0x10 /home/james/devkitPro/devkitARM/bin/../lib/gcc/arm-none-eabi/6.3.0/../../../../arm-none-eabi/lib/thumb/libg.a(lib_a-stdio.o)
                0x00000000020092c8                __sclose
 .text.strcpy   0x00000000020092d8       0x10 /home/james/devkitPro/devkitARM/bin/../lib/gcc/arm-none-eabi/6.3.0/../../../../arm-none-eabi/lib/thumb/libg.a(lib_a-strcpy.o)
                0x00000000020092d8                strcpy
 .text._strerror_r
                0x00000000020092e8      0x2bc /home/james/devkitPro/devkitARM/bin/../lib/gcc/arm-none-eabi/6.3.0/../../../../arm-none-eabi/lib/thumb/libg.a(lib_a-strerror.o)
                0x00000000020092e8                _strerror_r
 .text.strlen   0x00000000020095a4       0x68 /home/james/devkitPro/devkitARM/bin/../lib/gcc/arm-none-eabi/6.3.0/../../../../arm-none-eabi/lib/thumb/libg.a(lib_a-strlen-stub.o)
                0x00000000020095a4                strlen
 .text.strncpy  0x000000000200960c       0x80 /home/james/devkitPro/devkitARM/bin/../lib/gcc/arm-none-eabi/6.3.0/../../../../arm-none-eabi/lib/thumb/libg.a(lib_a-strncpy.o)
                0x000000000200960c                strncpy
 .text._sungetc_r
                0x000000000200968c       0x8c /home/james/devkitPro/devkitARM/bin/../lib/gcc/arm-none-eabi/6.3.0/../../../../arm-none-eabi/lib/thumb/libg.a(lib_a-svfiscanf.o)
                0x000000000200968c                _sungetc_r
 .text.__ssrefill_r
                0x0000000002009718       0x44 /home/james/devkitPro/devkitARM/bin/../lib/gcc/arm-none-eabi/6.3.0/../../../../arm-none-eabi/lib/thumb/libg.a(lib_a-svfiscanf.o)
                0x0000000002009718                __ssrefill_r
 .text._sfread_r
                0x000000000200975c       0x90 /home/james/devkitPro/devkitARM/bin/../lib/gcc/arm-none-eabi/6.3.0/../../../../arm-none-eabi/lib/thumb/libg.a(lib_a-svfiscanf.o)
                0x000000000200975c                _sfread_r
 .text.__ssvfiscanf_r
                0x00000000020097ec     0x13e0 /home/james/devkitPro/devkitARM/bin/../lib/gcc/arm-none-eabi/6.3.0/../../../../arm-none-eabi/lib/thumb/libg.a(lib_a-svfiscanf.o)
                0x00000000020097ec                __ssvfiscanf_r
 .text.get_arg  0x000000000200abcc      0xc4c /home/james/devkitPro/devkitARM/bin/../lib/gcc/arm-none-eabi/6.3.0/../../../../arm-none-eabi/lib/thumb/libg.a(lib_a-svfprintf.o)
 .text._svfprintf_r
                0x000000000200b818     0x2d98 /home/james/devkitPro/devkitARM/bin/../lib/gcc/arm-none-eabi/6.3.0/../../../../arm-none-eabi/lib/thumb/libg.a(lib_a-svfprintf.o)
                0x000000000200b818                _svfprintf_r
 .text.__submore
                0x000000000200e5b0       0x88 /home/james/devkitPro/devkitARM/bin/../lib/gcc/arm-none-eabi/6.3.0/../../../../arm-none-eabi/lib/thumb/libg.a(lib_a-ungetc.o)
                0x000000000200e5b0                __submore
 .text._ungetc_r
                0x000000000200e638      0x11c /home/james/devkitPro/devkitARM/bin/../lib/gcc/arm-none-eabi/6.3.0/../../../../arm-none-eabi/lib/thumb/libg.a(lib_a-ungetc.o)
                0x000000000200e638                _ungetc_r
 .text._user_strerror
                0x000000000200e754        0x4 /home/james/devkitPro/devkitARM/bin/../lib/gcc/arm-none-eabi/6.3.0/../../../../arm-none-eabi/lib/thumb/libg.a(lib_a-u_strerr.o)
                0x000000000200e754                _user_strerror
 .text.get_arg  0x000000000200e758      0xc4c /home/james/devkitPro/devkitARM/bin/../lib/gcc/arm-none-eabi/6.3.0/../../../../arm-none-eabi/lib/thumb/libg.a(lib_a-vfiprintf.o)
 .text.__sprint_r.part.0
                0x000000000200f3a4       0x14 /home/james/devkitPro/devkitARM/bin/../lib/gcc/arm-none-eabi/6.3.0/../../../../arm-none-eabi/lib/thumb/libg.a(lib_a-vfiprintf.o)
 .text._vfiprintf_r
                0x000000000200f3b8     0x1e0c /home/james/devkitPro/devkitARM/bin/../lib/gcc/arm-none-eabi/6.3.0/../../../../arm-none-eabi/lib/thumb/libg.a(lib_a-vfiprintf.o)
                0x000000000200f3b8                _vfiprintf_r
 .text.__sbprintf
                0x00000000020111c4       0x8c /home/james/devkitPro/devkitARM/bin/../lib/gcc/arm-none-eabi/6.3.0/../../../../arm-none-eabi/lib/thumb/libg.a(lib_a-vfiprintf.o)
 .text.__svfscanf_r
                0x0000000002011250     0x1b8c /home/james/devkitPro/devkitARM/bin/../lib/gcc/arm-none-eabi/6.3.0/../../../../arm-none-eabi/lib/thumb/libg.a(lib_a-vfscanf.o)
                0x0000000002011250                __svfscanf_r
 .text._vfscanf_r
                0x0000000002012ddc       0x2c /home/james/devkitPro/devkitARM/bin/../lib/gcc/arm-none-eabi/6.3.0/../../../../arm-none-eabi/lib/thumb/libg.a(lib_a-vfscanf.o)
                0x0000000002012ddc                _vfscanf_r
 .text._wcrtomb_r
                0x0000000002012e08       0x80 /home/james/devkitPro/devkitARM/bin/../lib/gcc/arm-none-eabi/6.3.0/../../../../arm-none-eabi/lib/thumb/libg.a(lib_a-wcrtomb.o)
                0x0000000002012e08                _wcrtomb_r
 .text._wcsrtombs_r
                0x0000000002012e88       0x1c /home/james/devkitPro/devkitARM/bin/../lib/gcc/arm-none-eabi/6.3.0/../../../../arm-none-eabi/lib/thumb/libg.a(lib_a-wcsrtombs.o)
                0x0000000002012e88                _wcsrtombs_r
 .text.__swsetup_r
                0x0000000002012ea4       0xd8 /home/james/devkitPro/devkitARM/bin/../lib/gcc/arm-none-eabi/6.3.0/../../../../arm-none-eabi/lib/thumb/libg.a(lib_a-wsetup.o)
                0x0000000002012ea4                __swsetup_r
 .text.quorem   0x0000000002012f7c      0x15c /home/james/devkitPro/devkitARM/bin/../lib/gcc/arm-none-eabi/6.3.0/../../../../arm-none-eabi/lib/thumb/libg.a(lib_a-dtoa.o)
 .text._dtoa_r  0x00000000020130d8      0xfd0 /home/james/devkitPro/devkitARM/bin/../lib/gcc/arm-none-eabi/6.3.0/../../../../arm-none-eabi/lib/thumb/libg.a(lib_a-dtoa.o)
                0x00000000020130d8                _dtoa_r
 .text.__sflush_r
                0x00000000020140a8      0x1a4 /home/james/devkitPro/devkitARM/bin/../lib/gcc/arm-none-eabi/6.3.0/../../../../arm-none-eabi/lib/thumb/libg.a(lib_a-fflush.o)
                0x00000000020140a8                __sflush_r
 .text._fflush_r
                0x000000000201424c       0x58 /home/james/devkitPro/devkitARM/bin/../lib/gcc/arm-none-eabi/6.3.0/../../../../arm-none-eabi/lib/thumb/libg.a(lib_a-fflush.o)
                0x000000000201424c                _fflush_r
 .text.fflush   0x00000000020142a4       0x2c /home/james/devkitPro/devkitARM/bin/../lib/gcc/arm-none-eabi/6.3.0/../../../../arm-none-eabi/lib/thumb/libg.a(lib_a-fflush.o)
                0x00000000020142a4                fflush
 .text._cleanup_r
                0x00000000020142d0       0x14 /home/james/devkitPro/devkitARM/bin/../lib/gcc/arm-none-eabi/6.3.0/../../../../arm-none-eabi/lib/thumb/libg.a(lib_a-findfp.o)
                0x00000000020142d0                _cleanup_r
 .text.std.isra.0
                0x00000000020142e4       0x54 /home/james/devkitPro/devkitARM/bin/../lib/gcc/arm-none-eabi/6.3.0/../../../../arm-none-eabi/lib/thumb/libg.a(lib_a-findfp.o)
 .text.__sinit  0x0000000002014338       0x64 /home/james/devkitPro/devkitARM/bin/../lib/gcc/arm-none-eabi/6.3.0/../../../../arm-none-eabi/lib/thumb/libg.a(lib_a-findfp.o)
                0x0000000002014338                __sinit
 .text.__sfp_lock_acquire
                0x000000000201439c       0x14 /home/james/devkitPro/devkitARM/bin/../lib/gcc/arm-none-eabi/6.3.0/../../../../arm-none-eabi/lib/thumb/libg.a(lib_a-findfp.o)
                0x000000000201439c                __sfp_lock_acquire
 .text.__sfp_lock_release
                0x00000000020143b0       0x14 /home/james/devkitPro/devkitARM/bin/../lib/gcc/arm-none-eabi/6.3.0/../../../../arm-none-eabi/lib/thumb/libg.a(lib_a-findfp.o)
                0x00000000020143b0                __sfp_lock_release
 .text.fputc    0x00000000020143c4       0x58 /home/james/devkitPro/devkitARM/bin/../lib/gcc/arm-none-eabi/6.3.0/../../../../arm-none-eabi/lib/thumb/libg.a(lib_a-fputc.o)
                0x00000000020143c4                fputc
 .text._fputs_r
                0x000000000201441c       0x6c /home/james/devkitPro/devkitARM/bin/../lib/gcc/arm-none-eabi/6.3.0/../../../../arm-none-eabi/lib/thumb/libg.a(lib_a-fputs.o)
                0x000000000201441c                _fputs_r
 .text.fputs    0x0000000002014488       0x18 /home/james/devkitPro/devkitARM/bin/../lib/gcc/arm-none-eabi/6.3.0/../../../../arm-none-eabi/lib/thumb/libg.a(lib_a-fputs.o)
                0x0000000002014488                fputs
 .text._fread_r
                0x00000000020144a0      0x1c4 /home/james/devkitPro/devkitARM/bin/../lib/gcc/arm-none-eabi/6.3.0/../../../../arm-none-eabi/lib/thumb/libg.a(lib_a-fread.o)
                0x00000000020144a0                _fread_r
 .text._malloc_trim_r
                0x0000000002014664       0xa4 /home/james/devkitPro/devkitARM/bin/../lib/gcc/arm-none-eabi/6.3.0/../../../../arm-none-eabi/lib/thumb/libg.a(lib_a-freer.o)
                0x0000000002014664                _malloc_trim_r
 .text._free_r  0x0000000002014708      0x1c0 /home/james/devkitPro/devkitARM/bin/../lib/gcc/arm-none-eabi/6.3.0/../../../../arm-none-eabi/lib/thumb/libg.a(lib_a-freer.o)
                0x0000000002014708                _free_r
 .text.__sfvwrite_r
                0x00000000020148c8      0x334 /home/james/devkitPro/devkitARM/bin/../lib/gcc/arm-none-eabi/6.3.0/../../../../arm-none-eabi/lib/thumb/libg.a(lib_a-fvwrite.o)
                0x00000000020148c8                __sfvwrite_r
 .text._fwalk   0x0000000002014bfc       0x4c /home/james/devkitPro/devkitARM/bin/../lib/gcc/arm-none-eabi/6.3.0/../../../../arm-none-eabi/lib/thumb/libg.a(lib_a-fwalk.o)
                0x0000000002014bfc                _fwalk
 .text._fwalk_reent
                0x0000000002014c48       0x54 /home/james/devkitPro/devkitARM/bin/../lib/gcc/arm-none-eabi/6.3.0/../../../../arm-none-eabi/lib/thumb/libg.a(lib_a-fwalk.o)
                0x0000000002014c48                _fwalk_reent
 .text.iswspace
                0x0000000002014c9c       0x78 /home/james/devkitPro/devkitARM/bin/../lib/gcc/arm-none-eabi/6.3.0/../../../../arm-none-eabi/lib/thumb/libg.a(lib_a-iswspace.o)
                0x0000000002014c9c                iswspace
 .text.__jp2uc  0x0000000002014d14      0x188 /home/james/devkitPro/devkitARM/bin/../lib/gcc/arm-none-eabi/6.3.0/../../../../arm-none-eabi/lib/thumb/libg.a(lib_a-jp2uc.o)
 .text._jp2uc   0x0000000002014e9c       0x8c /home/james/devkitPro/devkitARM/bin/../lib/gcc/arm-none-eabi/6.3.0/../../../../arm-none-eabi/lib/thumb/libg.a(lib_a-jp2uc.o)
                0x0000000002014e9c                _jp2uc
 .text.__localeconv_l
                0x0000000002014f28        0x4 /home/james/devkitPro/devkitARM/bin/../lib/gcc/arm-none-eabi/6.3.0/../../../../arm-none-eabi/lib/thumb/libg.a(lib_a-localeconv.o)
                0x0000000002014f28                __localeconv_l
 .text._localeconv_r
                0x0000000002014f2c       0x1c /home/james/devkitPro/devkitARM/bin/../lib/gcc/arm-none-eabi/6.3.0/../../../../arm-none-eabi/lib/thumb/libg.a(lib_a-localeconv.o)
                0x0000000002014f2c                _localeconv_r
 .text.__locale_mb_cur_max
                0x0000000002014f48       0x20 /home/james/devkitPro/devkitARM/bin/../lib/gcc/arm-none-eabi/6.3.0/../../../../arm-none-eabi/lib/thumb/libg.a(lib_a-locale.o)
                0x0000000002014f48                __locale_mb_cur_max
 .text.__locale_ctype_ptr_l
                0x0000000002014f68        0x8 /home/james/devkitPro/devkitARM/bin/../lib/gcc/arm-none-eabi/6.3.0/../../../../arm-none-eabi/lib/thumb/libg.a(lib_a-locale.o)
                0x0000000002014f68                __locale_ctype_ptr_l
 .text.__locale_ctype_ptr
                0x0000000002014f70       0x20 /home/james/devkitPro/devkitARM/bin/../lib/gcc/arm-none-eabi/6.3.0/../../../../arm-none-eabi/lib/thumb/libg.a(lib_a-locale.o)
                0x0000000002014f70                __locale_ctype_ptr
 .text.__swhatbuf_r
                0x0000000002014f90       0x64 /home/james/devkitPro/devkitARM/bin/../lib/gcc/arm-none-eabi/6.3.0/../../../../arm-none-eabi/lib/thumb/libg.a(lib_a-makebuf.o)
                0x0000000002014f90                __swhatbuf_r
 .text.__smakebuf_r
                0x0000000002014ff4       0x98 /home/james/devkitPro/devkitARM/bin/../lib/gcc/arm-none-eabi/6.3.0/../../../../arm-none-eabi/lib/thumb/libg.a(lib_a-makebuf.o)
                0x0000000002014ff4                __smakebuf_r
 .text._mbrtowc_r
                0x000000000201508c       0x8c /home/james/devkitPro/devkitARM/bin/../lib/gcc/arm-none-eabi/6.3.0/../../../../arm-none-eabi/lib/thumb/libg.a(lib_a-mbrtowc.o)
                0x000000000201508c                _mbrtowc_r
 .text.__utf8_mbtowc
                0x0000000002015118      0x2a0 /home/james/devkitPro/devkitARM/bin/../lib/gcc/arm-none-eabi/6.3.0/../../../../arm-none-eabi/lib/thumb/libg.a(lib_a-mbtowc_r.o)
                0x0000000002015118                __utf8_mbtowc
 .text.memchr   0x00000000020153b8       0x84 /home/james/devkitPro/devkitARM/bin/../lib/gcc/arm-none-eabi/6.3.0/../../../../arm-none-eabi/lib/thumb/libg.a(lib_a-memchr-stub.o)
                0x00000000020153b8                memchr
 .text.memmove  0x000000000201543c       0xa4 /home/james/devkitPro/devkitARM/bin/../lib/gcc/arm-none-eabi/6.3.0/../../../../arm-none-eabi/lib/thumb/libg.a(lib_a-memmove.o)
                0x000000000201543c                memmove
 .text._Balloc  0x00000000020154e0       0x54 /home/james/devkitPro/devkitARM/bin/../lib/gcc/arm-none-eabi/6.3.0/../../../../arm-none-eabi/lib/thumb/libg.a(lib_a-mprec.o)
                0x00000000020154e0                _Balloc
 .text._Bfree   0x0000000002015534       0x14 /home/james/devkitPro/devkitARM/bin/../lib/gcc/arm-none-eabi/6.3.0/../../../../arm-none-eabi/lib/thumb/libg.a(lib_a-mprec.o)
                0x0000000002015534                _Bfree
 .text.__multadd
                0x0000000002015548       0x94 /home/james/devkitPro/devkitARM/bin/../lib/gcc/arm-none-eabi/6.3.0/../../../../arm-none-eabi/lib/thumb/libg.a(lib_a-mprec.o)
                0x0000000002015548                __multadd
 .text.__s2b    0x00000000020155dc       0x98 /home/james/devkitPro/devkitARM/bin/../lib/gcc/arm-none-eabi/6.3.0/../../../../arm-none-eabi/lib/thumb/libg.a(lib_a-mprec.o)
                0x00000000020155dc                __s2b
 .text.__hi0bits
                0x0000000002015674       0x34 /home/james/devkitPro/devkitARM/bin/../lib/gcc/arm-none-eabi/6.3.0/../../../../arm-none-eabi/lib/thumb/libg.a(lib_a-mprec.o)
                0x0000000002015674                __hi0bits
 .text.__lo0bits
                0x00000000020156a8       0x5c /home/james/devkitPro/devkitARM/bin/../lib/gcc/arm-none-eabi/6.3.0/../../../../arm-none-eabi/lib/thumb/libg.a(lib_a-mprec.o)
                0x00000000020156a8                __lo0bits
 .text.__i2b    0x0000000002015704       0x18 /home/james/devkitPro/devkitARM/bin/../lib/gcc/arm-none-eabi/6.3.0/../../../../arm-none-eabi/lib/thumb/libg.a(lib_a-mprec.o)
                0x0000000002015704                __i2b
 .text.__multiply
                0x000000000201571c      0x160 /home/james/devkitPro/devkitARM/bin/../lib/gcc/arm-none-eabi/6.3.0/../../../../arm-none-eabi/lib/thumb/libg.a(lib_a-mprec.o)
                0x000000000201571c                __multiply
 .text.__pow5mult
                0x000000000201587c       0xc4 /home/james/devkitPro/devkitARM/bin/../lib/gcc/arm-none-eabi/6.3.0/../../../../arm-none-eabi/lib/thumb/libg.a(lib_a-mprec.o)
                0x000000000201587c                __pow5mult
 .text.__lshift
                0x0000000002015940       0xc4 /home/james/devkitPro/devkitARM/bin/../lib/gcc/arm-none-eabi/6.3.0/../../../../arm-none-eabi/lib/thumb/libg.a(lib_a-mprec.o)
                0x0000000002015940                __lshift
 .text.__mcmp   0x0000000002015a04       0x38 /home/james/devkitPro/devkitARM/bin/../lib/gcc/arm-none-eabi/6.3.0/../../../../arm-none-eabi/lib/thumb/libg.a(lib_a-mprec.o)
                0x0000000002015a04                __mcmp
 .text.__mdiff  0x0000000002015a3c      0x13c /home/james/devkitPro/devkitARM/bin/../lib/gcc/arm-none-eabi/6.3.0/../../../../arm-none-eabi/lib/thumb/libg.a(lib_a-mprec.o)
                0x0000000002015a3c                __mdiff
 .text.__ulp    0x0000000002015b78       0x50 /home/james/devkitPro/devkitARM/bin/../lib/gcc/arm-none-eabi/6.3.0/../../../../arm-none-eabi/lib/thumb/libg.a(lib_a-mprec.o)
                0x0000000002015b78                __ulp
 .text.__b2d    0x0000000002015bc8       0xdc /home/james/devkitPro/devkitARM/bin/../lib/gcc/arm-none-eabi/6.3.0/../../../../arm-none-eabi/lib/thumb/libg.a(lib_a-mprec.o)
                0x0000000002015bc8                __b2d
 .text.__d2b    0x0000000002015ca4       0xc0 /home/james/devkitPro/devkitARM/bin/../lib/gcc/arm-none-eabi/6.3.0/../../../../arm-none-eabi/lib/thumb/libg.a(lib_a-mprec.o)
                0x0000000002015ca4                __d2b
 .text.__ratio  0x0000000002015d64       0x78 /home/james/devkitPro/devkitARM/bin/../lib/gcc/arm-none-eabi/6.3.0/../../../../arm-none-eabi/lib/thumb/libg.a(lib_a-mprec.o)
                0x0000000002015d64                __ratio
 .text.__copybits
                0x0000000002015ddc       0x44 /home/james/devkitPro/devkitARM/bin/../lib/gcc/arm-none-eabi/6.3.0/../../../../arm-none-eabi/lib/thumb/libg.a(lib_a-mprec.o)
                0x0000000002015ddc                __copybits
 .text.__any_on
                0x0000000002015e20       0x64 /home/james/devkitPro/devkitARM/bin/../lib/gcc/arm-none-eabi/6.3.0/../../../../arm-none-eabi/lib/thumb/libg.a(lib_a-mprec.o)
                0x0000000002015e20                __any_on
 .text._putc_r  0x0000000002015e84       0x7c /home/james/devkitPro/devkitARM/bin/../lib/gcc/arm-none-eabi/6.3.0/../../../../arm-none-eabi/lib/thumb/libg.a(lib_a-putc.o)
                0x0000000002015e84                _putc_r
 .text._realloc_r
                0x0000000002015f00      0x38c /home/james/devkitPro/devkitARM/bin/../lib/gcc/arm-none-eabi/6.3.0/../../../../arm-none-eabi/lib/thumb/libg.a(lib_a-reallocr.o)
                0x0000000002015f00                _realloc_r
 .text.lflush   0x000000000201628c       0x20 /home/james/devkitPro/devkitARM/bin/../lib/gcc/arm-none-eabi/6.3.0/../../../../arm-none-eabi/lib/thumb/libg.a(lib_a-refill.o)
 .text.__srefill_r
                0x00000000020162ac      0x11c /home/james/devkitPro/devkitARM/bin/../lib/gcc/arm-none-eabi/6.3.0/../../../../arm-none-eabi/lib/thumb/libg.a(lib_a-refill.o)
                0x00000000020162ac                __srefill_r
 .text.__sccl   0x00000000020163c8       0x78 /home/james/devkitPro/devkitARM/bin/../lib/gcc/arm-none-eabi/6.3.0/../../../../arm-none-eabi/lib/thumb/libg.a(lib_a-sccl.o)
                0x00000000020163c8                __sccl
 .text.nanf     0x0000000002016440        0x8 /home/james/devkitPro/devkitARM/bin/../lib/gcc/arm-none-eabi/6.3.0/../../../../arm-none-eabi/lib/thumb/libg.a(lib_a-sf_nan.o)
                0x0000000002016440                nanf
 .text.frexp    0x0000000002016448       0x68 /home/james/devkitPro/devkitARM/bin/../lib/gcc/arm-none-eabi/6.3.0/../../../../arm-none-eabi/lib/thumb/libg.a(lib_a-s_frexp.o)
                0x0000000002016448                frexp
 .text.sprintf  0x00000000020164b0       0x48 /home/james/devkitPro/devkitARM/bin/../lib/gcc/arm-none-eabi/6.3.0/../../../../arm-none-eabi/lib/thumb/libg.a(lib_a-sprintf.o)
                0x00000000020164b0                sprintf
 .text.stpncpy  0x00000000020164f8       0x8c /home/james/devkitPro/devkitARM/bin/../lib/gcc/arm-none-eabi/6.3.0/../../../../arm-none-eabi/lib/thumb/libg.a(lib_a-stpncpy.o)
                0x00000000020164f8                stpncpy
 .text.strncmp  0x0000000002016584       0x94 /home/james/devkitPro/devkitARM/bin/../lib/gcc/arm-none-eabi/6.3.0/../../../../arm-none-eabi/lib/thumb/libg.a(lib_a-strncmp.o)
                0x0000000002016584                strncmp
 .text.unlikely.sulp
                0x0000000002016618       0x34 /home/james/devkitPro/devkitARM/bin/../lib/gcc/arm-none-eabi/6.3.0/../../../../arm-none-eabi/lib/thumb/libg.a(lib_a-strtod.o)
 .text._strtod_l
                0x000000000201664c      0xea0 /home/james/devkitPro/devkitARM/bin/../lib/gcc/arm-none-eabi/6.3.0/../../../../arm-none-eabi/lib/thumb/libg.a(lib_a-strtod.o)
                0x000000000201664c                _strtod_l
 .text._strtod_r
                0x00000000020174ec       0x2c /home/james/devkitPro/devkitARM/bin/../lib/gcc/arm-none-eabi/6.3.0/../../../../arm-none-eabi/lib/thumb/libg.a(lib_a-strtod.o)
                0x00000000020174ec                _strtod_r
 .text._strtoll_l.isra.0
                0x0000000002017518      0x1f0 /home/james/devkitPro/devkitARM/bin/../lib/gcc/arm-none-eabi/6.3.0/../../../../arm-none-eabi/lib/thumb/libg.a(lib_a-strtoll.o)
 .text._strtoll_r
                0x0000000002017708       0x34 /home/james/devkitPro/devkitARM/bin/../lib/gcc/arm-none-eabi/6.3.0/../../../../arm-none-eabi/lib/thumb/libg.a(lib_a-strtoll.o)
                0x0000000002017708                _strtoll_r
 .text._strtol_l.isra.0
                0x000000000201773c      0x180 /home/james/devkitPro/devkitARM/bin/../lib/gcc/arm-none-eabi/6.3.0/../../../../arm-none-eabi/lib/thumb/libg.a(lib_a-strtol.o)
 .text._strtol_r
                0x00000000020178bc       0x34 /home/james/devkitPro/devkitARM/bin/../lib/gcc/arm-none-eabi/6.3.0/../../../../arm-none-eabi/lib/thumb/libg.a(lib_a-strtol.o)
                0x00000000020178bc                _strtol_r
 .text._strtoull_l.isra.0
                0x00000000020178f0      0x1c8 /home/james/devkitPro/devkitARM/bin/../lib/gcc/arm-none-eabi/6.3.0/../../../../arm-none-eabi/lib/thumb/libg.a(lib_a-strtoull.o)
 .text._strtoull_r
                0x0000000002017ab8       0x34 /home/james/devkitPro/devkitARM/bin/../lib/gcc/arm-none-eabi/6.3.0/../../../../arm-none-eabi/lib/thumb/libg.a(lib_a-strtoull.o)
                0x0000000002017ab8                _strtoull_r
 .text._strtoul_l.isra.0
                0x0000000002017aec      0x14c /home/james/devkitPro/devkitARM/bin/../lib/gcc/arm-none-eabi/6.3.0/../../../../arm-none-eabi/lib/thumb/libg.a(lib_a-strtoul.o)
 .text._strtoul_r
                0x0000000002017c38       0x34 /home/james/devkitPro/devkitARM/bin/../lib/gcc/arm-none-eabi/6.3.0/../../../../arm-none-eabi/lib/thumb/libg.a(lib_a-strtoul.o)
                0x0000000002017c38                _strtoul_r
 .text.__ssprint_r
                0x0000000002017c6c      0x124 /home/james/devkitPro/devkitARM/bin/../lib/gcc/arm-none-eabi/6.3.0/../../../../arm-none-eabi/lib/thumb/libg.a(lib_a-svfiprintf.o)
                0x0000000002017c6c                __ssprint_r
 .text.__swbuf_r
                0x0000000002017d90       0x94 /home/james/devkitPro/devkitARM/bin/../lib/gcc/arm-none-eabi/6.3.0/../../../../arm-none-eabi/lib/thumb/libg.a(lib_a-wbuf.o)
                0x0000000002017d90                __swbuf_r
 .text._wcsnrtombs_l
                0x0000000002017e24      0x11c /home/james/devkitPro/devkitARM/bin/../lib/gcc/arm-none-eabi/6.3.0/../../../../arm-none-eabi/lib/thumb/libg.a(lib_a-wcsnrtombs.o)
                0x0000000002017e24                _wcsnrtombs_l
 .text._wcsnrtombs_r
                0x0000000002017f40       0x40 /home/james/devkitPro/devkitARM/bin/../lib/gcc/arm-none-eabi/6.3.0/../../../../arm-none-eabi/lib/thumb/libg.a(lib_a-wcsnrtombs.o)
                0x0000000002017f40                _wcsnrtombs_r
 .text.__utf8_wctomb
                0x0000000002017f80       0xbc /home/james/devkitPro/devkitARM/bin/../lib/gcc/arm-none-eabi/6.3.0/../../../../arm-none-eabi/lib/thumb/libg.a(lib_a-wctomb_r.o)
                0x0000000002017f80                __utf8_wctomb
 .text._calloc_r
                0x000000000201803c       0x5c /home/james/devkitPro/devkitARM/bin/../lib/gcc/arm-none-eabi/6.3.0/../../../../arm-none-eabi/lib/thumb/libg.a(lib_a-callocr.o)
                0x000000000201803c                _calloc_r
 .text._fclose_r
                0x0000000002018098       0xd4 /home/james/devkitPro/devkitARM/bin/../lib/gcc/arm-none-eabi/6.3.0/../../../../arm-none-eabi/lib/thumb/libg.a(lib_a-fclose.o)
                0x0000000002018098                _fclose_r
 .text.rshift   0x000000000201816c       0xb0 /home/james/devkitPro/devkitARM/bin/../lib/gcc/arm-none-eabi/6.3.0/../../../../arm-none-eabi/lib/thumb/libg.a(lib_a-gdtoa-gethex.o)
 .text.__gethex
                0x000000000201821c      0x544 /home/james/devkitPro/devkitARM/bin/../lib/gcc/arm-none-eabi/6.3.0/../../../../arm-none-eabi/lib/thumb/libg.a(lib_a-gdtoa-gethex.o)
                0x000000000201821c                __gethex
 .text.__match  0x0000000002018760       0x30 /home/james/devkitPro/devkitARM/bin/../lib/gcc/arm-none-eabi/6.3.0/../../../../arm-none-eabi/lib/thumb/libg.a(lib_a-gdtoa-hexnan.o)
                0x0000000002018760                __match
 .text.__hexnan
                0x0000000002018790      0x1b8 /home/james/devkitPro/devkitARM/bin/../lib/gcc/arm-none-eabi/6.3.0/../../../../arm-none-eabi/lib/thumb/libg.a(lib_a-gdtoa-hexnan.o)
                0x0000000002018790                __hexnan
 .text.null_write
                0x0000000002018948        0x4 /home/james/devkitPro/devkitARM/bin/../lib/gcc/arm-none-eabi/6.3.0/../../../../arm-none-eabi/lib/thumb/libsysbase.a(iosupport.o)
 .text._close_r
                0x000000000201894c       0x5c /home/james/devkitPro/devkitARM/bin/../lib/gcc/arm-none-eabi/6.3.0/../../../../arm-none-eabi/lib/thumb/libsysbase.a(close.o)
                0x000000000201894c                _close_r
 .text._fstat_r
                0x00000000020189a8       0x4c /home/james/devkitPro/devkitARM/bin/../lib/gcc/arm-none-eabi/6.3.0/../../../../arm-none-eabi/lib/thumb/libsysbase.a(fstat.o)
                0x00000000020189a8                _fstat_r
 .text._isatty_r
                0x00000000020189f4        0x4 /home/james/devkitPro/devkitARM/bin/../lib/gcc/arm-none-eabi/6.3.0/../../../../arm-none-eabi/lib/thumb/libsysbase.a(isatty.o)
                0x00000000020189f4                _isatty_r
 .text._lseek_r
                0x00000000020189f8       0x5c /home/james/devkitPro/devkitARM/bin/../lib/gcc/arm-none-eabi/6.3.0/../../../../arm-none-eabi/lib/thumb/libsysbase.a(lseek.o)
                0x00000000020189f8                _lseek_r
 .text._read_r  0x0000000002018a54       0x50 /home/james/devkitPro/devkitARM/bin/../lib/gcc/arm-none-eabi/6.3.0/../../../../arm-none-eabi/lib/thumb/libsysbase.a(read.o)
                0x0000000002018a54                _read_r
 .text._sbrk_r  0x0000000002018aa4       0x54 /home/james/devkitPro/devkitARM/bin/../lib/gcc/arm-none-eabi/6.3.0/../../../../arm-none-eabi/lib/thumb/libsysbase.a(sbrk.o)
                0x0000000002018aa4                _sbrk_r
 .text._write_r
                0x0000000002018af8       0x50 /home/james/devkitPro/devkitARM/bin/../lib/gcc/arm-none-eabi/6.3.0/../../../../arm-none-eabi/lib/thumb/libsysbase.a(write.o)
                0x0000000002018af8                _write_r
 .text.build_argv
                0x0000000002018b48       0x4c /home/james/devkitPro/devkitARM/bin/../lib/gcc/arm-none-eabi/6.3.0/../../../../arm-none-eabi/lib/thumb/libsysbase.a(build_argv.o)
                0x0000000002018b48                build_argv
 .text.__flockfile
                0x0000000002018b94       0x10 /home/james/devkitPro/devkitARM/bin/../lib/gcc/arm-none-eabi/6.3.0/../../../../arm-none-eabi/lib/thumb/libsysbase.a(flock.o)
                0x0000000002018b94                __flockfile
 .text.__funlockfile
                0x0000000002018ba4       0x10 /home/james/devkitPro/devkitARM/bin/../lib/gcc/arm-none-eabi/6.3.0/../../../../arm-none-eabi/lib/thumb/libsysbase.a(flock.o)
                0x0000000002018ba4                __funlockfile
 .text.__libc_lock_acquire
                0x0000000002018bb4       0x1c /home/james/devkitPro/devkitARM/bin/../lib/gcc/arm-none-eabi/6.3.0/../../../../arm-none-eabi/lib/thumb/libsysbase.a(syscall_support.o)
                0x0000000002018bb4                __libc_lock_acquire
 .text.__libc_lock_release
                0x0000000002018bd0       0x1c /home/james/devkitPro/devkitARM/bin/../lib/gcc/arm-none-eabi/6.3.0/../../../../arm-none-eabi/lib/thumb/libsysbase.a(syscall_support.o)
                0x0000000002018bd0                __libc_lock_release
 .text.__libc_lock_init_recursive
                0x0000000002018bec       0x1c /home/james/devkitPro/devkitARM/bin/../lib/gcc/arm-none-eabi/6.3.0/../../../../arm-none-eabi/lib/thumb/libsysbase.a(syscall_support.o)
                0x0000000002018bec                __libc_lock_init_recursive
 .text.__libc_lock_acquire_recursive
                0x0000000002018c08       0x1c /home/james/devkitPro/devkitARM/bin/../lib/gcc/arm-none-eabi/6.3.0/../../../../arm-none-eabi/lib/thumb/libsysbase.a(syscall_support.o)
                0x0000000002018c08                __libc_lock_acquire_recursive
 .text.__libc_lock_release_recursive
                0x0000000002018c24       0x1c /home/james/devkitPro/devkitARM/bin/../lib/gcc/arm-none-eabi/6.3.0/../../../../arm-none-eabi/lib/thumb/libsysbase.a(syscall_support.o)
                0x0000000002018c24                __libc_lock_release_recursive
 .text.__libc_lock_close_recursive
                0x0000000002018c40       0x1c /home/james/devkitPro/devkitARM/bin/../lib/gcc/arm-none-eabi/6.3.0/../../../../arm-none-eabi/lib/thumb/libsysbase.a(syscall_support.o)
                0x0000000002018c40                __libc_lock_close_recursive
 .text.__free_handle
                0x0000000002018c5c       0x3c /home/james/devkitPro/devkitARM/bin/../lib/gcc/arm-none-eabi/6.3.0/../../../../arm-none-eabi/lib/thumb/libsysbase.a(handle_manager.o)
                0x0000000002018c5c                __free_handle
 .text.__release_handle
                0x0000000002018c98       0x38 /home/james/devkitPro/devkitARM/bin/../lib/gcc/arm-none-eabi/6.3.0/../../../../arm-none-eabi/lib/thumb/libsysbase.a(handle_manager.o)
                0x0000000002018c98                __release_handle
 .text.__get_handle
                0x0000000002018cd0       0x1c /home/james/devkitPro/devkitARM/bin/../lib/gcc/arm-none-eabi/6.3.0/../../../../arm-none-eabi/lib/thumb/libsysbase.a(handle_manager.o)
                0x0000000002018cd0                __get_handle
 .text.__getreent
                0x0000000002018cec       0x28 /home/james/devkitPro/devkitARM/bin/../lib/gcc/arm-none-eabi/6.3.0/../../../../arm-none-eabi/lib/thumb/libsysbase.a(getreent.o)
                0x0000000002018cec                __getreent
 .text.__muldi3
                0x0000000002018d14       0x60 /home/james/devkitPro/devkitARM/bin/../lib/gcc/arm-none-eabi/6.3.0/thumb/libgcc.a(_muldi3.o)
                0x0000000002018d14                __aeabi_lmul
                0x0000000002018d14                __muldi3
 .text.__udivmoddi4
                0x0000000002018d74      0x184 /home/james/devkitPro/devkitARM/bin/../lib/gcc/arm-none-eabi/6.3.0/thumb/libgcc.a(_udivmoddi4.o)
                0x0000000002018d74                __udivmoddi4
 .text.__udivmoddi4.__stub
                0x0000000002018ef8      0x120 linker stubs
 *(EXCLUDE_FILE(*.twl*) .gnu.warning)
 *(EXCLUDE_FILE(*.twl*) .gnu.linkonce.t*)
 *(.glue_7)
 .glue_7        0x0000000002019028        0x0 linker stubs
 *(.glue_7t)
 .glue_7t       0x0000000002019028        0x0 linker stubs
                0x0000000002019028                . = ALIGN (0x4)

.vfp11_veneer   0x0000000002019028        0x0
 .vfp11_veneer  0x0000000002019028        0x0 linker stubs

.v4_bx          0x0000000002019028        0x0
 .v4_bx         0x0000000002019028        0x0 linker stubs

.iplt           0x0000000002019028        0x0
 .iplt          0x0000000002019028        0x0 /home/james/devkitPro/devkitARM/bin/../lib/gcc/arm-none-eabi/6.3.0/../../../../arm-none-eabi/lib/thumb/ds_arm9_crt0.o

.fini           0x0000000002019028        0xc
 *(.fini)
 .fini          0x0000000002019028        0x4 /home/james/devkitPro/devkitARM/bin/../lib/gcc/arm-none-eabi/6.3.0/thumb/crti.o
                0x0000000002019028                _fini
 .fini          0x000000000201902c        0x8 /home/james/devkitPro/devkitARM/bin/../lib/gcc/arm-none-eabi/6.3.0/thumb/crtn.o
                0x0000000002019034                __text_end = .

.rodata         0x0000000002019038     0xb734
 *(EXCLUDE_FILE(*.twl*) .rodata)
 .rodata        0x0000000002019038     0x2004 /home/james/devkitPro/libnds/lib/libnds9.a(default_font.bin.o)
                0x0000000002019038                default_font_bin
                0x000000000201b038                default_font_bin_end
                0x000000000201b038                default_font_bin_size
 .rodata        0x000000000201b03c     0x2d0c /home/james/devkitPro/libnds/lib/libnds9.a(keyboardGfx.o)
                0x000000000201b03c                keyboardGfxTiles
                0x000000000201d328                keyboardGfxMap
                0x000000000201dd28                keyboardGfxPal
 *all.rodata*(*)
 *(EXCLUDE_FILE(*.twl*) .roda)
 *(EXCLUDE_FILE(*.twl*) .rodata.*)
 .rodata.str1.4
                0x000000000201dd48      0x394 template.o
 .rodata.str1.1
                0x000000000201e0dc       0xad /home/james/devkitPro/libnds/lib/libdswifi9.a(wifi_arm9.o)
 .rodata.sgIP_DHCP_BeginDgram.str1.1
                0x000000000201e189        0x9 /home/james/devkitPro/libnds/lib/libdswifi9.a(sgIP_DHCP.o)
 .rodata.sgIP_DHCP_Init.str1.1
                0x000000000201e192        0xb /home/james/devkitPro/libnds/lib/libdswifi9.a(sgIP_DHCP.o)
 *fill*         0x000000000201e19d        0x3 ff
 .rodata.con_write
                0x000000000201e1a0       0xd4 /home/james/devkitPro/libnds/lib/libnds9.a(console.o)
 .rodata.con_write.str1.4
                0x000000000201e274       0x30 /home/james/devkitPro/libnds/lib/libnds9.a(console.o)
 .rodata.consoleClear.str1.4
                0x000000000201e2a4        0x5 /home/james/devkitPro/libnds/lib/libnds9.a(console.o)
 *fill*         0x000000000201e2a9        0x3 ff
 .rodata.dotab_stdout
                0x000000000201e2ac       0x68 /home/james/devkitPro/libnds/lib/libnds9.a(console.o)
 .rodata.str1.4
                0x000000000201e314       0x14 /home/james/devkitPro/libnds/lib/libnds9.a(console.o)
 .rodata.SIN_LUT
                0x000000000201e328      0x102 /home/james/devkitPro/libnds/lib/libnds9.a(trig.o)
                0x000000000201e328                SIN_LUT
 *fill*         0x000000000201e42a        0x2 ff
 .rodata.std_in
                0x000000000201e42c       0x68 /home/james/devkitPro/libnds/lib/libnds9.a(keyboard.o)
                0x000000000201e42c                std_in
 .rodata.str1.4
                0x000000000201e494        0x6 /home/james/devkitPro/libnds/lib/libnds9.a(keyboard.o)
 *fill*         0x000000000201e49a        0x2 ff
 .rodata.decompress
                0x000000000201e49c       0x14 /home/james/devkitPro/libnds/lib/libnds9.a(decompress.o)
 .rodata._perror_r.str1.4
                0x000000000201e4b0        0x3 /home/james/devkitPro/devkitARM/bin/../lib/gcc/arm-none-eabi/6.3.0/../../../../arm-none-eabi/lib/thumb/libg.a(lib_a-perror.o)
 *fill*         0x000000000201e4b3        0x1 ff
 .rodata._strerror_r
                0x000000000201e4b4      0x23c /home/james/devkitPro/devkitARM/bin/../lib/gcc/arm-none-eabi/6.3.0/../../../../arm-none-eabi/lib/thumb/libg.a(lib_a-strerror.o)
 .rodata._strerror_r.str1.4
                0x000000000201e6f0      0x6fd /home/james/devkitPro/devkitARM/bin/../lib/gcc/arm-none-eabi/6.3.0/../../../../arm-none-eabi/lib/thumb/libg.a(lib_a-strerror.o)
                                        0x701 (size before relaxing)
 *fill*         0x000000000201eded        0x3 ff
 .rodata.__ssvfiscanf_r
                0x000000000201edf0      0x324 /home/james/devkitPro/devkitARM/bin/../lib/gcc/arm-none-eabi/6.3.0/../../../../arm-none-eabi/lib/thumb/libg.a(lib_a-svfiscanf.o)
 .rodata.basefix.6811
                0x000000000201f114       0x22 /home/james/devkitPro/devkitARM/bin/../lib/gcc/arm-none-eabi/6.3.0/../../../../arm-none-eabi/lib/thumb/libg.a(lib_a-svfiscanf.o)
 *fill*         0x000000000201f136        0x2 ff
 .rodata.get_arg
                0x000000000201f138      0x938 /home/james/devkitPro/devkitARM/bin/../lib/gcc/arm-none-eabi/6.3.0/../../../../arm-none-eabi/lib/thumb/libg.a(lib_a-svfprintf.o)
 .rodata._svfprintf_r
                0x000000000201fa70      0x16c /home/james/devkitPro/devkitARM/bin/../lib/gcc/arm-none-eabi/6.3.0/../../../../arm-none-eabi/lib/thumb/libg.a(lib_a-svfprintf.o)
 .rodata._svfprintf_r.str1.4
                0x000000000201fbdc       0x42 /home/james/devkitPro/devkitARM/bin/../lib/gcc/arm-none-eabi/6.3.0/../../../../arm-none-eabi/lib/thumb/libg.a(lib_a-svfprintf.o)
 *fill*         0x000000000201fc1e        0x2 ff
 .rodata.blanks.7277
                0x000000000201fc20       0x10 /home/james/devkitPro/devkitARM/bin/../lib/gcc/arm-none-eabi/6.3.0/../../../../arm-none-eabi/lib/thumb/libg.a(lib_a-svfprintf.o)
 .rodata.zeroes.7278
                0x000000000201fc30       0x10 /home/james/devkitPro/devkitARM/bin/../lib/gcc/arm-none-eabi/6.3.0/../../../../arm-none-eabi/lib/thumb/libg.a(lib_a-svfprintf.o)
 .rodata.get_arg
                0x000000000201fc40      0x938 /home/james/devkitPro/devkitARM/bin/../lib/gcc/arm-none-eabi/6.3.0/../../../../arm-none-eabi/lib/thumb/libg.a(lib_a-vfiprintf.o)
 .rodata._vfiprintf_r
                0x0000000002020578      0x16c /home/james/devkitPro/devkitARM/bin/../lib/gcc/arm-none-eabi/6.3.0/../../../../arm-none-eabi/lib/thumb/libg.a(lib_a-vfiprintf.o)
 .rodata._vfiprintf_r.str1.4
                0x00000000020206e4       0x2f /home/james/devkitPro/devkitARM/bin/../lib/gcc/arm-none-eabi/6.3.0/../../../../arm-none-eabi/lib/thumb/libg.a(lib_a-vfiprintf.o)
 .rodata.blanks.7260
                0x00000000020206e4       0x10 /home/james/devkitPro/devkitARM/bin/../lib/gcc/arm-none-eabi/6.3.0/../../../../arm-none-eabi/lib/thumb/libg.a(lib_a-vfiprintf.o)
 .rodata.zeroes.7261
                0x00000000020206f4       0x10 /home/james/devkitPro/devkitARM/bin/../lib/gcc/arm-none-eabi/6.3.0/../../../../arm-none-eabi/lib/thumb/libg.a(lib_a-vfiprintf.o)
 .rodata.__svfscanf_r
                0x0000000002020704      0x460 /home/james/devkitPro/devkitARM/bin/../lib/gcc/arm-none-eabi/6.3.0/../../../../arm-none-eabi/lib/thumb/libg.a(lib_a-vfscanf.o)
 .rodata.__svfscanf_r.str1.4
                0x0000000002020b64        0x5 /home/james/devkitPro/devkitARM/bin/../lib/gcc/arm-none-eabi/6.3.0/../../../../arm-none-eabi/lib/thumb/libg.a(lib_a-vfscanf.o)
 *fill*         0x0000000002020b69        0x3 ff
 .rodata.basefix.7337
                0x0000000002020b6c       0x22 /home/james/devkitPro/devkitARM/bin/../lib/gcc/arm-none-eabi/6.3.0/../../../../arm-none-eabi/lib/thumb/libg.a(lib_a-vfscanf.o)
 *fill*         0x0000000002020b8e        0x2 ff
 .rodata._dtoa_r.str1.4
                0x0000000002020b90       0x10 /home/james/devkitPro/devkitARM/bin/../lib/gcc/arm-none-eabi/6.3.0/../../../../arm-none-eabi/lib/thumb/libg.a(lib_a-dtoa.o)
                                         0x12 (size before relaxing)
 .rodata._global_impure_ptr
                0x0000000002020ba0        0x4 /home/james/devkitPro/devkitARM/bin/../lib/gcc/arm-none-eabi/6.3.0/../../../../arm-none-eabi/lib/thumb/libg.a(lib_a-impure.o)
                0x0000000002020ba0                _global_impure_ptr
 .rodata.__jp2uc
                0x0000000002020ba4       0x20 /home/james/devkitPro/devkitARM/bin/../lib/gcc/arm-none-eabi/6.3.0/../../../../arm-none-eabi/lib/thumb/libg.a(lib_a-jp2uc.o)
 .rodata._jp2uc.str1.4
                0x0000000002020bc4       0x12 /home/james/devkitPro/devkitARM/bin/../lib/gcc/arm-none-eabi/6.3.0/../../../../arm-none-eabi/lib/thumb/libg.a(lib_a-jp2uc.o)
 *fill*         0x0000000002020bd6        0x2 ff
 .rodata.a1     0x0000000002020bd8       0xbc /home/james/devkitPro/devkitARM/bin/../lib/gcc/arm-none-eabi/6.3.0/../../../../arm-none-eabi/lib/thumb/libg.a(lib_a-jp2uc.o)
 .rodata.a2     0x0000000002020c94       0xbc /home/james/devkitPro/devkitARM/bin/../lib/gcc/arm-none-eabi/6.3.0/../../../../arm-none-eabi/lib/thumb/libg.a(lib_a-jp2uc.o)
 .rodata.a3     0x0000000002020d50       0x5b /home/james/devkitPro/devkitARM/bin/../lib/gcc/arm-none-eabi/6.3.0/../../../../arm-none-eabi/lib/thumb/libg.a(lib_a-jp2uc.o)
 *fill*         0x0000000002020dab        0x1 ff
 .rodata.a6     0x0000000002020dac       0x70 /home/james/devkitPro/devkitARM/bin/../lib/gcc/arm-none-eabi/6.3.0/../../../../arm-none-eabi/lib/thumb/libg.a(lib_a-jp2uc.o)
 .rodata.a7     0x0000000002020e1c       0xa2 /home/james/devkitPro/devkitARM/bin/../lib/gcc/arm-none-eabi/6.3.0/../../../../arm-none-eabi/lib/thumb/libg.a(lib_a-jp2uc.o)
 *fill*         0x0000000002020ebe        0x2 ff
 .rodata.a8     0x0000000002020ec0       0x40 /home/james/devkitPro/devkitARM/bin/../lib/gcc/arm-none-eabi/6.3.0/../../../../arm-none-eabi/lib/thumb/libg.a(lib_a-jp2uc.o)
 .rodata.b02cf  0x0000000002020f00     0x172a /home/james/devkitPro/devkitARM/bin/../lib/gcc/arm-none-eabi/6.3.0/../../../../arm-none-eabi/lib/thumb/libg.a(lib_a-jp2uc.o)
 *fill*         0x000000000202262a        0x2 ff
 .rodata.d02f4  0x000000000202262c     0x1a7c /home/james/devkitPro/devkitARM/bin/../lib/gcc/arm-none-eabi/6.3.0/../../../../arm-none-eabi/lib/thumb/libg.a(lib_a-jp2uc.o)
 .rodata.str1.4
                0x00000000020240a8       0x48 /home/james/devkitPro/devkitARM/bin/../lib/gcc/arm-none-eabi/6.3.0/../../../../arm-none-eabi/lib/thumb/libg.a(lib_a-locale.o)
                                         0x4c (size before relaxing)
 .rodata._mbrtowc_r.str1.4
                0x00000000020240f0        0x1 /home/james/devkitPro/devkitARM/bin/../lib/gcc/arm-none-eabi/6.3.0/../../../../arm-none-eabi/lib/thumb/libg.a(lib_a-mbrtowc.o)
 .rodata.__mprec_bigtens
                0x00000000020240f0       0x28 /home/james/devkitPro/devkitARM/bin/../lib/gcc/arm-none-eabi/6.3.0/../../../../arm-none-eabi/lib/thumb/libg.a(lib_a-mprec.o)
                0x00000000020240f0                __mprec_bigtens
 .rodata.__mprec_tens
                0x0000000002024118       0xc8 /home/james/devkitPro/devkitARM/bin/../lib/gcc/arm-none-eabi/6.3.0/../../../../arm-none-eabi/lib/thumb/libg.a(lib_a-mprec.o)
                0x0000000002024118                __mprec_tens
 .rodata.p05.6068
                0x00000000020241e0        0xc /home/james/devkitPro/devkitARM/bin/../lib/gcc/arm-none-eabi/6.3.0/../../../../arm-none-eabi/lib/thumb/libg.a(lib_a-mprec.o)
 .rodata._strtod_l
                0x00000000020241ec       0xd0 /home/james/devkitPro/devkitARM/bin/../lib/gcc/arm-none-eabi/6.3.0/../../../../arm-none-eabi/lib/thumb/libg.a(lib_a-strtod.o)
 .rodata._strtod_l.str1.4
                0x00000000020242bc        0xf /home/james/devkitPro/devkitARM/bin/../lib/gcc/arm-none-eabi/6.3.0/../../../../arm-none-eabi/lib/thumb/libg.a(lib_a-strtod.o)
 *fill*         0x00000000020242cb        0x1 ff
 .rodata.fpi.6154
                0x00000000020242cc       0x14 /home/james/devkitPro/devkitARM/bin/../lib/gcc/arm-none-eabi/6.3.0/../../../../arm-none-eabi/lib/thumb/libg.a(lib_a-strtod.o)
 .rodata.fpinan.6190
                0x00000000020242e0       0x14 /home/james/devkitPro/devkitARM/bin/../lib/gcc/arm-none-eabi/6.3.0/../../../../arm-none-eabi/lib/thumb/libg.a(lib_a-strtod.o)
 *fill*         0x00000000020242f4        0x4 ff
 .rodata.tinytens
                0x00000000020242f8       0x28 /home/james/devkitPro/devkitARM/bin/../lib/gcc/arm-none-eabi/6.3.0/../../../../arm-none-eabi/lib/thumb/libg.a(lib_a-strtod.o)
 .rodata.__action_table
                0x0000000002024320       0x6c /home/james/devkitPro/devkitARM/bin/../lib/gcc/arm-none-eabi/6.3.0/../../../../arm-none-eabi/lib/thumb/libg.a(lib_a-svfiprintf.o)
                0x0000000002024320                __action_table
 .rodata.__chclass
                0x000000000202438c      0x100 /home/james/devkitPro/devkitARM/bin/../lib/gcc/arm-none-eabi/6.3.0/../../../../arm-none-eabi/lib/thumb/libg.a(lib_a-svfiprintf.o)
                0x000000000202438c                __chclass
 .rodata.__state_table
                0x000000000202448c       0x6c /home/james/devkitPro/devkitARM/bin/../lib/gcc/arm-none-eabi/6.3.0/../../../../arm-none-eabi/lib/thumb/libg.a(lib_a-svfiprintf.o)
                0x000000000202448c                __state_table
 .rodata._ctype_