Archive member included to satisfy reference by file (symbol)

c:/devkitPro/libnds/lib\libdswifi9.a(wifi_arm9.o)
                              template.o (Wifi_ScanMode)
c:/devkitPro/libnds/lib\libdswifi9.a(sgIP_sockets.o)
                              template.o (socket)
c:/devkitPro/libnds/lib\libdswifi9.a(sgIP_memblock.o)
                              c:/devkitPro/libnds/lib\libdswifi9.a(wifi_arm9.o) (sgIP_memblock_allocHW)
c:/devkitPro/libnds/lib\libdswifi9.a(sgIP_TCP.o)
                              c:/devkitPro/libnds/lib\libdswifi9.a(sgIP_sockets.o) (sgIP_TCP_AllocRecord)
c:/devkitPro/libnds/lib\libdswifi9.a(sgIP_Hub.o)
                              c:/devkitPro/libnds/lib\libdswifi9.a(wifi_arm9.o) (sgIP_Hub_AddHardwareInterface)
c:/devkitPro/libnds/lib\libdswifi9.a(sgIP_DNS.o)
                              c:/devkitPro/libnds/lib\libdswifi9.a(wifi_arm9.o) (sgIP_DNS_GetUnusedRecord)
c:/devkitPro/libnds/lib\libdswifi9.a(spinlock.o)
                              c:/devkitPro/libnds/lib\libdswifi9.a(wifi_arm9.o) (SLasm_Acquire)
c:/devkitPro/libnds/lib\libdswifi9.a(sgIP_DHCP.o)
                              c:/devkitPro/libnds/lib\libdswifi9.a(wifi_arm9.o) (sgIP_DHCP_Start)
c:/devkitPro/libnds/lib\libdswifi9.a(sgIP_UDP.o)
                              c:/devkitPro/libnds/lib\libdswifi9.a(sgIP_sockets.o) (sgIP_UDP_AllocRecord)
c:/devkitPro/libnds/lib\libdswifi9.a(sgIP.o)
                              c:/devkitPro/libnds/lib\libdswifi9.a(wifi_arm9.o) (sgIP_Init)
c:/devkitPro/libnds/lib\libdswifi9.a(sgIP_ARP.o)
                              c:/devkitPro/libnds/lib\libdswifi9.a(sgIP.o) (sgIP_ARP_Init)
c:/devkitPro/libnds/lib\libdswifi9.a(sgIP_IP.o)
                              c:/devkitPro/libnds/lib\libdswifi9.a(sgIP.o) (sgIP_IP_ReceivePacket)
c:/devkitPro/libnds/lib\libdswifi9.a(sgIP_ICMP.o)
                              c:/devkitPro/libnds/lib\libdswifi9.a(sgIP_IP.o) (sgIP_ICMP_ReceivePacket)
c:/devkitPro/libnds/lib\libnds9.a(keys.o)
                              template.o (scanKeys)
c:/devkitPro/libnds/lib\libnds9.a(keyboard.o)
                              template.o (keyboardDemoInit)
c:/devkitPro/libnds/lib\libnds9.a(decompress.o)
                              c:/devkitPro/libnds/lib\libnds9.a(keyboard.o) (decompress)
c:/devkitPro/libnds/lib\libnds9.a(console.o)
                              template.o (consoleSelect)
c:/devkitPro/libnds/lib\libnds9.a(touch.o)
                              template.o (touchRead)
c:/devkitPro/libnds/lib\libnds9.a(background.o)
                              c:/devkitPro/libnds/lib\libnds9.a(keyboard.o) (bgUpdate)
c:/devkitPro/libnds/lib\libnds9.a(initSystem.o)
                              c:/devkitpro/devkitarm/bin/../lib/gcc/arm-none-eabi/5.3.0/../../../../arm-none-eabi/lib/thumb/ds_arm9_crt0.o (initSystem)
c:/devkitPro/libnds/lib\libnds9.a(fifosystem.o)
                              c:/devkitPro/libnds/lib\libdswifi9.a(wifi_arm9.o) (fifoSetValue32Handler)
c:/devkitPro/libnds/lib\libnds9.a(syscalls.o)
                              c:/devkitPro/libnds/lib\libnds9.a(decompress.o) (swiDecompressLZSSVram)
c:/devkitPro/libnds/lib\libnds9.a(libnds_exit.arm.o)
                              c:/devkitpro/devkitarm/bin/../lib/gcc/arm-none-eabi/5.3.0/../../../../arm-none-eabi/lib/thumb/ds_arm9_crt0.o (__libnds_exit)
c:/devkitPro/libnds/lib\libnds9.a(interrupts.o)
                              c:/devkitPro/libnds/lib\libdswifi9.a(wifi_arm9.o) (irqSet)
c:/devkitPro/libnds/lib\libnds9.a(dcache.o)
                              c:/devkitPro/libnds/lib\libdswifi9.a(wifi_arm9.o) (DC_FlushAll)
c:/devkitPro/libnds/lib\libnds9.a(IntrWait.o)
                              c:/devkitPro/libnds/lib\libnds9.a(fifosystem.o) (swiIntrWait)
c:/devkitPro/libnds/lib\libnds9.a(mpu_setup.o)
                              c:/devkitpro/devkitarm/bin/../lib/gcc/arm-none-eabi/5.3.0/../../../../arm-none-eabi/lib/thumb/ds_arm9_crt0.o (__libnds_mpu_setup)
c:/devkitPro/libnds/lib\libnds9.a(swiSoftReset.o)
                              c:/devkitPro/libnds/lib\libnds9.a(fifosystem.o) (swiSoftReset)
c:/devkitPro/libnds/lib\libnds9.a(debugprint.o)
                              c:/devkitPro/libnds/lib\libnds9.a(console.o) (nocashWrite)
c:/devkitPro/libnds/lib\libnds9.a(biosCalls.o)
                              template.o (swiWaitForVBlank)
c:/devkitPro/libnds/lib\libnds9.a(interruptDispatcher.o)
                              c:/devkitPro/libnds/lib\libnds9.a(interrupts.o) (IntrMain)
c:/devkitPro/libnds/lib\libnds9.a(default_font.bin.o)
                              c:/devkitPro/libnds/lib\libnds9.a(console.o) (default_font_bin)
c:/devkitPro/libnds/lib\libnds9.a(keyboardGfx.o)
                              c:/devkitPro/libnds/lib\libnds9.a(keyboard.o) (keyboardGfxTiles)
c:/devkitPro/libnds/lib\libnds9.a(trig.o)
                              c:/devkitPro/libnds/lib\libnds9.a(background.o) (sinLerp)
c:/devkitPro/libnds/lib\libnds9.a(system.o)
[...]
Memory Configuration

Name             Origin             Length             Attributes
rom              0x08000000         0x02000000
ewram            0x02000000         0x003ff000
dtcm             0x0b000000         0x00004000
vectors          0x01000000         0x00000100
itcm             0x01000100         0x00007f00
*default*        0x00000000         0xffffffff

Linker script and memory map

                0x01000000                __vectors_start = ORIGIN (vectors)
                0x01000100                __itcm_start = ORIGIN (itcm)
                0x023ff000                __ewram_end = (ORIGIN (ewram) + 0x3ff000)
                0x023ff000                __eheap_end = (ORIGIN (ewram) + 0x3ff000)
                0x0b000000                __dtcm_start = ORIGIN (dtcm)
                0x0b004000                __dtcm_top = (ORIGIN (dtcm) + 0x4000)
                0x0b003ff8                __irq_flags = (__dtcm_top - 0x8)
                0x0b003ffc                __irq_vector = (__dtcm_top - 0x4)
                0x0b003f00                __sp_svc = (__dtcm_top - 0x100)
                0x0b003e00                __sp_irq = (__sp_svc - 0x100)
                0x0b003d00                __sp_usr = (__sp_irq - 0x100)

.init           0x02000000      0x23c
                0x02000000                __text_start = .
 *(.init)
 .init          0x02000000      0x230 c:/devkitpro/devkitarm/bin/../lib/gcc/arm-none-eabi/5.3.0/../../../../arm-none-eabi/lib/thumb/ds_arm9_crt0.o
                0x02000000                _start
 .init          0x02000230        0x4 c:/devkitpro/devkitarm/bin/../lib/gcc/arm-none-eabi/5.3.0/thumb/crti.o
                0x02000230                _init
 .init          0x02000234        0x8 c:/devkitpro/devkitarm/bin/../lib/gcc/arm-none-eabi/5.3.0/thumb/crtn.o
                0x0200023c                . = ALIGN (0x4)

.plt
 *(.plt)

.text           0x02000240    0x1ae00
 *(EXCLUDE_FILE(*.itcm*) .text)
 .text          0x02000240       0xd4 c:/devkitpro/devkitarm/bin/../lib/gcc/arm-none-eabi/5.3.0/thumb/crtbegin.o
 .text          0x02000314      0x554 template.o
                0x02000314                OnKeyPressed
                0x02000328                findAP
                0x02000444                Wifi_init_and_connect
                0x02000588                SelectIPandPort
                0x020006a0                setup
                0x0200074c                sendStatus
                0x0200084c                toggleCamera
 .text          0x02000868     0x1064 c:/devkitPro/libnds/lib\libdswifi9.a(wifi_arm9.o)
                0x02000868                Wifi_Interface_Init
                0x020008b4                arm9_synctoarm7
                0x020008c0                sgIP_IntrWaitEvent
                0x020008c2                wHeapAllocInit
                0x020008ec                wHeapAlloc
                0x0200098c                wHeapFree
                0x020009a8                sgIP_malloc
                0x020009b0                sgIP_free
                0x020009b8                ethhdr_print
                0x020009ba                erasemem
                0x020009ce                Wifi_CopyMacAddr
                0x020009dc                Wifi_CmpMacAddr
                0x020009fe                Wifi_TxBufferWordsAvailable
                0x02000a24                Wifi_TxBufferWrite
                0x02000a70                Wifi_TransmitFunction
                0x02000c7c                Wifi_RxRawReadPacket
                0x02000ce4                Wifi_RxReadOffset
                0x02000d10                Wifi_RawTxFrame
                0x02000dd0                Wifi_RawSetPacketHandler
                0x02000ddc                Wifi_SetSyncHandler
                0x02000de8                Wifi_DisableWifi
                0x02000e00                Wifi_EnableWifi
                0x02000e14                Wifi_SetPromiscuousMode
                0x02000e30                Wifi_ScanMode
                0x02000e48                Wifi_SetChannel
                0x02000e6c                Wifi_GetNumAP
                0x02000e94                Wifi_GetAPData
                0x02000f28                Wifi_FindMatchingAP
                0x02000fe6                Wifi_AutoConnect
                0x0200100c                Wifi_DisconnectAP
                0x02001030                Wifi_ConnectAP
                0x02001134                Wifi_Init
                0x020011b0                Wifi_CheckInit
                0x020011d0                Wifi_Update
                0x02001408                Wifi_Timer
                0x02001418                Timer_50ms
                0x02001422                Wifi_GetIP
                0x02001434                Wifi_GetIPInfo
                0x0200146c                Wifi_SetIP
                0x02001490                Wifi_AssocStatus
                0x02001794                Wifi_SetDHCP
                0x02001796                Wifi_GetData
                0x020017f4                Wifi_GetStats
                0x02001814                Wifi_Sync
                0x02001830                wifiValue32Handler
                0x0200183c                Wifi_InitDefault
 .text          0x020018cc      0xba4 c:/devkitPro/libnds/lib\libdswifi9.a(sgIP_sockets.o)
                0x020018cc                sgIP_sockets_Init
                0x020018ec                spawn_socket
                0x02001940                kill_socket
                0x02001974                socket
                0x02001a04                forceclosesocket
                0x02001a60                sgIP_sockets_Timer1000ms
                0x02001ab0                bind
                0x02001b10                connect
                0x02001bc4                send
                0x02001c5c                recv
                0x02001cf4                sendto
                0x02001d6c                recvfrom
                0x02001e1c                listen
                0x02001e7c                accept
                0x02001f5c                shutdown
                0x02001fb8                closesocket
                0x02002050                ioctl
                0x02002104                setsockopt
                0x02002108                getsockopt
                0x0200210c                getpeername
                0x02002198                getsockname
                0x0200222c                gethostbyname
                0x02002234                select
 .text          0x02002470      0x208 c:/devkitPro/libnds/lib\libdswifi9.a(sgIP_memblock.o)
                0x02002470                sgIP_memblock_Init
                0x02002472                sgIP_memblock_allocHW
                0x02002496                sgIP_memblock_alloc
                0x020024a2                sgIP_memblock_free
                0x020024cc                sgIP_memblock_exposeheader
                0x020024f2                sgIP_memblock_trimsize
                0x02002522                sgIP_memblock_IPChecksum
                0x020025bc                sgIP_memblock_CopyToLinear
                0x02002618                sgIP_memblock_CopyFromLinear
                0x02002674                sgIP_memblock_CopyBlock
 .text          0x02002678      0xf08 c:/devkitPro/libnds/lib\libdswifi9.a(sgIP_TCP.o)
                0x02002678                sgIP_TCP_Init
                0x020026ac                sgIP_TCP_support_seqhash
                0x020026fc                sgIP_TCP_GetUnusedOutgoingPort
                0x0200275c                sgIP_TCP_CalcChecksum
                0x020027b4                sgIP_TCP_GenHeader
                0x0200285c                sgIP_TCP_FixChecksum
                0x020028b8                sgIP_TCP_SendPacket
                0x02002978                sgIP_TCP_SendSynReply
                0x02002a18                sgIP_TCP_Timer
                0x02002bcc                sgIP_TCP_AllocRecord
                0x02002c14                sgIP_TCP_ReceivePacket
                0x0200313c                sgIP_TCP_FreeRecord
                0x02003204                sgIP_TCP_Bind
                0x0200322c                sgIP_TCP_Listen
                0x02003280                sgIP_TCP_Accept
                0x02003300                sgIP_TCP_Close
                0x02003330                sgIP_TCP_Connect
                0x020033ac                sgIP_TCP_Send
                0x0200349c                sgIP_TCP_Recv
 .text          0x02003580      0x1e0 c:/devkitPro/libnds/lib\libdswifi9.a(sgIP_Hub.o)
                0x02003580                sgIP_Hub_Init
                0x02003594                sgIP_Hub_AddProtocolInterface
                0x020035d4                sgIP_Hub_AddHardwareInterface
                0x02003610                sgIP_Hub_RemoveProtocolInterface
                0x0200362c                sgIP_Hub_RemoveHardwareInterface
                0x02003648                sgIP_Hub_ReceiveHardwarePacket
                0x020036a0                sgIP_Hub_SendProtocolPacket
                0x020036e4                sgIP_Hub_SendRawPacket
                0x02003708                sgIP_Hub_IPMaxMessageSize
                0x02003710                sgIP_Hub_GetCompatibleIP
                0x02003724                sgIP_Hub_GetDefaultInterface
                0x02003738                htons
                0x02003744                htonl
 .text          0x02003760      0x8fc c:/devkitPro/libnds/lib\libdswifi9.a(sgIP_DNS.o)
                0x020037d0                sgIP_DNS_Init
                0x02003810                sgIP_DNS_Timer1000ms
                0x02003860                sgIP_DNS_isipaddress
                0x020039fc                sgIP_DNS_FindDNSRecord
                0x02003ad4                sgIP_DNS_GetUnusedRecord
                0x02003b6c                sgIP_DNS_GenerateHostent
                0x02003c1c                sgIP_DNS_CopyAliasAt
                0x02003c74                sgIP_DNS_gethostbyname
                0x02004020                inet_addr
                0x02004036                inet_aton
                0x0200404c                inet_ntoa
 .text          0x0200405c       0x5c c:/devkitPro/libnds/lib\libdswifi9.a(spinlock.o)
                0x0200405c                SLasm_Acquire
                0x02004090                SLasm_Release
 .text          0x020040b8      0x7f4 c:/devkitPro/libnds/lib\libdswifi9.a(sgIP_DHCP.o)
                0x020040b8                sgIP_DHCP_Init
                0x020040f8                sgIP_DHCP_SetHostName
                0x02004114                sgIP_DHCP_IsDhcpIp
                0x02004124                sgIP_DHCP_SendDgram
                0x02004194                sgIP_DHCP_BeginDgram
                0x02004370                sgIP_DHCP_Terminate
                0x020043a8                sgIP_DHCP_Start
                0x02004468                sgIP_DHCP_Release
                0x0200449c                sgIP_DHCP_Update
                0x02004814                gethostname
                0x02004848                sethostname
 .text          0x020048ac      0x3c4 c:/devkitPro/libnds/lib\libdswifi9.a(sgIP_UDP.o)
                0x020048ac                sgIP_UDP_Init
                0x020048c8                sgIP_UDP_GetUnusedOutgoingPort
                0x0200491c                sgIP_UDP_CalcChecksum
                0x02004984                sgIP_UDP_ReceivePacket
                0x02004a20                sgIP_UDP_SendPacket
                0x02004ae8                sgIP_UDP_AllocRecord
                0x02004b20                sgIP_UDP_FreeRecord
                0x02004b6c                sgIP_UDP_Bind
                0x02004ba4                sgIP_UDP_RecvFrom
                0x02004c60                sgIP_UDP_SendTo
 .text          0x02004c70       0xa8 c:/devkitPro/libnds/lib\libdswifi9.a(sgIP.o)
                0x02004c70                sgIP_Init
                0x02004cac                sgIP_Timer
 .text          0x02004d18      0x564 c:/devkitPro/libnds/lib\libdswifi9.a(sgIP_ARP.o)
                0x02004d18                sgIP_FindArpSlot
                0x02004d4c                sgIP_GetArpSlot
                0x02004d98                sgIP_is_broadcast_address
                0x02004da6                sgIP_ARP_Check_isok
                0x02004daa                sgIP_ARP_Init
                0x02004dcc                sgIP_ARP_FlushInterface
                0x02004df8                sgIP_ARP_ProcessIPFrame
                0x02004dfc                sgIP_ARP_SendARPResponse
                0x02004ec8                sgIP_ARP_SendGratARP
                0x02004f98                sgIP_ARP_SendARPRequest
                0x02005060                sgIP_ARP_Timer100ms
                0x020050b8                sgIP_ARP_SendProtocolFrame
                0x020051a8                sgIP_ARP_ProcessARPFrame
 .text          0x0200527c      0x128 c:/devkitPro/libnds/lib\libdswifi9.a(sgIP_IP.o)
                0x0200527c                sgIP_IP_ReceivePacket
                0x02005314                sgIP_IP_MaxContentsSize
                0x0200531e                sgIP_IP_RequiredHeaderSize
                0x02005322                sgIP_IP_SendViaIP
                0x02005394                sgIP_IP_GetLocalBindAddr
 .text          0x020053a4       0x64 c:/devkitPro/libnds/lib\libdswifi9.a(sgIP_ICMP.o)
                0x020053a4                sgIP_ICMP_Init
                0x020053a6                sgIP_ICMP_ReceivePacket
 .text          0x02005408       0xf4 c:/devkitPro/libnds/lib\libnds9.a(keys.o)
                0x02005408                scanKeys
                0x02005474                keysHeld
                0x02005480                keysDown
                0x02005490                keysDownRepeat
                0x020054a0                keysSetRepeat
                0x020054b8                keysUp
                0x020054c8                keysCurrent
 .text          0x020054fc      0x7cc c:/devkitPro/libnds/lib\libnds9.a(keyboard.o)
                0x020054fc                keyboardGetKey
                0x02005550                keyboardShiftState
                0x020055e8                swapKeyGfx
                0x02005730                keyboardUpdate
                0x0200583c                keyboardGetDefault
                0x02005848                keyboardInit
                0x02005a44                keyboardDemoInit
                0x02005a70                keyboardShow
                0x02005b4c                keyboardHide
                0x02005bd4                keyboardRead
                0x02005c70                keyboardGetChar
                0x02005ca0                keyboardGetString
 .text          0x02005cc8       0x84 c:/devkitPro/libnds/lib\libnds9.a(decompress.o)
                0x02005cc8                getHeader
                0x02005ccc                readByte
                0x02005cd0                decompress
                0x02005d10                decompressStream
 .text          0x02005d4c      0xa30 c:/devkitPro/libnds/lib\libnds9.a(console.o)
                0x02005dfc                nocash_write
                0x02005e0c                consoleGetDefault
                0x02005e18                consoleSelect
                0x02005e28                consoleDebugInit
                0x02005e78                consolePrintChar
                0x02006058                consoleLoadFont
                0x020062d4                consoleSetFont
                0x020062f4                consoleInit
                0x0200645c                consoleDemoInit
                0x020064a0                con_write
                0x0200674c                consoleClear
                0x0200675c                consoleSetWindow
 .text          0x0200677c       0x48 c:/devkitPro/libnds/lib\libnds9.a(touch.o)
                0x0200677c                touchRead
                0x020067a0                touchReadXY
 .text          0x020067c4      0x350 c:/devkitPro/libnds/lib\libnds9.a(background.o)
                0x02006800                bgIsText
                0x0200680c                checkIfText
                0x02006834                bgUpdate
                0x02006924                bgInit_call
                0x02006a14                bgInitSub_call
 .text          0x02006b14      0x148 c:/devkitPro/libnds/lib\libnds9.a(initSystem.o)
                0x02006b14                initSystem
 .text          0x02006c5c      0xd04 c:/devkitPro/libnds/lib\libnds9.a(fifosystem.o)
                0x02006eb0                fifoSetValue32Handler
                0x02006f24                fifoSendAddress
                0x02006f5c                fifoSendValue32
                0x02006fac                fifoSendDatamsg
                0x0200703c                fifoGetAddress
                0x020070a8                fifoSetAddressHandler
                0x0200711c                fifoGetValue32
                0x02007130                fifoGetDatamsg
                0x02007660                fifoSetDatamsgHandler
                0x020076f8                fifoCheckAddress
                0x0200771c                fifoCheckDatamsg
                0x02007740                fifoCheckDatamsgLength
                0x02007770                fifoCheckValue32
                0x02007794                fifoInit
 .text          0x02007960       0x1c c:/devkitPro/libnds/lib\libnds9.a(syscalls.o)
                0x02007960                swiDecompressLZSSVram
 *fill*         0x0200797c        0x4 ff
 .text          0x02007980       0x60 c:/devkitPro/libnds/lib\libnds9.a(libnds_exit.arm.o)
                0x02007980                systemErrorExit
                0x02007984                __libnds_exit
 .text          0x020079e0      0x1e8 c:/devkitPro/libnds/lib\libnds9.a(interrupts.o)
                0x020079e0                irqDummy
                0x020079e4                irqSet
                0x02007a50                irqInitHandler
                0x02007a78                irqInit
                0x02007ac8                irqEnable
                0x02007b2c                irqDisable
                0x02007b90                irqClear
 .text          0x02007bc8       0x88 c:/devkitPro/libnds/lib\libnds9.a(dcache.o)
                0x02007bc8                DC_FlushAll
                0x02007bf4                DC_FlushRange
                0x02007c18                DC_InvalidateAll
                0x02007c24                DC_InvalidateRange
 .text          0x02007c50       0x20 c:/devkitPro/libnds/lib\libnds9.a(IntrWait.o)
                0x02007c50                swiIntrWait
 .text          0x02007c70      0x1b4 c:/devkitPro/libnds/lib\libnds9.a(mpu_setup.o)
                0x02007c70                __libnds_mpu_setup
                0x02007db0                memCached
                0x02007dc8                memUncached
 *fill*         0x02007e24        0xc ff
 .text          0x02007e30       0x30 c:/devkitPro/libnds/lib\libnds9.a(swiSoftReset.o)
                0x02007e30                swiSoftReset
 .text          0x02007e60       0xa4 c:/devkitPro/libnds/lib\libnds9.a(debugprint.o)
                0x02007e60                nocashWrite
                0x02007e62                nocashMessage
 *fill*         0x02007f04        0xc ff
 .text          0x02007f10       0x70 c:/devkitPro/libnds/lib\libnds9.a(biosCalls.o)
                0x02007f10                swiDelay
                0x02007f14                swiWaitForVBlank
                0x02007f18                swiSleep
                0x02007f1c                swiChangeSoundBias
                0x02007f20                swiDivide
                0x02007f24                swiRemainder
                0x02007f2a                swiDivMod
                0x02007f36                swiCopy
                0x02007f3a                swiFastCopy
                0x02007f3e                swiSqrt
                0x02007f42                swiCRC16
                0x02007f46                swiIsDebugger
                0x02007f4a                swiUnpackBits
                0x02007f4e                swiDecompressLZSSWram
                0x02007f52                swiDecompressLZSSVramNTR
                0x02007f56                swiDecompressLZSSVramTWL
                0x02007f5a                swiDecompressHuffman
                0x02007f5e                swiDecompressRLEWram
                0x02007f62                swiDecompressRLEVram
                0x02007f66                swiWaitForIRQ
                0x02007f6a                swiDecodeDelta8
                0x02007f6e                swiDecodeDelta16
                0x02007f72                swiSetHaltCR
 .text          0x02007f80      0x2a0 c:/devkitPro/libnds/lib\libnds9.a(trig.o)
                0x02007f80                asinComp
                0x02007fa4                sinLutLookup
                0x02007fdc                sinLerp
                0x02008078                cosLerp
                0x0200808c                tanLutLookup
                0x020080c4                tanLerp
                0x0200816c                asinLerp
                0x020081e8                acosLerp
                0x020081fc                atanComp
 .text          0x02008220      0x140 c:/devkitPro/libnds/lib\libnds9.a(system.o)
                0x02008220                setSDcallback
                0x0200822c                systemValueHandler
                0x02008274                systemMsgHandler
                0x020082c4                systemSleep
                0x020082dc                powerOn
                0x02008308                powerOff
                0x02008330                ledBlink
                0x02008340                getBatteryLevel
 .text          0x02008360      0x1bc c:/devkitPro/libnds/lib\libnds9.a(video.o)
                0x02008360                vramSetMainBanks
                0x020083a4                vramSetPrimaryBanks
                0x020083ac                vramSetBanks_EFG
                0x020083e4                vramRestorePrimaryBanks
                0x020083f0                vramRestoreMainBanks
                0x020083fc                vramRestoreBanks_EFG
                0x02008408                setBrightness
                0x02008448                vramDefault
 .text          0x0200851c       0x24 c:/devkitPro/libnds/lib\libnds9.a(timeSupport.o)
                0x0200851c                __libnds_gtod
 .text          0x02008540       0x14 c:/devkitpro/devkitarm/bin/../lib/gcc/arm-none-eabi/5.3.0/thumb\libgcc.a(_thumb1_case_uqi.o)
                0x02008540                __gnu_thumb1_case_uqi
 .text          0x02008554       0x14 c:/devkitpro/devkitarm/bin/../lib/gcc/arm-none-eabi/5.3.0/thumb\libgcc.a(_thumb1_case_uhi.o)
                0x02008554                __gnu_thumb1_case_uhi
 .text          0x02008568      0x11c c:/devkitpro/devkitarm/bin/../lib/gcc/arm-none-eabi/5.3.0/thumb\libgcc.a(_udivsi3.o)
                0x02008568                __aeabi_uidiv
                0x02008568                __udivsi3
                0x02008664                __aeabi_uidivmod
 .text          0x02008684      0x150 c:/devkitpro/devkitarm/bin/../lib/gcc/arm-none-eabi/5.3.0/thumb\libgcc.a(_divsi3.o)
                0x02008684                __divsi3
                0x02008684                __aeabi_idiv
                0x020087b4                __aeabi_idivmod
 .text          0x020087d4        0x4 c:/devkitpro/devkitarm/bin/../lib/gcc/arm-none-eabi/5.3.0/thumb\libgcc.a(_dvmd_tls.o)
                0x020087d4                __aeabi_idiv0
                0x020087d4                __aeabi_ldiv0
 .text          0x020087d8      0x224 c:/devkitpro/devkitarm/bin/../lib/gcc/arm-none-eabi/5.3.0/../../../../arm-none-eabi/lib/thumb\libg.a(lib_a-strcmp.o)
                0x020087d8                strcmp
 .text          0x020089fc      0x160 c:/devkitpro/devkitarm/bin/../lib/gcc/arm-none-eabi/5.3.0/../../../../arm-none-eabi/lib/thumb\libsysbase.a(iosupport.o)
                0x02008a00                setDefaultDevice
                0x02008a10                FindDevice
                0x02008a9c                RemoveDevice
                0x02008ac0                AddDevice
                0x02008b3c                GetDeviceOpTab
 .text          0x02008b5c       0x54 c:/devkitpro/devkitarm/bin/../lib/gcc/arm-none-eabi/5.3.0/../../../../arm-none-eabi/lib/thumb\libsysbase.a(close.o)
                0x02008b5c                _close_r
 .text          0x02008bb0       0x44 c:/devkitpro/devkitarm/bin/../lib/gcc/arm-none-eabi/5.3.0/../../../../arm-none-eabi/lib/thumb\libsysbase.a(fstat.o)
                0x02008bb0                _fstat_r
 .text          0x02008bf4        0x4 c:/devkitpro/devkitarm/bin/../lib/gcc/arm-none-eabi/5.3.0/../../../../arm-none-eabi/lib/thumb\libsysbase.a(isatty.o)
                0x02008bf4                _isatty_r
 .text          0x02008bf8       0x48 c:/devkitpro/devkitarm/bin/../lib/gcc/arm-none-eabi/5.3.0/../../../../arm-none-eabi/lib/thumb\libsysbase.a(lseek.o)
                0x02008bf8                _lseek_r
 .text          0x02008c40       0x48 c:/devkitpro/devkitarm/bin/../lib/gcc/arm-none-eabi/5.3.0/../../../../arm-none-eabi/lib/thumb\libsysbase.a(read.o)
                0x02008c40                _read_r
 .text          0x02008c88       0x54 c:/devkitpro/devkitarm/bin/../lib/gcc/arm-none-eabi/5.3.0/../../../../arm-none-eabi/lib/thumb\libsysbase.a(sbrk.o)
                0x02008c88                _sbrk_r
 .text          0x02008cdc       0x48 c:/devkitpro/devkitarm/bin/../lib/gcc/arm-none-eabi/5.3.0/../../../../arm-none-eabi/lib/thumb\libsysbase.a(write.o)
                0x02008cdc                _write_r
 .text          0x02008d24       0x4c c:/devkitpro/devkitarm/bin/../lib/gcc/arm-none-eabi/5.3.0/../../../../arm-none-eabi/lib/thumb\libsysbase.a(build_argv.o)
                0x02008d24                build_argv
 .text          0x02008d70       0x20 c:/devkitpro/devkitarm/bin/../lib/gcc/arm-none-eabi/5.3.0/../../../../arm-none-eabi/lib/thumb\libsysbase.a(flock.o)
                0x02008d70                __flockfile
                0x02008d80                __funlockfile
 .text          0x02008d90      0x104 c:/devkitpro/devkitarm/bin/../lib/gcc/arm-none-eabi/5.3.0/../../../../arm-none-eabi/lib/thumb\libsysbase.a(syscall_support.o)
                0x02008d90                __libc_lock_init
                0x02008da8                __libc_lock_acquire
                0x02008dc0                __libc_lock_try_acquire
                0x02008de0                __libc_lock_release
                0x02008df8                __libc_lock_close
                0x02008e10                __libc_lock_init_recursive
                0x02008e28                __libc_lock_acquire_recursive
                0x02008e40                __libc_lock_try_acquire_recursive
                0x02008e60                __libc_lock_release_recursive
                0x02008e78                __libc_lock_close_recursive
 .text          0x02008e94      0x204 c:/devkitpro/devkitarm/bin/../lib/gcc/arm-none-eabi/5.3.0/../../../../arm-none-eabi/lib/thumb\libsysbase.a(handle_manager.o)
                0x02008e94                __free_handle
                0x02008ecc                __release_handle
                0x02008f04                __alloc_handle
                0x02008f5c                __get_handle
                0x02008f78                dup
                0x02008fec                dup2
 .text          0x02009098       0x28 c:/devkitpro/devkitarm/bin/../lib/gcc/arm-none-eabi/5.3.0/../../../../arm-none-eabi/lib/thumb\libsysbase.a(getreent.o)
                0x02009098                __getreent
 .text          0x020090c0      0x41c c:/devkitpro/devkitarm/bin/../lib/gcc/arm-none-eabi/5.3.0/thumb\libgcc.a(_arm_addsubdf3.o)
                0x020090c0                __aeabi_drsub
                0x020090c8                __aeabi_dsub
                0x020090c8                __subdf3
                0x020090cc                __aeabi_dadd
                0x020090cc                __adddf3
                0x020093dc                __floatunsidf
                0x020093dc                __aeabi_ui2d
                0x02009400                __floatsidf
                0x02009400                __aeabi_i2d
                0x02009428                __aeabi_f2d
                0x02009428                __extendsfdf2
                0x02009468                __floatundidf
                0x02009468                __aeabi_ul2d
                0x0200947c                __floatdidf
                0x0200947c                __aeabi_l2d
 .text          0x020094dc      0x49c c:/devkitpro/devkitarm/bin/../lib/gcc/arm-none-eabi/5.3.0/thumb\libgcc.a(_arm_muldivdf3.o)
                0x020094dc                __aeabi_dmul
                0x020094dc                __muldf3
                0x0200976c                __divdf3
                0x0200976c                __aeabi_ddiv
 .text          0x02009978      0x144 c:/devkitpro/devkitarm/bin/../lib/gcc/arm-none-eabi/5.3.0/thumb\libgcc.a(_arm_cmpdf2.o)
                0x02009978                __gtdf2
                0x02009978                __gedf2
                0x02009980                __ltdf2
                0x02009980                __ledf2
                0x02009988                __nedf2
                0x02009988                __eqdf2
                0x02009988                __cmpdf2
                0x02009a10                __aeabi_cdrcmple
                0x02009a2c                __aeabi_cdcmpeq
                0x02009a2c                __aeabi_cdcmple
                0x02009a44                __aeabi_dcmpeq
                0x02009a5c                __aeabi_dcmplt
                0x02009a74                __aeabi_dcmple
                0x02009a8c                __aeabi_dcmpge
                0x02009aa4                __aeabi_dcmpgt
 .text          0x02009abc       0x5c c:/devkitpro/devkitarm/bin/../lib/gcc/arm-none-eabi/5.3.0/thumb\libgcc.a(_arm_fixdfsi.o)
                0x02009abc                __aeabi_d2iz
                0x02009abc                __fixdfsi
 .text          0x02009b18       0x54 c:/devkitpro/devkitarm/bin/../lib/gcc/arm-none-eabi/5.3.0/thumb\libgcc.a(_arm_fixunsdfsi.o)
                0x02009b18                __aeabi_d2uiz
                0x02009b18                __fixunsdfsi
 .text          0x02009b6c       0xa0 c:/devkitpro/devkitarm/bin/../lib/gcc/arm-none-eabi/5.3.0/thumb\libgcc.a(_arm_truncdfsf2.o)
                0x02009b6c                __truncdfsf2
                0x02009b6c                __aeabi_d2f
 .text          0x02009c0c       0x3c c:/devkitpro/devkitarm/bin/../lib/gcc/arm-none-eabi/5.3.0/thumb\libgcc.a(_aeabi_uldivmod.o)
                0x02009c0c                __aeabi_uldivmod
 .text          0x02009c48       0x60 c:/devkitpro/devkitarm/bin/../lib/gcc/arm-none-eabi/5.3.0/thumb\libgcc.a(_muldi3.o)
                0x02009c48                __muldi3
                0x02009c48                __aeabi_lmul
 .text          0x02009ca8      0x184 c:/devkitpro/devkitarm/bin/../lib/gcc/arm-none-eabi/5.3.0/thumb\libgcc.a(_udivmoddi4.o)
                0x02009ca8                __udivmoddi4
 .text          0x02009e2c       0x28 c:/devkitpro/devkitarm/bin/../lib/gcc/arm-none-eabi/5.3.0/thumb\libgcc.a(_clzdi2.o)
                0x02009e2c                __clzdi2
 .text          0x02009e54       0x48 c:/devkitpro/devkitarm/bin/../lib/gcc/arm-none-eabi/5.3.0/thumb\libgcc.a(_clzsi2.o)
                0x02009e54                __clzsi2
 *(.text.*)
 .text.startup  0x02009e9c      0x3c0 template.o
                0x02009e9c                main
 .text.bsearch  0x0200a25c       0x64 c:/devkitpro/devkitarm/bin/../lib/gcc/arm-none-eabi/5.3.0/../../../../arm-none-eabi/lib/thumb\libg.a(lib_a-bsearch.o)
                0x0200a25c                bsearch
 .text.__errno  0x0200a2c0        0xc c:/devkitpro/devkitarm/bin/../lib/gcc/arm-none-eabi/5.3.0/../../../../arm-none-eabi/lib/thumb\libg.a(lib_a-errno.o)
                0x0200a2c0                __errno
 .text.__libc_init_array
                0x0200a2cc       0x58 c:/devkitpro/devkitarm/bin/../lib/gcc/arm-none-eabi/5.3.0/../../../../arm-none-eabi/lib/thumb\libg.a(lib_a-init.o)
                0x0200a2cc                __libc_init_array
 .text.iprintf  0x0200a324       0x24 c:/devkitpro/devkitarm/bin/../lib/gcc/arm-none-eabi/5.3.0/../../../../arm-none-eabi/lib/thumb\libg.a(lib_a-iprintf.o)
                0x0200a324                iprintf
 .text.malloc   0x0200a348       0x14 c:/devkitpro/devkitarm/bin/../lib/gcc/arm-none-eabi/5.3.0/../../../../arm-none-eabi/lib/thumb\libg.a(lib_a-malloc.o)
                0x0200a348                malloc
 .text.free     0x0200a35c       0x14 c:/devkitpro/devkitarm/bin/../lib/gcc/arm-none-eabi/5.3.0/../../../../arm-none-eabi/lib/thumb\libg.a(lib_a-malloc.o)
                0x0200a35c                free
 .text._malloc_r
                0x0200a370      0x564 c:/devkitpro/devkitarm/bin/../lib/gcc/arm-none-eabi/5.3.0/../../../../arm-none-eabi/lib/thumb\libg.a(lib_a-mallocr.o)
                0x0200a370                _malloc_r
 .text.memcpy   0x0200a8d4       0x80 c:/devkitpro/devkitarm/bin/../lib/gcc/arm-none-eabi/5.3.0/../../../../arm-none-eabi/lib/thumb\libg.a(lib_a-memcpy.o)
                0x0200a8d4                memcpy
 .text.memset   0x0200a954       0x94 c:/devkitpro/devkitarm/bin/../lib/gcc/arm-none-eabi/5.3.0/../../../../arm-none-eabi/lib/thumb\libg.a(lib_a-memset.o)
                0x0200a954                memset
 .text.__malloc_lock
                0x0200a9e8       0x14 c:/devkitpro/devkitarm/bin/../lib/gcc/arm-none-eabi/5.3.0/../../../../arm-none-eabi/lib/thumb\libg.a(lib_a-mlock.o)
                0x0200a9e8                __malloc_lock
 .text.__malloc_unlock
                0x0200a9fc       0x14 c:/devkitpro/devkitarm/bin/../lib/gcc/arm-none-eabi/5.3.0/../../../../arm-none-eabi/lib/thumb\libg.a(lib_a-mlock.o)
                0x0200a9fc                __malloc_unlock
 .text._perror_r
                0x0200aa10       0x4c c:/devkitpro/devkitarm/bin/../lib/gcc/arm-none-eabi/5.3.0/../../../../arm-none-eabi/lib/thumb\libg.a(lib_a-perror.o)
                0x0200aa10                _perror_r
 .text.perror   0x0200aa5c       0x14 c:/devkitpro/devkitarm/bin/../lib/gcc/arm-none-eabi/5.3.0/../../../../arm-none-eabi/lib/thumb\libg.a(lib_a-perror.o)
                0x0200aa5c                perror
 .text.scanf    0x0200aa70       0x24 c:/devkitpro/devkitarm/bin/../lib/gcc/arm-none-eabi/5.3.0/../../../../arm-none-eabi/lib/thumb\libg.a(lib_a-scanf.o)
                0x0200aa70                scanf
 .text.setvbuf  0x0200aa94      0x148 c:/devkitpro/devkitarm/bin/../lib/gcc/arm-none-eabi/5.3.0/../../../../arm-none-eabi/lib/thumb\libg.a(lib_a-setvbuf.o)
                0x0200aa94                setvbuf
 .text.siscanf  0x0200abdc       0x4c c:/devkitpro/devkitarm/bin/../lib/gcc/arm-none-eabi/5.3.0/../../../../arm-none-eabi/lib/thumb\libg.a(lib_a-siscanf.o)
                0x0200abdc                siscanf
 .text.snprintf
                0x0200ac28       0x80 c:/devkitpro/devkitarm/bin/../lib/gcc/arm-none-eabi/5.3.0/../../../../arm-none-eabi/lib/thumb\libg.a(lib_a-snprintf.o)
                0x0200ac28                snprintf
 .text.__sread  0x0200aca8       0x2c c:/devkitpro/devkitarm/bin/../lib/gcc/arm-none-eabi/5.3.0/../../../../arm-none-eabi/lib/thumb\libg.a(lib_a-stdio.o)
                0x0200aca8                __sread
 .text.__seofread
                0x0200acd4        0x4 c:/devkitpro/devkitarm/bin/../lib/gcc/arm-none-eabi/5.3.0/../../../../arm-none-eabi/lib/thumb\libg.a(lib_a-stdio.o)
                0x0200acd4                __seofread
 .text.__swrite
                0x0200acd8       0x3c c:/devkitpro/devkitarm/bin/../lib/gcc/arm-none-eabi/5.3.0/../../../../arm-none-eabi/lib/thumb\libg.a(lib_a-stdio.o)
                0x0200acd8                __swrite
 .text.__sseek  0x0200ad14       0x30 c:/devkitpro/devkitarm/bin/../lib/gcc/arm-none-eabi/5.3.0/../../../../arm-none-eabi/lib/thumb\libg.a(lib_a-stdio.o)
                0x0200ad14                __sseek
 .text.__sclose
                0x0200ad44       0x10 c:/devkitpro/devkitarm/bin/../lib/gcc/arm-none-eabi/5.3.0/../../../../arm-none-eabi/lib/thumb\libg.a(lib_a-stdio.o)
                0x0200ad44                __sclose
 .text.strcpy   0x0200ad54       0x10 c:/devkitpro/devkitarm/bin/../lib/gcc/arm-none-eabi/5.3.0/../../../../arm-none-eabi/lib/thumb\libg.a(lib_a-strcpy.o)
                0x0200ad54                strcpy
 .text._strerror_r
                0x0200ad64      0x2bc c:/devkitpro/devkitarm/bin/../lib/gcc/arm-none-eabi/5.3.0/../../../../arm-none-eabi/lib/thumb\libg.a(lib_a-strerror.o)
                0x0200ad64                _strerror_r
 .text.strlen   0x0200b020       0x6c c:/devkitpro/devkitarm/bin/../lib/gcc/arm-none-eabi/5.3.0/../../../../arm-none-eabi/lib/thumb\libg.a(lib_a-strlen.o)
                0x0200b020                strlen
 .text.strncpy  0x0200b08c       0x7c c:/devkitpro/devkitarm/bin/../lib/gcc/arm-none-eabi/5.3.0/../../../../arm-none-eabi/lib/thumb\libg.a(lib_a-strncpy.o)
                0x0200b08c                strncpy
 .text._sungetc_r
                0x0200b108       0x8c c:/devkitpro/devkitarm/bin/../lib/gcc/arm-none-eabi/5.3.0/../../../../arm-none-eabi/lib/thumb\libg.a(lib_a-svfiscanf.o)
                0x0200b108                _sungetc_r
 .text.__ssrefill_r
                0x0200b194       0x44 c:/devkitpro/devkitarm/bin/../lib/gcc/arm-none-eabi/5.3.0/../../../../arm-none-eabi/lib/thumb\libg.a(lib_a-svfiscanf.o)
                0x0200b194                __ssrefill_r
 .text._sfread_r
                0x0200b1d8       0x90 c:/devkitpro/devkitarm/bin/../lib/gcc/arm-none-eabi/5.3.0/../../../../arm-none-eabi/lib/thumb\libg.a(lib_a-svfiscanf.o)
                0x0200b1d8                _sfread_r
 .text.__ssvfiscanf_r
                0x0200b268     0x1498 c:/devkitpro/devkitarm/bin/../lib/gcc/arm-none-eabi/5.3.0/../../../../arm-none-eabi/lib/thumb\libg.a(lib_a-svfiscanf.o)
                0x0200b268                __ssvfiscanf_r
 .text.get_arg  0x0200c700      0xcb0 c:/devkitpro/devkitarm/bin/../lib/gcc/arm-none-eabi/5.3.0/../../../../arm-none-eabi/lib/thumb\libg.a(lib_a-svfprintf.o)
 .text._svfprintf_r
                0x0200d3b0     0x3114 c:/devkitpro/devkitarm/bin/../lib/gcc/arm-none-eabi/5.3.0/../../../../arm-none-eabi/lib/thumb\libg.a(lib_a-svfprintf.o)
                0x0200d3b0                _svfprintf_r
 .text.__submore
                0x020104c4       0x88 c:/devkitpro/devkitarm/bin/../lib/gcc/arm-none-eabi/5.3.0/../../../../arm-none-eabi/lib/thumb\libg.a(lib_a-ungetc.o)
                0x020104c4                __submore
 .text._ungetc_r
                0x0201054c      0x128 c:/devkitpro/devkitarm/bin/../lib/gcc/arm-none-eabi/5.3.0/../../../../arm-none-eabi/lib/thumb\libg.a(lib_a-ungetc.o)
                0x0201054c                _ungetc_r
 .text._user_strerror
                0x02010674        0x4 c:/devkitpro/devkitarm/bin/../lib/gcc/arm-none-eabi/5.3.0/../../../../arm-none-eabi/lib/thumb\libg.a(lib_a-u_strerr.o)
                0x02010674                _user_strerror
 .text.get_arg  0x02010678      0xcb0 c:/devkitpro/devkitarm/bin/../lib/gcc/arm-none-eabi/5.3.0/../../../../arm-none-eabi/lib/thumb\libg.a(lib_a-vfiprintf.o)
 .text.__sprint_r.part.0
                0x02011328       0x80 c:/devkitpro/devkitarm/bin/../lib/gcc/arm-none-eabi/5.3.0/../../../../arm-none-eabi/lib/thumb\libg.a(lib_a-vfiprintf.o)
 .text._vfiprintf_r
                0x020113a8     0x2240 c:/devkitpro/devkitarm/bin/../lib/gcc/arm-none-eabi/5.3.0/../../../../arm-none-eabi/lib/thumb\libg.a(lib_a-vfiprintf.o)
                0x020113a8                _vfiprintf_r
 .text.__sbprintf
                0x020135e8       0x8c c:/devkitpro/devkitarm/bin/../lib/gcc/arm-none-eabi/5.3.0/../../../../arm-none-eabi/lib/thumb\libg.a(lib_a-vfiprintf.o)
 .text.__svfscanf_r
                0x02013674     0x1bd0 c:/devkitpro/devkitarm/bin/../lib/gcc/arm-none-eabi/5.3.0/../../../../arm-none-eabi/lib/thumb\libg.a(lib_a-vfscanf.o)
                0x02013674                __svfscanf_r
 .text._vfscanf_r
                0x02015244       0x2c c:/devkitpro/devkitarm/bin/../lib/gcc/arm-none-eabi/5.3.0/../../../../arm-none-eabi/lib/thumb\libg.a(lib_a-vfscanf.o)
                0x02015244                _vfscanf_r
 .text._wcrtomb_r
                0x02015270       0x6c c:/devkitpro/devkitarm/bin/../lib/gcc/arm-none-eabi/5.3.0/../../../../arm-none-eabi/lib/thumb\libg.a(lib_a-wcrtomb.o)
                0x02015270                _wcrtomb_r
 .text._wcsrtombs_r
                0x020152dc       0x1c c:/devkitpro/devkitarm/bin/../lib/gcc/arm-none-eabi/5.3.0/../../../../arm-none-eabi/lib/thumb\libg.a(lib_a-wcsrtombs.o)
                0x020152dc                _wcsrtombs_r
 .text.__utf8_wctomb
                0x020152f8       0xbc c:/devkitpro/devkitarm/bin/../lib/gcc/arm-none-eabi/5.3.0/../../../../arm-none-eabi/lib/thumb\libg.a(lib_a-wctomb_r.o)
                0x020152f8                __utf8_wctomb
 .text.__swsetup_r
                0x020153b4       0xcc c:/devkitpro/devkitarm/bin/../lib/gcc/arm-none-eabi/5.3.0/../../../../arm-none-eabi/lib/thumb\libg.a(lib_a-wsetup.o)
                0x020153b4                __swsetup_r
 .text.quorem   0x02015480      0x158 c:/devkitpro/devkitarm/bin/../lib/gcc/arm-none-eabi/5.3.0/../../../../arm-none-eabi/lib/thumb\libg.a(lib_a-dtoa.o)
 .text._dtoa_r  0x020155d8      0xfd8 c:/devkitpro/devkitarm/bin/../lib/gcc/arm-none-eabi/5.3.0/../../../../arm-none-eabi/lib/thumb\libg.a(lib_a-dtoa.o)
                0x020155d8                _dtoa_r
 .text.__sflush_r
                0x020165b0      0x158 c:/devkitpro/devkitarm/bin/../lib/gcc/arm-none-eabi/5.3.0/../../../../arm-none-eabi/lib/thumb\libg.a(lib_a-fflush.o)
                0x020165b0                __sflush_r
 .text._fflush_r
                0x02016708       0x58 c:/devkitpro/devkitarm/bin/../lib/gcc/arm-none-eabi/5.3.0/../../../../arm-none-eabi/lib/thumb\libg.a(lib_a-fflush.o)
                0x02016708                _fflush_r
 .text.fflush   0x02016760       0x2c c:/devkitpro/devkitarm/bin/../lib/gcc/arm-none-eabi/5.3.0/../../../../arm-none-eabi/lib/thumb\libg.a(lib_a-fflush.o)
                0x02016760                fflush
 .text._cleanup_r
                0x0201678c       0x14 c:/devkitpro/devkitarm/bin/../lib/gcc/arm-none-eabi/5.3.0/../../../../arm-none-eabi/lib/thumb\libg.a(lib_a-findfp.o)
                0x0201678c                _cleanup_r
 .text.std.isra.0
                0x020167a0       0x54 c:/devkitpro/devkitarm/bin/../lib/gcc/arm-none-eabi/5.3.0/../../../../arm-none-eabi/lib/thumb\libg.a(lib_a-findfp.o)
 .text.__sinit  0x020167f4       0x64 c:/devkitpro/devkitarm/bin/../lib/gcc/arm-none-eabi/5.3.0/../../../../arm-none-eabi/lib/thumb\libg.a(lib_a-findfp.o)
                0x020167f4                __sinit
 .text.__sfp_lock_acquire
                0x02016858       0x14 c:/devkitpro/devkitarm/bin/../lib/gcc/arm-none-eabi/5.3.0/../../../../arm-none-eabi/lib/thumb\libg.a(lib_a-findfp.o)
                0x02016858                __sfp_lock_acquire
 .text.__sfp_lock_release
                0x0201686c       0x14 c:/devkitpro/devkitarm/bin/../lib/gcc/arm-none-eabi/5.3.0/../../../../arm-none-eabi/lib/thumb\libg.a(lib_a-findfp.o)
                0x0201686c                __sfp_lock_release
 .text.fputc    0x02016880       0x58 c:/devkitpro/devkitarm/bin/../lib/gcc/arm-none-eabi/5.3.0/../../../../arm-none-eabi/lib/thumb\libg.a(lib_a-fputc.o)
                0x02016880                fputc
 .text._fputs_r
                0x020168d8       0x8c c:/devkitpro/devkitarm/bin/../lib/gcc/arm-none-eabi/5.3.0/../../../../arm-none-eabi/lib/thumb\libg.a(lib_a-fputs.o)
                0x020168d8                _fputs_r
 .text.fputs    0x02016964       0x18 c:/devkitpro/devkitarm/bin/../lib/gcc/arm-none-eabi/5.3.0/../../../../arm-none-eabi/lib/thumb\libg.a(lib_a-fputs.o)
                0x02016964                fputs
 .text.__fputwc
                0x0201697c       0xc0 c:/devkitpro/devkitarm/bin/../lib/gcc/arm-none-eabi/5.3.0/../../../../arm-none-eabi/lib/thumb\libg.a(lib_a-fputwc.o)
                0x0201697c                __fputwc
 .text._fputwc_r
                0x02016a3c       0x5c c:/devkitpro/devkitarm/bin/../lib/gcc/arm-none-eabi/5.3.0/../../../../arm-none-eabi/lib/thumb\libg.a(lib_a-fputwc.o)
                0x02016a3c                _fputwc_r
 .text._fread_r
                0x02016a98      0x1e0 c:/devkitpro/devkitarm/bin/../lib/gcc/arm-none-eabi/5.3.0/../../../../arm-none-eabi/lib/thumb\libg.a(lib_a-fread.o)
                0x02016a98                _fread_r
 .text._malloc_trim_r
                0x02016c78       0xa4 c:/devkitpro/devkitarm/bin/../lib/gcc/arm-none-eabi/5.3.0/../../../../arm-none-eabi/lib/thumb\libg.a(lib_a-freer.o)
                0x02016c78                _malloc_trim_r
 .text._free_r  0x02016d1c      0x1c8 c:/devkitpro/devkitarm/bin/../lib/gcc/arm-none-eabi/5.3.0/../../../../arm-none-eabi/lib/thumb\libg.a(lib_a-freer.o)
                0x02016d1c                _free_r
 .text.__sfvwrite_r
                0x02016ee4      0x340 c:/devkitpro/devkitarm/bin/../lib/gcc/arm-none-eabi/5.3.0/../../../../arm-none-eabi/lib/thumb\libg.a(lib_a-fvwrite.o)
                0x02016ee4                __sfvwrite_r
 .text._fwalk   0x02017224       0x4c c:/devkitpro/devkitarm/bin/../lib/gcc/arm-none-eabi/5.3.0/../../../../arm-none-eabi/lib/thumb\libg.a(lib_a-fwalk.o)
                0x02017224                _fwalk
 .text._fwalk_reent
                0x02017270       0x54 c:/devkitpro/devkitarm/bin/../lib/gcc/arm-none-eabi/5.3.0/../../../../arm-none-eabi/lib/thumb\libg.a(lib_a-fwalk.o)
                0x02017270                _fwalk_reent
 .text.iswspace
                0x020172c4       0x78 c:/devkitpro/devkitarm/bin/../lib/gcc/arm-none-eabi/5.3.0/../../../../arm-none-eabi/lib/thumb\libg.a(lib_a-iswspace.o)
                0x020172c4                iswspace
 .text.__jp2uc  0x0201733c      0x188 c:/devkitpro/devkitarm/bin/../lib/gcc/arm-none-eabi/5.3.0/../../../../arm-none-eabi/lib/thumb\libg.a(lib_a-jp2uc.o)
 .text._jp2uc   0x020174c4       0x64 c:/devkitpro/devkitarm/bin/../lib/gcc/arm-none-eabi/5.3.0/../../../../arm-none-eabi/lib/thumb\libg.a(lib_a-jp2uc.o)
                0x020174c4                _jp2uc
 .text.__locale_charset
                0x02017528        0x8 c:/devkitpro/devkitarm/bin/../lib/gcc/arm-none-eabi/5.3.0/../../../../arm-none-eabi/lib/thumb\libg.a(lib_a-locale.o)
                0x02017528                __locale_charset
 .text.__locale_mb_cur_max
                0x02017530        0xc c:/devkitpro/devkitarm/bin/../lib/gcc/arm-none-eabi/5.3.0/../../../../arm-none-eabi/lib/thumb\libg.a(lib_a-locale.o)
                0x02017530                __locale_mb_cur_max
 .text._localeconv_r
                0x0201753c        0x8 c:/devkitpro/devkitarm/bin/../lib/gcc/arm-none-eabi/5.3.0/../../../../arm-none-eabi/lib/thumb\libg.a(lib_a-locale.o)
                0x0201753c                _localeconv_r
 .text.__smakebuf_r
                0x02017544       0xf4 c:/devkitpro/devkitarm/bin/../lib/gcc/arm-none-eabi/5.3.0/../../../../arm-none-eabi/lib/thumb\libg.a(lib_a-makebuf.o)
                0x02017544                __smakebuf_r
 .text._mbrtowc_r
                0x02017638       0x7c c:/devkitpro/devkitarm/bin/../lib/gcc/arm-none-eabi/5.3.0/../../../../arm-none-eabi/lib/thumb\libg.a(lib_a-mbrtowc.o)
                0x02017638                _mbrtowc_r
 .text.__utf8_mbtowc
                0x020176b4      0x2cc c:/devkitpro/devkitarm/bin/../lib/gcc/arm-none-eabi/5.3.0/../../../../arm-none-eabi/lib/thumb\libg.a(lib_a-mbtowc_r.o)
                0x020176b4                __utf8_mbtowc
 .text.memchr   0x02017980       0x90 c:/devkitpro/devkitarm/bin/../lib/gcc/arm-none-eabi/5.3.0/../../../../arm-none-eabi/lib/thumb\libg.a(lib_a-memchr.o)
                0x02017980                memchr
 .text.memmove  0x02017a10       0x9c c:/devkitpro/devkitarm/bin/../lib/gcc/arm-none-eabi/5.3.0/../../../../arm-none-eabi/lib/thumb\libg.a(lib_a-memmove.o)
                0x02017a10                memmove
 .text._Balloc  0x02017aac       0x54 c:/devkitpro/devkitarm/bin/../lib/gcc/arm-none-eabi/5.3.0/../../../../arm-none-eabi/lib/thumb\libg.a(lib_a-mprec.o)
                0x02017aac                _Balloc
 .text._Bfree   0x02017b00       0x14 c:/devkitpro/devkitarm/bin/../lib/gcc/arm-none-eabi/5.3.0/../../../../arm-none-eabi/lib/thumb\libg.a(lib_a-mprec.o)
                0x02017b00                _Bfree
 .text.__multadd
                0x02017b14       0x94 c:/devkitpro/devkitarm/bin/../lib/gcc/arm-none-eabi/5.3.0/../../../../arm-none-eabi/lib/thumb\libg.a(lib_a-mprec.o)
                0x02017b14                __multadd
 .text.__s2b    0x02017ba8       0x94 c:/devkitpro/devkitarm/bin/../lib/gcc/arm-none-eabi/5.3.0/../../../../arm-none-eabi/lib/thumb\libg.a(lib_a-mprec.o)
                0x02017ba8                __s2b
 .text.__hi0bits
                0x02017c3c       0x3c c:/devkitpro/devkitarm/bin/../lib/gcc/arm-none-eabi/5.3.0/../../../../arm-none-eabi/lib/thumb\libg.a(lib_a-mprec.o)
                0x02017c3c                __hi0bits
 .text.__lo0bits
                0x02017c78       0x5c c:/devkitpro/devkitarm/bin/../lib/gcc/arm-none-eabi/5.3.0/../../../../arm-none-eabi/lib/thumb\libg.a(lib_a-mprec.o)
                0x02017c78                __lo0bits
 .text.__i2b    0x02017cd4       0x18 c:/devkitpro/devkitarm/bin/../lib/gcc/arm-none-eabi/5.3.0/../../../../arm-none-eabi/lib/thumb\libg.a(lib_a-mprec.o)
                0x02017cd4                __i2b
 .text.__multiply
                0x02017cec      0x16c c:/devkitpro/devkitarm/bin/../lib/gcc/arm-none-eabi/5.3.0/../../../../arm-none-eabi/lib/thumb\libg.a(lib_a-mprec.o)
                0x02017cec                __multiply
 .text.__pow5mult
                0x02017e58       0xc0 c:/devkitpro/devkitarm/bin/../lib/gcc/arm-none-eabi/5.3.0/../../../../arm-none-eabi/lib/thumb\libg.a(lib_a-mprec.o)
                0x02017e58                __pow5mult
 .text.__lshift
                0x02017f18       0xc4 c:/devkitpro/devkitarm/bin/../lib/gcc/arm-none-eabi/5.3.0/../../../../arm-none-eabi/lib/thumb\libg.a(lib_a-mprec.o)
                0x02017f18                __lshift
 .text.__mcmp   0x02017fdc       0x40 c:/devkitpro/devkitarm/bin/../lib/gcc/arm-none-eabi/5.3.0/../../../../arm-none-eabi/lib/thumb\libg.a(lib_a-mprec.o)
                0x02017fdc                __mcmp
 .text.__mdiff  0x0201801c      0x120 c:/devkitpro/devkitarm/bin/../lib/gcc/arm-none-eabi/5.3.0/../../../../arm-none-eabi/lib/thumb\libg.a(lib_a-mprec.o)
                0x0201801c                __mdiff
 .text.__ulp    0x0201813c       0x50 c:/devkitpro/devkitarm/bin/../lib/gcc/arm-none-eabi/5.3.0/../../../../arm-none-eabi/lib/thumb\libg.a(lib_a-mprec.o)
                0x0201813c                __ulp
 .text.__b2d    0x0201818c       0xdc c:/devkitpro/devkitarm/bin/../lib/gcc/arm-none-eabi/5.3.0/../../../../arm-none-eabi/lib/thumb\libg.a(lib_a-mprec.o)
                0x0201818c                __b2d
 .text.__d2b    0x02018268       0xc0 c:/devkitpro/devkitarm/bin/../lib/gcc/arm-none-eabi/5.3.0/../../../../arm-none-eabi/lib/thumb\libg.a(lib_a-mprec.o)
                0x02018268                __d2b
 .text.__ratio  0x02018328       0x78 c:/devkitpro/devkitarm/bin/../lib/gcc/arm-none-eabi/5.3.0/../../../../arm-none-eabi/lib/thumb\libg.a(lib_a-mprec.o)
                0x02018328                __ratio
 .text.__copybits
                0x020183a0       0x44 c:/devkitpro/devkitarm/bin/../lib/gcc/arm-none-eabi/5.3.0/../../../../arm-none-eabi/lib/thumb\libg.a(lib_a-mprec.o)
                0x020183a0                __copybits
 .text.__any_on
                0x020183e4       0x64 c:/devkitpro/devkitarm/bin/../lib/gcc/arm-none-eabi/5.3.0/../../../../arm-none-eabi/lib/thumb\libg.a(lib_a-mprec.o)
                0x020183e4                __any_on
 .text._putc_r  0x02018448       0x8c c:/devkitpro/devkitarm/bin/../lib/gcc/arm-none-eabi/5.3.0/../../../../arm-none-eabi/lib/thumb\libg.a(lib_a-putc.o)
                0x02018448                _putc_r
 .text._realloc_r
                0x020184d4      0x3ec c:/devkitpro/devkitarm/bin/../lib/gcc/arm-none-eabi/5.3.0/../../../../arm-none-eabi/lib/thumb\libg.a(lib_a-reallocr.o)
                0x020184d4                _realloc_r
 .text.lflush   0x020188c0       0x20 c:/devkitpro/devkitarm/bin/../lib/gcc/arm-none-eabi/5.3.0/../../../../arm-none-eabi/lib/thumb\libg.a(lib_a-refill.o)
 .text.__srefill_r
                0x020188e0      0x128 c:/devkitpro/devkitarm/bin/../lib/gcc/arm-none-eabi/5.3.0/../../../../arm-none-eabi/lib/thumb\libg.a(lib_a-refill.o)
                0x020188e0                __srefill_r
 .text.__sccl   0x02018a08       0x7c c:/devkitpro/devkitarm/bin/../lib/gcc/arm-none-eabi/5.3.0/../../../../arm-none-eabi/lib/thumb\libg.a(lib_a-sccl.o)
                0x02018a08                __sccl
 .text.nanf     0x02018a84        0x8 c:/devkitpro/devkitarm/bin/../lib/gcc/arm-none-eabi/5.3.0/../../../../arm-none-eabi/lib/thumb\libg.a(lib_a-sf_nan.o)
                0x02018a84                nanf
 .text.__fpclassifyd
                0x02018a8c       0x5c c:/devkitpro/devkitarm/bin/../lib/gcc/arm-none-eabi/5.3.0/../../../../arm-none-eabi/lib/thumb\libg.a(lib_a-s_fpclassify.o)
                0x02018a8c                __fpclassifyd
 .text.frexp    0x02018ae8       0x74 c:/devkitpro/devkitarm/bin/../lib/gcc/arm-none-eabi/5.3.0/../../../../arm-none-eabi/lib/thumb\libg.a(lib_a-s_frexp.o)
                0x02018ae8                frexp
 .text.sprintf  0x02018b5c       0x48 c:/devkitpro/devkitarm/bin/../lib/gcc/arm-none-eabi/5.3.0/../../../../arm-none-eabi/lib/thumb\libg.a(lib_a-sprintf.o)
                0x02018b5c                sprintf
 .text.stpncpy  0x02018ba4       0x8c c:/devkitpro/devkitarm/bin/../lib/gcc/arm-none-eabi/5.3.0/../../../../arm-none-eabi/lib/thumb\libg.a(lib_a-stpncpy.o)
                0x02018ba4                stpncpy
 .text.strchr   0x02018c30       0xdc c:/devkitpro/devkitarm/bin/../lib/gcc/arm-none-eabi/5.3.0/../../../../arm-none-eabi/lib/thumb\libg.a(lib_a-strchr.o)
                0x02018c30                strchr
 .text.strncmp  0x02018d0c       0x94 c:/devkitpro/devkitarm/bin/../lib/gcc/arm-none-eabi/5.3.0/../../../../arm-none-eabi/lib/thumb\libg.a(lib_a-strncmp.o)
                0x02018d0c                strncmp
 .text.unlikely.sulp
                0x02018da0       0x34 c:/devkitpro/devkitarm/bin/../lib/gcc/arm-none-eabi/5.3.0/../../../../arm-none-eabi/lib/thumb\libg.a(lib_a-strtod.o)
 .text._strtod_r
                0x02018dd4      0xedc c:/devkitpro/devkitarm/bin/../lib/gcc/arm-none-eabi/5.3.0/../../../../arm-none-eabi/lib/thumb\libg.a(lib_a-strtod.o)
                0x02018dd4                _strtod_r
 .text._strtoll_r
                0x02019cb0      0x1e8 c:/devkitpro/devkitarm/bin/../lib/gcc/arm-none-eabi/5.3.0/../../../../arm-none-eabi/lib/thumb\libg.a(lib_a-strtoll_r.o)
                0x02019cb0                _strtoll_r
 .text._strtol_r
                0x02019e98      0x178 c:/devkitpro/devkitarm/bin/../lib/gcc/arm-none-eabi/5.3.0/../../../../arm-none-eabi/lib/thumb\libg.a(lib_a-strtol.o)
                0x02019e98                _strtol_r
 .text._strtoull_r
                0x0201a010      0x1ec c:/devkitpro/devkitarm/bin/../lib/gcc/arm-none-eabi/5.3.0/../../../../arm-none-eabi/lib/thumb\libg.a(lib_a-strtoull_r.o)
                0x0201a010                _strtoull_r
 .text._strtoul_r
                0x0201a1fc      0x17c c:/devkitpro/devkitarm/bin/../lib/gcc/arm-none-eabi/5.3.0/../../../../arm-none-eabi/lib/thumb\libg.a(lib_a-strtoul.o)
                0x0201a1fc                _strtoul_r
 .text.__ssprint_r
                0x0201a378      0x134 c:/devkitpro/devkitarm/bin/../lib/gcc/arm-none-eabi/5.3.0/../../../../arm-none-eabi/lib/thumb\libg.a(lib_a-svfiprintf.o)
                0x0201a378                __ssprint_r
 .text.__swbuf_r
                0x0201a4ac       0xb8 c:/devkitpro/devkitarm/bin/../lib/gcc/arm-none-eabi/5.3.0/../../../../arm-none-eabi/lib/thumb\libg.a(lib_a-wbuf.o)
                0x0201a4ac                __swbuf_r
 .text._wcsnrtombs_r
                0x0201a564      0x118 c:/devkitpro/devkitarm/bin/../lib/gcc/arm-none-eabi/5.3.0/../../../../arm-none-eabi/lib/thumb\libg.a(lib_a-wcsnrtombs.o)
                0x0201a564                _wcsnrtombs_r
 .text._calloc_r
                0x0201a67c       0x64 c:/devkitpro/devkitarm/bin/../lib/gcc/arm-none-eabi/5.3.0/../../../../arm-none-eabi/lib/thumb\libg.a(lib_a-callocr.o)
                0x0201a67c                _calloc_r
 .text._fclose_r
                0x0201a6e0       0xb4 c:/devkitpro/devkitarm/bin/../lib/gcc/arm-none-eabi/5.3.0/../../../../arm-none-eabi/lib/thumb\libg.a(lib_a-fclose.o)
                0x0201a6e0                _fclose_r
 .text.rshift   0x0201a794       0xa8 c:/devkitpro/devkitarm/bin/../lib/gcc/arm-none-eabi/5.3.0/../../../../arm-none-eabi/lib/thumb\libg.a(lib_a-gdtoa-gethex.o)
 .text.__gethex
                0x0201a83c      0x53c c:/devkitpro/devkitarm/bin/../lib/gcc/arm-none-eabi/5.3.0/../../../../arm-none-eabi/lib/thumb\libg.a(lib_a-gdtoa-gethex.o)
                0x0201a83c                __gethex
 .text.__hexnan
                0x0201ad78      0x1ac c:/devkitpro/devkitarm/bin/../lib/gcc/arm-none-eabi/5.3.0/../../../../arm-none-eabi/lib/thumb\libg.a(lib_a-gdtoa-hexnan.o)
                0x0201ad78                __hexnan
 *fill*         0x0201af24        0x4 ff
 .text.__hexnan.__stub
                0x0201af28      0x108 linker stubs
 *(.stub)
 *(.gnu.warning)
 *(.gnu.linkonce.t*)
 *(.glue_7)
 .glue_7        0x0201b040        0x0 linker stubs
 *(.glue_7t)
 .glue_7t       0x0201b040        0x0 linker stubs
                0x0201b040                . = ALIGN (0x4)

.vfp11_veneer   0x0201b040        0x0
 .vfp11_veneer  0x0201b040        0x0 linker stubs

.v4_bx          0x0201b040        0x0
 .v4_bx         0x0201b040        0x0 linker stubs

.iplt           0x0201b040        0x0
 .iplt          0x0201b040        0x0 c:/devkitpro/devkitarm/bin/../lib/gcc/arm-none-eabi/5.3.0/../../../../arm-none-eabi/lib/thumb/ds_arm9_crt0.o

.fini           0x0201b040        0xc
 *(.fini)
 .fini          0x0201b040        0x4 c:/devkitpro/devkitarm/bin/../lib/gcc/arm-none-eabi/5.3.0/thumb/crti.o
                0x0201b040                _fini
 .fini          0x0201b044        0x8 c:/devkitpro/devkitarm/bin/../lib/gcc/arm-none-eabi/5.3.0/thumb/crtn.o
                0x0201b04c                __text_end = .

.rodata         0x0201b050     0xba8c
 *(.rodata)
 .rodata        0x0201b050       0x68 c:/devkitPro/libnds/lib\libnds9.a(keyboard.o)
                0x0201b050                std_in
 .rodata        0x0201b0b8       0x14 c:/devkitPro/libnds/lib\libnds9.a(decompress.o)
 .rodata        0x0201b0cc      0x20c c:/devkitPro/libnds/lib\libnds9.a(console.o)
 .rodata        0x0201b2d8     0x2004 c:/devkitPro/libnds/lib\libnds9.a(default_font.bin.o)
                0x0201b2d8                default_font_bin
                0x0201d2d8                default_font_bin_size
                0x0201d2d8                default_font_bin_end
 .rodata        0x0201d2dc     0x2d0c c:/devkitPro/libnds/lib\libnds9.a(keyboardGfx.o)
                0x0201d2dc                keyboardGfxTiles
                0x0201f5c8                keyboardGfxMap
                0x0201ffc8                keyboardGfxPal
 .rodata        0x0201ffe8      0x308 c:/devkitPro/libnds/lib\libnds9.a(trig.o)
                0x0201ffe8                SIN_LUT
                0x020200ec                TAN_LUT
 .rodata        0x020202f0       0x68 c:/devkitpro/devkitarm/bin/../lib/gcc/arm-none-eabi/5.3.0/../../../../arm-none-eabi/lib/thumb\libsysbase.a(iosupport.o)
                0x020202f0                dotab_stdnull
 *all.rodata*(*)
 *(.roda)
 *(.rodata.*)
 .rodata.str1.4
                0x02020358      0x394 template.o
 .rodata.str1.1
                0x020206ec       0xad c:/devkitPro/libnds/lib\libdswifi9.a(wifi_arm9.o)
 .rodata.str1.1
                0x02020799       0x14 c:/devkitPro/libnds/lib\libdswifi9.a(sgIP_DHCP.o)
 *fill*         0x020207ad        0x3 ff
 .rodata.str1.4
                0x020207b0        0x6 c:/devkitPro/libnds/lib\libnds9.a(keyboard.o)
                                  0x8 (size before relaxing)
 *fill*         0x020207b6        0x2 ff
 .rodata.str1.4
                0x020207b8       0x4c c:/devkitPro/libnds/lib\libnds9.a(console.o)
 .rodata.str1.4
                0x02020804        0x3 c:/devkitpro/devkitarm/bin/../lib/gcc/arm-none-eabi/5.3.0/../../../../arm-none-eabi/lib/thumb\libg.a(lib_a-perror.o)
                                  0x4 (size before relaxing)
 *fill*         0x02020807        0x1 ff
 .rodata._strerror_r
                0x02020808      0x23c c:/devkitpro/devkitarm/bin/../lib/gcc/arm-none-eabi/5.3.0/../../../../arm-none-eabi/lib/thumb\libg.a(lib_a-strerror.o)
 .rodata.str1.4
                0x02020a44      0x6fd c:/devkitpro/devkitarm/bin/../lib/gcc/arm-none-eabi/5.3.0/../../../../arm-none-eabi/lib/thumb\libg.a(lib_a-strerror.o)
                                0x704 (size before relaxing)
 *fill*         0x02021141        0x3 ff
 .rodata.__ssvfiscanf_r
                0x02021144      0x324 c:/devkitpro/devkitarm/bin/../lib/gcc/arm-none-eabi/5.3.0/../../../../arm-none-eabi/lib/thumb\libg.a(lib_a-svfiscanf.o)
 .rodata.basefix.6493
                0x02021468       0x24 c:/devkitpro/devkitarm/bin/../lib/gcc/arm-none-eabi/5.3.0/../../../../arm-none-eabi/lib/thumb\libg.a(lib_a-svfiscanf.o)
 .rodata.get_arg
                0x0202148c      0x914 c:/devkitpro/devkitarm/bin/../lib/gcc/arm-none-eabi/5.3.0/../../../../arm-none-eabi/lib/thumb\libg.a(lib_a-svfprintf.o)
 .rodata._svfprintf_r
                0x02021da0      0x16c c:/devkitpro/devkitarm/bin/../lib/gcc/arm-none-eabi/5.3.0/../../../../arm-none-eabi/lib/thumb\libg.a(lib_a-svfprintf.o)
 .rodata.blanks.7120
                0x02021f0c       0x10 c:/devkitpro/devkitarm/bin/../lib/gcc/arm-none-eabi/5.3.0/../../../../arm-none-eabi/lib/thumb\libg.a(lib_a-svfprintf.o)
 .rodata.str1.4
                0x02021f1c       0x3f c:/devkitpro/devkitarm/bin/../lib/gcc/arm-none-eabi/5.3.0/../../../../arm-none-eabi/lib/thumb\libg.a(lib_a-svfprintf.o)
                                 0x44 (size before relaxing)
 *fill*         0x02021f5b        0x1 ff
 .rodata.zeroes.7121
                0x02021f5c       0x10 c:/devkitpro/devkitarm/bin/../lib/gcc/arm-none-eabi/5.3.0/../../../../arm-none-eabi/lib/thumb\libg.a(lib_a-svfprintf.o)
 .rodata.get_arg
                0x02021f6c      0x914 c:/devkitpro/devkitarm/bin/../lib/gcc/arm-none-eabi/5.3.0/../../../../arm-none-eabi/lib/thumb\libg.a(lib_a-vfiprintf.o)
 .rodata._vfiprintf_r
                0x02022880      0x16c c:/devkitpro/devkitarm/bin/../lib/gcc/arm-none-eabi/5.3.0/../../../../arm-none-eabi/lib/thumb\libg.a(lib_a-vfiprintf.o)
 .rodata.blanks.7113
                0x020229ec       0x10 c:/devkitpro/devkitarm/bin/../lib/gcc/arm-none-eabi/5.3.0/../../../../arm-none-eabi/lib/thumb\libg.a(lib_a-vfiprintf.o)
 .rodata.str1.4
                0x020229fc       0x30 c:/devkitpro/devkitarm/bin/../lib/gcc/arm-none-eabi/5.3.0/../../../../arm-none-eabi/lib/thumb\libg.a(lib_a-vfiprintf.o)
 .rodata.zeroes.7114
                0x020229fc       0x10 c:/devkitpro/devkitarm/bin/../lib/gcc/arm-none-eabi/5.3.0/../../../../arm-none-eabi/lib/thumb\libg.a(lib_a-vfiprintf.o)
 .rodata.__svfscanf_r
                0x02022a0c      0x460 c:/devkitpro/devkitarm/bin/../lib/gcc/arm-none-eabi/5.3.0/../../../../arm-none-eabi/lib/thumb\libg.a(lib_a-vfscanf.o)
 .rodata.basefix.7061
                0x02022e6c       0x24 c:/devkitpro/devkitarm/bin/../lib/gcc/arm-none-eabi/5.3.0/../../../../arm-none-eabi/lib/thumb\libg.a(lib_a-vfscanf.o)
 .rodata.str1.4
                0x02022e90        0x5 c:/devkitpro/devkitarm/bin/../lib/gcc/arm-none-eabi/5.3.0/../../../../arm-none-eabi/lib/thumb\libg.a(lib_a-vfscanf.o)
                                  0x8 (size before relaxing)
 *fill*         0x02022e95        0x3 ff
 .rodata._ctype_
                0x02022e98      0x104 c:/devkitpro/devkitarm/bin/../lib/gcc/arm-none-eabi/5.3.0/../../../../arm-none-eabi/lib/thumb\libg.a(lib_a-ctype_.o)
                0x02022e98                _ctype_
 .rodata.str1.4
                0x02022f9c       0x10 c:/devkitpro/devkitarm/bin/../lib/gcc/arm-none-eabi/5.3.0/../../../../arm-none-eabi/lib/thumb\libg.a(lib_a-dtoa.o)
                                 0x14 (size before relaxing)
 .rodata.str1.4
                0x02022fac        0x2 c:/devkitpro/devkitarm/bin/../lib/gcc/arm-none-eabi/5.3.0/../../../../arm-none-eabi/lib/thumb\libg.a(lib_a-impure.o)
                                  0x4 (size before relaxing)
 *fill*         0x02022fae        0x2 ff
 .rodata._global_impure_ptr
                0x02022fb0        0x4 c:/devkitpro/devkitarm/bin/../lib/gcc/arm-none-eabi/5.3.0/../../../../arm-none-eabi/lib/thumb\libg.a(lib_a-impure.o)
                0x02022fb0                _global_impure_ptr
 .rodata.__jp2uc
                0x02022fb4       0x20 c:/devkitpro/devkitarm/bin/../lib/gcc/arm-none-eabi/5.3.0/../../../../arm-none-eabi/lib/thumb\libg.a(lib_a-jp2uc.o)
 .rodata.a1     0x02022fd4       0xbc c:/devkitpro/devkitarm/bin/../lib/gcc/arm-none-eabi/5.3.0/../../../../arm-none-eabi/lib/thumb\libg.a(lib_a-jp2uc.o)
 .rodata.a2     0x02023090       0xbc c:/devkitpro/devkitarm/bin/../lib/gcc/arm-none-eabi/5.3.0/../../../../arm-none-eabi/lib/thumb\libg.a(lib_a-jp2uc.o)
 .rodata.a3     0x0202314c       0x5c c:/devkitpro/devkitarm/bin/../lib/gcc/arm-none-eabi/5.3.0/../../../../arm-none-eabi/lib/thumb\libg.a(lib_a-jp2uc.o)
 .rodata.a6     0x020231a8       0x70 c:/devkitpro/devkitarm/bin/../lib/gcc/arm-none-eabi/5.3.0/../../../../arm-none-eabi/lib/thumb\libg.a(lib_a-jp2uc.o)
 .rodata.a7     0x02023218       0xa4 c:/devkitpro/devkitarm/bin/../lib/gcc/arm-none-eabi/5.3.0/../../../../arm-none-eabi/lib/thumb\libg.a(lib_a-jp2uc.o)
 .rodata.a8     0x020232bc       0x40 c:/devkitpro/devkitarm/bin/../lib/gcc/arm-none-eabi/5.3.0/../../../../arm-none-eabi/lib/thumb\libg.a(lib_a-jp2uc.o)
 .rodata.str1.4
                0x020232fc       0x12 c:/devkitpro/devkitarm/bin/../lib/gcc/arm-none-eabi/5.3.0/../../../../arm-none-eabi/lib/thumb\libg.a(lib_a-jp2uc.o)
                                 0x14 (size before relaxing)
 *fill*         0x0202330e        0x2 ff
 .rodata.b02cf  0x02023310     0x172c c:/devkitpro/devkitarm/bin/../lib/gcc/arm-none-eabi/5.3.0/../../../../arm-none-eabi/lib/thumb\libg.a(lib_a-jp2uc.o)
 .rodata.d02f4  0x02024a3c     0x1a7c c:/devkitpro/devkitarm/bin/../lib/gcc/arm-none-eabi/5.3.0/../../../../arm-none-eabi/lib/thumb\libg.a(lib_a-jp2uc.o)
 .rodata.str1.4
                0x020264b8      0x112 c:/devkitpro/devkitarm/bin/../lib/gcc/arm-none-eabi/5.3.0/../../../../arm-none-eabi/lib/thumb\libg.a(lib_a-locale.o)
                                0x130 (size before relaxing)
 .rodata.str1.4
                0x020265ca        0x4 c:/devkitpro/devkitarm/bin/../lib/gcc/arm-none-eabi/5.3.0/../../../../arm-none-eabi/lib/thumb\libg.a(lib_a-mbrtowc.o)
 *fill*         0x020265ca        0x2 ff
 .rodata.p05.5410
                0x020265cc        0xc c:/devkitpro/devkitarm/bin/../lib/gcc/arm-none-eabi/5.3.0/../../../../arm-none-eabi/lib/thumb\libg.a(lib_a-mprec.o)
 .rodata.__mprec_bigtens
                0x020265d8       0x28 c:/devkitpro/devkitarm/bin/../lib/gcc/arm-none-eabi/5.3.0/../../../../arm-none-eabi/lib/thumb\libg.a(lib_a-mprec.o)
                0x020265d8                __mprec_bigtens
 .rodata.__mprec_tens
                0x02026600       0xc8 c:/devkitpro/devkitarm/bin/../lib/gcc/arm-none-eabi/5.3.0/../../../../arm-none-eabi/lib/thumb\libg.a(lib_a-mprec.o)
                0x02026600                __mprec_tens
 .rodata._strtod_r
                0x020266c8       0xd4 c:/devkitpro/devkitarm/bin/../lib/gcc/arm-none-eabi/5.3.0/../../../../arm-none-eabi/lib/thumb\libg.a(lib_a-strtod.o)
 .rodata.fpinan.5415
                0x0202679c       0x14 c:/devkitpro/devkitarm/bin/../lib/gcc/arm-none-eabi/5.3.0/../../../../arm-none-eabi/lib/thumb\libg.a(lib_a-strtod.o)
 .rodata.str1.4
                0x020267b0        0xf c:/devkitpro/devkitarm/bin/../lib/gcc/arm-none-eabi/5.3.0/../../../../arm-none-eabi/lib/thumb\libg.a(lib_a-strtod.o)
                                 0x10 (size before relaxing)
 *fill*         0x020267bf        0x1 ff
 .rodata.tinytens
                0x020267c0       0x28 c:/devkitpro/devkitarm/bin/../lib/gcc/arm-none-eabi/5.3.0/../../../../arm-none-eabi/lib/thumb\libg.a(lib_a-strtod.o)
 .rodata.fpi.5379
                0x020267e8       0x14 c:/devkitpro/devkitarm/bin/../lib/gcc/arm-none-eabi/5.3.0/../../../../arm-none-eabi/lib/thumb\libg.a(lib_a-strtod.o)
 .rodata.__state_table
                0x020267fc       0x6c c:/devkitpro/devkitarm/bin/../lib/gcc/arm-none-eabi/5.3.0/../../../../arm-none-eabi/lib/thumb\libg.a(lib_a-svfiprintf.o)
                0x020267fc                __state_table
 .rodata.__chclass
                0x02026868      0x100 c:/devkitpro/devkitarm/bin/../lib/gcc/arm-none-eabi/5.3.0/../../../../arm-none-eabi/lib/thumb\libg.a(lib_a-svfiprintf.o)
                0x02026868                __chclass
 .rodata.__action_table
                0x02026968       0x6c c:/devkitpro/devkitarm/bin/../lib/gcc/arm-none-eabi/5.3.0/../../../../arm-none-eabi/lib/thumb\libg.a(lib_a-svfiprintf.o)
                0x02026968                __action_table
 .rodata.__hexdig
                0x020269d4      0x100 c:/devkitpro/devkitarm/bin/../lib/gcc/arm-none-eabi/5.3.0/../../../../arm-none-eabi/lib/thumb\libg.a(lib_a-gdtoa-gethex.o)
                0x020269d4                __hexdig
 .rodata.str1.4
                0x02026ad4        0x8 c:/devkitpro/devkitarm/bin/../lib/gcc/arm-none-eabi/5.3.0/../../../../arm-none-eabi/lib/thumb\libsysbase.a(iosupport.o)
 *(.gnu.linkonce.r*)
                0x02026adc                . = ALIGN (0x4)

.ARM.extab
 *(.ARM.extab* .gnu.linkonce.armextab.*)
                0x02026adc                __exidx_start = .

ARM.exidx
 *(.ARM.exidx* .gnu.linkonce.armexidx.*)
                0x02026adc                __exidx_end = .
                0x02026adc                . = ALIGN (0x4)
                0x02026adc                PROVIDE (__preinit_array_start, .)

.preinit_array
 *(.preinit_array)
                0x02026adc                PROVIDE (__preinit_array_end, .)
                0x02026adc                PROVIDE (__init_array_start, .)

.init_array     0x02026adc        0x4
 *(SORT(.init_array.*))
 *(.init_array)
 .init_array    0x02026adc        0x4 c:/devkitpro/devkitarm/bin/../lib/gcc/arm-none-eabi/5.3.0/thumb/crtbegin.o
                0x02026ae0                PROVIDE (__init_array_end, .)
                [!provide]                PROVIDE (__fini_array_start, .)

.fini_array     0x02026ae0        0x4
 *(.fini_array)
 .fini_array    0x02026ae0        0x4 c:/devkitpro/devkitarm/bin/../lib/gcc/arm-none-eabi/5.3.0/thumb/crtbegin.o
 *(SORT(.fini_array.*))
                [!provide]                PROVIDE (__fini_array_end, .)

.ctors          0x02026ae4        0x0
 *crtbegin.o(.ctors)
 *(EXCLUDE_FILE(*crtend.o) .ctors)
 *(SORT(.ctors.*))
 *(.ctors)
                0x02026ae4                . = ALIGN (0x4)

.dtors          0x02026ae4        0x0
 *crtbegin.o(.dtors)
 *(EXCLUDE_FILE(*crtend.o) .dtors)
 *(SORT(.dtors.*))
 *(.dtors)
                0x02026ae4                . = ALIGN (0x4)

.eh_frame       0x02026ae4       0x48
 *(.eh_frame)
 .eh_frame      0x02026ae4        0x0 c:/devkitpro/devkitarm/bin/../lib/gcc/arm-none-eabi/5.3.0/thumb/crtbegin.o
 .eh_frame      0x02026ae4       0x44 c:/devkitpro/devkitarm/bin/../lib/gcc/arm-none-eabi/5.3.0/../../../../arm-none-eabi/lib/thumb\libg.a(lib_a-strcmp.o)
 .eh_frame      0x02026b28        0x4 c:/devkitpro/devkitarm/bin/../lib/gcc/arm-none-eabi/5.3.0/thumb/crtend.o
                0x02026b2c                . = ALIGN (0x4)

.rel.dyn        0x02026b2c        0x0
 .rel.iplt      0x02026b2c        0x0 c:/devkitpro/devkitarm/bin/../lib/gcc/arm-none-eabi/5.3.0/../../../../arm-none-eabi/lib/thumb/ds_arm9_crt0.o

.gcc_except_table
                0x02026b2c        0x0
 *(.gcc_except_table)
                0x02026b2c                . = ALIGN (0x4)

.jcr            0x02026b2c        0x4
 *(.jcr)
 .jcr           0x02026b2c        0x0 c:/devkitpro/devkitarm/bin/../lib/gcc/arm-none-eabi/5.3.0/thumb/crtbegin.o
 .jcr           0x02026b2c        0x4 c:/devkitpro/devkitarm/bin/../lib/gcc/arm-none-eabi/5.3.0/thumb/crtend.o

.got
 *(.got.plt)
 *(.got)
 *(.rel.got)

.ewram          0x02026b30        0x0
                0x02026b30                __ewram_start = ABSOLUTE (.)
 *(.ewram)
 *ewram.*(.text)
                0x02026b30                . = ALIGN (0x4)

.data           0x02026b30     0x1fdc
                0x02026b30                __data_start = ABSOLUTE (.)
 *(.data)
 .data          0x02026b30        0x4 template.o
                0x02026b30                portnum
 .data          0x02026b34       0x1c c:/devkitPro/libnds/lib\libdswifi9.a(wifi_arm9.o)
                0x02026b34                ASSOCSTATUS_STRINGS
 .data          0x02026b50        0x3 c:/devkitPro/libnds/lib\libnds9.a(keys.o)
 *fill*         0x02026b53        0x1 ff
 .data          0x02026b54      0x58c c:/devkitPro/libnds/lib\libnds9.a(keyboard.o)
                0x02026b54                curKeyboard
                0x02026b58                lastKey
                0x02026b5c                defaultKeyboard
                0x02026bb8                lowerCase
                0x02026bcc                capsLock
                0x02026be0                SimpleKbdUpper
                0x02026e60                SimpleKbdLower
 .data          0x020270e0        0xc c:/devkitPro/libnds/lib\libnds9.a(decompress.o)
                0x020270e0                decomStream
 .data          0x020270ec       0x64 c:/devkitPro/libnds/lib\libnds9.a(console.o)
                0x020270ec                currentConsole
                0x020270f0                defaultConsole
 .data          0x02027150       0x60 c:/devkitPro/libnds/lib\libnds9.a(background.o)
                0x02027150                bgScrollTable
                0x02027170                bgTransform
                0x02027190                bgControl
 .data          0x020271b0       0x10 c:/devkitPro/libnds/lib\libnds9.a(fifosystem.o)
                0x020271b0                fifo_buffer_free
                0x020271b4                fifo_freewords
                0x020271b8                fifo_send_queue
                0x020271bc                fifo_receive_queue
 .data          0x020271c0       0x44 c:/devkitpro/devkitarm/bin/../lib/gcc/arm-none-eabi/5.3.0/../../../../arm-none-eabi/lib/thumb\libsysbase.a(iosupport.o)
                0x020271c4                devoptab_list
 .data          0x02027204     0x1028 c:/devkitpro/devkitarm/bin/../lib/gcc/arm-none-eabi/5.3.0/../../../../arm-none-eabi/lib/thumb\libsysbase.a(handle_manager.o)
 *(.data.*)
 .data.__malloc_av_
                0x0202822c      0x408 c:/devkitpro/devkitarm/bin/../lib/gcc/arm-none-eabi/5.3.0/../../../../arm-none-eabi/lib/thumb\libg.a(lib_a-mallocr.o)
                0x0202822c                __malloc_av_
 .data.__malloc_trim_threshold
                0x02028634        0x4 c:/devkitpro/devkitarm/bin/../lib/gcc/arm-none-eabi/5.3.0/../../../../arm-none-eabi/lib/thumb\libg.a(lib_a-mallocr.o)
                0x02028634                __malloc_trim_threshold
 .data.__malloc_sbrk_base
                0x02028638        0x4 c:/devkitpro/devkitarm/bin/../lib/gcc/arm-none-eabi/5.3.0/../../../../arm-none-eabi/lib/thumb\libg.a(lib_a-mallocr.o)
                0x02028638                __malloc_sbrk_base
 .data.__malloc_lock_object
                0x0202863c        0xc c:/devkitpro/devkitarm/bin/../lib/gcc/arm-none-eabi/5.3.0/../../../../arm-none-eabi/lib/thumb\libg.a(lib_a-mlock.o)
 .data.__wctomb
                0x02028648        0x4 c:/devkitpro/devkitarm/bin/../lib/gcc/arm-none-eabi/5.3.0/../../../../arm-none-eabi/lib/thumb\libg.a(lib_a-wctomb_r.o)
                0x02028648                __wctomb
 .data.__ctype_ptr__
                0x0202864c        0x4 c:/devkitpro/devkitarm/bin/../lib/gcc/arm-none-eabi/5.3.0/../../../../arm-none-eabi/lib/thumb\libg.a(lib_a-ctype_.o)
                0x0202864c                __ctype_ptr__
 .data.__sfp_lock
                0x02028650        0xc c:/devkitpro/devkitarm/bin/../lib/gcc/arm-none-eabi/5.3.0/../../../../arm-none-eabi/lib/thumb\libg.a(lib_a-findfp.o)
 .data.__sinit_lock
                0x0202865c        0xc c:/devkitpro/devkitarm/bin/../lib/gcc/arm-none-eabi/5.3.0/../../../../arm-none-eabi/lib/thumb\libg.a(lib_a-findfp.o)
 .data.impure_data
                0x02028668      0x440 c:/devkitpro/devkitarm/bin/../lib/gcc/arm-none-eabi/5.3.0/../../../../arm-none-eabi/lib/thumb\libg.a(lib_a-impure.o)
 .data._impure_ptr
                0x02028aa8        0x4 c:/devkitpro/devkitarm/bin/../lib/gcc/arm-none-eabi/5.3.0/../../../../arm-none-eabi/lib/thumb\libg.a(lib_a-impure.o)
                0x02028aa8                _impure_ptr
 .data.lconv    0x02028aac       0x38 c:/devkitpro/devkitarm/bin/../lib/gcc/arm-none-eabi/5.3.0/../../../../arm-none-eabi/lib/thumb\libg.a(lib_a-locale.o)
 .data.lc_ctype_charset
                0x02028ae4       0x20 c:/devkitpro/devkitarm/bin/../lib/gcc/arm-none-eabi/5.3.0/../../../../arm-none-eabi/lib/thumb\libg.a(lib_a-locale.o)
 .data.__mb_cur_max
                0x02028b04        0x4 c:/devkitpro/devkitarm/bin/../lib/gcc/arm-none-eabi/5.3.0/../../../../arm-none-eabi/lib/thumb\libg.a(lib_a-locale.o)
                0x02028b04                __mb_cur_max
 .data.__mbtowc
                0x02028b08        0x4 c:/devkitpro/devkitarm/bin/../lib/gcc/arm-none-eabi/5.3.0/../../../../arm-none-eabi/lib/thumb\libg.a(lib_a-mbtowc_r.o)
                0x02028b08                __mbtowc
 *(.gnu.linkonce.d*)
                0x02028b0c                . = ALIGN (0x4)
                0x02028b0c                __data_end = ABSOLUTE (.)
                0x02028b0c                __dtcm_lma = .
                0x02028b0c                __bss_vma = .

.igot.plt       0x02028b0c        0x0
 .igot.plt      0x02028b0c        0x0 c:/devkitpro/devkitarm/bin/../lib/gcc/arm-none-eabi/5.3.0/../../../../arm-none-eabi/lib/thumb/ds_arm9_crt0.o

.tm_clone_table
                0x02028b0c        0x0
 .tm_clone_table
                0x02028b0c        0x0 c:/devkitpro/devkitarm/bin/../lib/gcc/arm-none-eabi/5.3.0/thumb/crtbegin.o
 .tm_clone_table
                0x02028b0c        0x0 c:/devkitpro/devkitarm/bin/../lib/gcc/arm-none-eabi/5.3.0/thumb/crtend.o

.dtcm           0x0b000000        0x0 load address 0x02028b0c
 *(.dtcm)
 *(.dtcm.*)
                0x0b000000                . = ALIGN (0x4)
                0x0b000000                __dtcm_end = ABSOLUTE (.)
                0x02028b0c                __itcm_lma = (__dtcm_lma + SIZEOF (.dtcm))

.itcm           0x01000100      0x194 load address 0x02028b0c
 *(.itcm)
 .itcm          0x01000100       0xc8 c:/devkitPro/libnds/lib\libnds9.a(interrupts.o)
                0x01000100                irqTable
 .itcm          0x010001c8       0xcc c:/devkitPro/libnds/lib\libnds9.a(interruptDispatcher.o)
                0x010001c8                IntrMain
 *itcm.*(.text)
                0x01000294                . = ALIGN (0x4)
                0x01000294                __itcm_end = ABSOLUTE (.)
                0x02028ca0                __vectors_lma = (__itcm_lma + SIZEOF (.itcm))

.vectors        0x01000000        0x0 load address 0x02028ca0
 *(.vectors)
 *vectors.*(.text)
                0x01000000                . = ALIGN (0x4)
                0x01000000                __vectors_end = ABSOLUTE (.)

.sbss           0x0b000000        0x0
                0x0b000000                __sbss_start = ABSOLUTE (.)
                0x0b000000                __sbss_start__ = ABSOLUTE (.)
 *(.sbss)
                0x0b000000                . = ALIGN (0x4)
                0x0b000000                __sbss_end = ABSOLUTE (.)

.bss            0x02028b0c    0x11aa0
                0x02028b0c                __bss_start = ABSOLUTE (.)
                0x02028b0c                __bss_start__ = ABSOLUTE (.)
 *(.dynbss)
 *(.gnu.linkonce.b*)
 *(.bss*)
 .bss           0x02028b0c       0x1c c:/devkitpro/devkitarm/bin/../lib/gcc/arm-none-eabi/5.3.0/thumb/crtbegin.o
 .bss           0x02028b28      0x1ac template.o
                0x02028b80                status
                0x02028b96                camera
                0x02028ba0                touchpx
                0x02028ba2                touchpy
                0x02028ba4                angle
                0x02028ba6                velocity
                0x02028cd0                matrix_y
 .bss           0x02028cd4       0x10 c:/devkitPro/libnds/lib\libdswifi9.a(wifi_arm9.o)
                0x02028cd4                WifiData
                0x02028cd8                synchandler
                0x02028cdc                packethandler
                0x02028ce0                wifi_connect_state
 .bss           0x02028ce4        0x6 c:/devkitPro/libnds/lib\libnds9.a(keys.o)
 *fill*         0x02028cea        0x2 
 .bss           0x02028cec       0x14 c:/devkitPro/libnds/lib\libnds9.a(keyboard.o)
                0x02028cf4                keyBufferLength
                0x02028cf8                keyBufferOffset
                0x02028cfc                stdioRead
 .bss           0x02028d00        0x8 c:/devkitPro/libnds/lib\libnds9.a(fifosystem.o)
                0x02028d04                processing
 .bss           0x02028d08        0x4 c:/devkitPro/libnds/lib\libnds9.a(system.o)
 .bss.__malloc_max_total_mem
                0x02028d0c        0x4 c:/devkitpro/devkitarm/bin/../lib/gcc/arm-none-eabi/5.3.0/../../../../arm-none-eabi/lib/thumb\libg.a(lib_a-mallocr.o)
                0x02028d0c                __malloc_max_total_mem
 .bss.__malloc_max_sbrked_mem
                0x02028d10        0x4 c:/devkitpro/devkitarm/bin/../lib/gcc/arm-none-eabi/5.3.0/../../../../arm-none-eabi/lib/thumb\libg.a(lib_a-mallocr.o)
                0x02028d10                __malloc_max_sbrked_mem
 .bss.__malloc_top_pad
                0x02028d14        0x4 c:/devkitpro/devkitarm/bin/../lib/gcc/arm-none-eabi/5.3.0/../../../../arm-none-eabi/lib/thumb\libg.a(lib_a-mallocr.o)
                0x02028d14                __malloc_top_pad
 .bss.__malloc_current_mallinfo
                0x02028d18       0x28 c:/devkitpro/devkitarm/bin/../lib/gcc/arm-none-eabi/5.3.0/../../../../arm-none-eabi/lib/thumb\libg.a(lib_a-mallocr.o)
                0x02028d18                __malloc_current_mallinfo
 .bss           0x02028d40        0x4 c:/devkitpro/devkitarm/bin/../lib/gcc/arm-none-eabi/5.3.0/../../../../arm-none-eabi/lib/thumb\libsysbase.a(sbrk.o)
 .bss           0x02028d44        0x8 c:/devkitpro/devkitarm/bin/../lib/gcc/arm-none-eabi/5.3.0/../../../../arm-none-eabi/lib/thumb\libsysbase.a(malloc_vars.o)
                0x02028d44                fake_heap_start
                0x02028d48                fake_heap_end
 .bss           0x02028d4c       0x38 c:/devkitpro/devkitarm/bin/../lib/gcc/arm-none-eabi/5.3.0/../../../../arm-none-eabi/lib/thumb\libsysbase.a(syscall_support.o)
                0x02028d4c                __syscalls
 *(COMMON)
 COMMON         0x02028d84       0xec template.o
                0x02028d84                touch
                0x02028d90                bottomScreen
                0x02028dec                ap
                0x02028df0                fd
                0x02028df4                servaddr
                0x02028e04                myaddr
                0x02028e14                topScreen
 COMMON         0x02028e70     0x9fac c:/devkitPro/libnds/lib\libdswifi9.a(wifi_arm9.o)
                0x02028e70                Wifi_Data_Struct
                0x02032db4                wifi_hw
                0x02032db8                wHeapsize
                0x02032dbc                wHeapFirst
                0x02032dc0                wifi_connect_point
                0x02032e18                wHeapStart
 COMMON         0x02032e1c      0x100 c:/devkitPro/libnds/lib\libdswifi9.a(sgIP_sockets.o)
                0x02032e1c                socketlist
 COMMON         0x02032f1c      0x810 c:/devkitPro/libnds/lib\libdswifi9.a(sgIP_TCP.o)
                0x02032f1c                tcprecords
                0x02032f20                lasttime
                0x02032f24                port_counter
                0x02032f28                numsynlist
                0x02032f2c                synlist
 COMMON         0x0203372c       0x40 c:/devkitPro/libnds/lib\libdswifi9.a(sgIP_Hub.o)
                0x0203372c                ProtocolInterfaces
                0x02033734                NumHWInterfaces
                0x02033738                HWInterfaces
                0x02033768                NumProtocolInterfaces
 COMMON         0x0203376c     0x5cb4 c:/devkitPro/libnds/lib\libdswifi9.a(sgIP_DNS.o)
                0x0203376c                dnsrecord_return
                0x02033c90                time_count
                0x02033c94                alias_list
                0x02033ca8                querydata
                0x02033ea8                responsedata
                0x020340a8                dnsrecords
                0x020392e8                ipaddr_ip
                0x020392ec                query_time_start
                0x020392f0                addr_list
                0x02039304                ipaddr_alias
                0x02039404                dns_sock
                0x02039408                last_id
                0x0203940c                dnsrecord_hostent
 COMMON         0x02039420       0x84 c:/devkitPro/libnds/lib\libdswifi9.a(sgIP_DHCP.o)
                0x02039420                dhcp_rcvd_dns
                0x0203942c                dhcp_rcvd_snmask
                0x02039430                dhcp_state
                0x02039434                dhcp_p
                0x02039438                dhcp_optionptr
                0x0203943c                dhcp_int
                0x02039440                dhcp_rcvd_ip
                0x02039444                dhcp_hostname
                0x02039484                dhcp_serverip
                0x02039488                dhcp_tid
                0x0203948c                dhcp_requestDNS
                0x02039490                dhcp_socket
                0x02039494                dhcp_timestart
                0x02039498                dhcp_status
                0x0203949c                dhcp_rcvd_gateway
                0x020394a0                dhcp_timelastaction
 COMMON         0x020394a4        0x8 c:/devkitPro/libnds/lib\libdswifi9.a(sgIP_UDP.o)
                0x020394a4                udpport_counter
                0x020394a8                udprecords
 COMMON         0x020394ac       0x10 c:/devkitPro/libnds/lib\libdswifi9.a(sgIP.o)
                0x020394ac                count_100ms
                0x020394b0                count_1000ms
                0x020394b4                sgIP_timems
                0x020394b8                sgIP_errno
 COMMON         0x020394bc      0x400 c:/devkitPro/libnds/lib\libdswifi9.a(sgIP_ARP.o)
                0x020394bc                ArpRecords
 COMMON         0x020398bc        0x4 c:/devkitPro/libnds/lib\libdswifi9.a(sgIP_IP.o)
                0x020398bc                idnum_count
 COMMON         0x020398c0      0x100 c:/devkitPro/libnds/lib\libnds9.a(keyboard.o)
                0x020398c0                keyBuffer
 COMMON         0x020399c0       0x5c c:/devkitPro/libnds/lib\libnds9.a(console.o)
                0x020399c0                currentCopy
 COMMON         0x02039a1c      0x148 c:/devkitPro/libnds/lib\libnds9.a(background.o)
                0x02039a1c                bgState
                0x02039b5c                bgIsTextLut
 COMMON         0x02039b64        0x1 c:/devkitPro/libnds/lib\libnds9.a(initSystem.o)
                0x02039b64                __dsimode
 *fill*         0x02039b65        0x3 
 COMMON         0x02039b68      0xa40 c:/devkitPro/libnds/lib\libnds9.a(fifosystem.o)
                0x02039b68                fifo_datamsg_data
                0x02039ba8                fifo_buffer
                0x0203a3a8                fifo_value32_func
                0x0203a3e8                fifo_address_func
                0x0203a428                fifo_value32_data
                0x0203a468                fifo_value32_queue
                0x0203a4a8                fifo_data_queue
                0x0203a4e8                fifo_address_data
                0x0203a528                fifo_datamsg_func
                0x0203a568                fifo_address_queue
 COMMON         0x0203a5a8        0x4 c:/devkitPro/libnds/lib\libnds9.a(timeSupport.o)
                0x0203a5a8                punixTime
                0x0203a5ac                . = ALIGN (0x4)
                0x0203a5ac                __bss_end__ = ABSOLUTE (.)
                0x0203a5ac                __end__ = ABSOLUTE (.)

.stab
 *(.stab)

.stabstr
 *(.stabstr)

.stab.excl
 *(.stab.excl)

.stab.exclstr
 *(.stab.exclstr)

.stab.index
 *(.stab.index)

.stab.indexstr
 *(.stab.indexstr)

.comment        0x00000000       0x66
 *(.comment)
 .comment       0x00000000       0x22 c:/devkitpro/devkitarm/bin/../lib/gcc/arm-none-eabi/5.3.0/thumb/crtbegin.o
                                 0x23 (size before relaxing)
 .comment       0x00000022       0x23 template.o
 .comment       0x00000022       0x22 c:/devkitPro/libnds/lib\libdswifi9.a(wifi_arm9.o)
                                 0x23 (size before relaxing)
 .comment       0x00000044       0x23 c:/devkitPro/libnds/lib\libdswifi9.a(sgIP_sockets.o)
 .comment       0x00000044       0x23 c:/devkitPro/libnds/lib\libdswifi9.a(sgIP_memblock.o)
 .comment       0x00000044       0x23 c:/devkitPro/libnds/lib\libdswifi9.a(sgIP_TCP.o)
 .comment       0x00000044       0x23 c:/devkitPro/libnds/lib\libdswifi9.a(sgIP_Hub.o)
 .comment       0x00000044       0x23 c:/devkitPro/libnds/lib\libdswifi9.a(sgIP_DNS.o)
 .comment       0x00000044       0x23 c:/devkitPro/libnds/lib\libdswifi9.a(sgIP_DHCP.o)
 .comment       0x00000044       0x23 c:/devkitPro/libnds/lib\libdswifi9.a(sgIP_UDP.o)
 .comment       0x00000044       0x23 c:/devkitPro/libnds/lib\libdswifi9.a(sgIP.o)
 .comment       0x00000044       0x23 c:/devkitPro/libnds/lib\libdswifi9.a(sgIP_ARP.o)
 .comment       0x00000044       0x23 c:/devkitPro/libnds/lib\libdswifi9.a(sgIP_IP.o)
 .comment       0x00000044       0x23 c:/devkitPro/libnds/lib\libdswifi9.a(sgIP_ICMP.o)
 .comment       0x00000044       0x22 c:/devkitPro/libnds/lib\libnds9.a(keys.o)
                                 0x23 (size before relaxing)
 .comment       0x00000066       0x23 c:/devkitPro/libnds/lib\libnds9.a(keyboard.o)
 .comment       0x00000066       0x23 c:/devkitPro/libnds/lib\libnds9.a(decompress.o)
 .comment       0x00000066       0x23 c:/devkitPro/libnds/lib\libnds9.a(console.o)
 .comment       0x00000066       0x23 c:/devkitPro/libnds/lib\libnds9.a(touch.o)
 .comment       0x00000066       0x23 c:/devkitPro/libnds/lib\libnds9.a(background.o)
 .comment       0x00000066       0x23 c:/devkitPro/libnds/lib\libnds9.a(initSystem.o)
 .comment       0x00000066       0x23 c:/devkitPro/libnds/lib\libnds9.a(fifosystem.o)
 .comment       0x00000066       0x23 c:/devkitPro/libnds/lib\libnds9.a(syscalls.o)
 .comment       0x00000066       0x23 c:/devkitPro/libnds/lib\libnds9.a(libnds_exit.arm.o)
 .comment       0x00000066       0x23 c:/devkitPro/libnds/lib\libnds9.a(interrupts.o)
 .comment       0x00000066       0x23 c:/devkitPro/libnds/lib\libnds9.a(trig.o)
 .comment       0x00000066       0x23 c:/devkitPro/libnds/lib\libnds9.a(system.o)
 .comment       0x00000066       0x23 c:/devkitPro/libnds/lib\libnds9.a(video.o)
 .comment       0x00000066       0x23 c:/devkitPro/libnds/lib\libnds9.a(timeSupport.o)
 .comment       0x00000066       0x23 c:/devkitpro/devkitarm/bin/../lib/gcc/arm-none-eabi/5.3.0/../../../../arm-none-eabi/lib/thumb\libg.a(lib_a-bsearch.o)
 .comment       0x00000066       0x23 c:/devkitpro/devkitarm/bin/../lib/gcc/arm-none-eabi/5.3.0/../../../../arm-none-eabi/lib/thumb\libg.a(lib_a-errno.o)
 .comment       0x00000066       0x23 c:/devkitpro/devkitarm/bin/../lib/gcc/arm-none-eabi/5.3.0/../../../../arm-none-eabi/lib/thumb\libg.a(lib_a-init.o)
 .comment       0x00000066       0x23 c:/devkitpro/devkitarm/bin/../lib/gcc/arm-none-eabi/5.3.0/../../../../arm-none-eabi/lib/thumb\libg.a(lib_a-iprintf.o)
 .comment       0x00000066       0x23 c:/devkitpro/devkitarm/bin/../lib/gcc/arm-none-eabi/5.3.0/../../../../arm-none-eabi/lib/thumb\libg.a(lib_a-malloc.o)
 .comment       0x00000066       0x23 c:/devkitpro/devkitarm/bin/../lib/gcc/arm-none-eabi/5.3.0/../../../../arm-none-eabi/lib/thumb\libg.a(lib_a-mallocr.o)
 .comment       0x00000066       0x23 c:/devkitpro/devkitarm/bin/../lib/gcc/arm-none-eabi/5.3.0/../../../../arm-none-eabi/lib/thumb\libg.a(lib_a-memcpy.o)
 .comment       0x00000066       0x23 c:/devkitpro/devkitarm/bin/../lib/gcc/arm-none-eabi/5.3.0/../../../../arm-none-eabi/lib/thumb\libg.a(lib_a-memset.o)
 .comment       0x00000066       0x23 c:/devkitpro/devkitarm/bin/../lib/gcc/arm-none-eabi/5.3.0/../../../../arm-none-eabi/lib/thumb\libg.a(lib_a-mlock.o)
 .comment       0x00000066       0x23 c:/devkitpro/devkitarm/bin/../lib/gcc/arm-none-eabi/5.3.0/../../../../arm-none-eabi/lib/thumb\libg.a(lib_a-perror.o)
 .comment       0x00000066       0x23 c:/devkitpro/devkitarm/bin/../lib/gcc/arm-none-eabi/5.3.0/../../../../arm-none-eabi/lib/thumb\libg.a(lib_a-scanf.o)
 .comment       0x00000066       0x23 c:/devkitpro/devkitarm/bin/../lib/gcc/arm-none-eabi/5.3.0/../../../../arm-none-eabi/lib/thumb\libg.a(lib_a-setvbuf.o)
 .comment       0x00000066       0x23 c:/devkitpro/devkitarm/bin/../lib/gcc/arm-none-eabi/5.3.0/../../../../arm-none-eabi/lib/thumb\libg.a(lib_a-siscanf.o)
 .comment       0x00000066       0x23 c:/devkitpro/devkitarm/bin/../lib/gcc/arm-none-eabi/5.3.0/../../../../arm-none-eabi/lib/thumb\libg.a(lib_a-snprintf.o)
 .comment       0x00000066       0x23 c:/devkitpro/devkitarm/bin/../lib/gcc/arm-none-eabi/5.3.0/../../../../arm-none-eabi/lib/thumb\libg.a(lib_a-stdio.o)
 .comment       0x00000066       0x23 c:/devkitpro/devkitarm/bin/../lib/gcc/arm-none-eabi/5.3.0/../../../../arm-none-eabi/lib/thumb\libg.a(lib_a-strcpy.o)