Archive member included to satisfy reference by file (symbol)

c:/devkitPro/libnds/lib\libdswifi9.a(wifi_arm9.o)
                              template.o (Wifi_ScanMode)
c:/devkitPro/libnds/lib\libdswifi9.a(sgIP_sockets.o)
                              template.o (socket)
c:/devkitPro/libnds/lib\libdswifi9.a(sgIP_memblock.o)
                              c:/devkitPro/libnds/lib\libdswifi9.a(wifi_arm9.o) (sgIP_memblock_allocHW)
c:/devkitPro/libnds/lib\libdswifi9.a(sgIP_TCP.o)
                              c:/devkitPro/libnds/lib\libdswifi9.a(sgIP_sockets.o) (sgIP_TCP_AllocRecord)
c:/devkitPro/libnds/lib\libdswifi9.a(sgIP_Hub.o)
                              c:/devkitPro/libnds/lib\libdswifi9.a(wifi_arm9.o) (sgIP_Hub_AddHardwareInterface)
c:/devkitPro/libnds/lib\libdswifi9.a(sgIP_DNS.o)
                              c:/devkitPro/libnds/lib\libdswifi9.a(wifi_arm9.o) (sgIP_DNS_GetUnusedRecord)
c:/devkitPro/libnds/lib\libdswifi9.a(spinlock.o)
                              c:/devkitPro/libnds/lib\libdswifi9.a(wifi_arm9.o) (SLasm_Acquire)
c:/devkitPro/libnds/lib\libdswifi9.a(sgIP_DHCP.o)
                              c:/devkitPro/libnds/lib\libdswifi9.a(wifi_arm9.o) (sgIP_DHCP_Start)
c:/devkitPro/libnds/lib\libdswifi9.a(sgIP_UDP.o)
                              c:/devkitPro/libnds/lib\libdswifi9.a(sgIP_sockets.o) (sgIP_UDP_AllocRecord)
c:/devkitPro/libnds/lib\libdswifi9.a(sgIP.o)
                              c:/devkitPro/libnds/lib\libdswifi9.a(wifi_arm9.o) (sgIP_Init)
c:/devkitPro/libnds/lib\libdswifi9.a(sgIP_ARP.o)
                              c:/devkitPro/libnds/lib\libdswifi9.a(sgIP.o) (sgIP_ARP_Init)
c:/devkitPro/libnds/lib\libdswifi9.a(sgIP_IP.o)
                              c:/devkitPro/libnds/lib\libdswifi9.a(sgIP.o) (sgIP_IP_ReceivePacket)
c:/devkitPro/libnds/lib\libdswifi9.a(sgIP_ICMP.o)
                              c:/devkitPro/libnds/lib\libdswifi9.a(sgIP_IP.o) (sgIP_ICMP_ReceivePacket)
c:/devkitPro/libnds/lib\libnds9.a(keys.o)
                              template.o (scanKeys)
c:/devkitPro/libnds/lib\libnds9.a(console.o)
                              template.o (consoleSelect)
c:/devkitPro/libnds/lib\libnds9.a(touch.o)
                              template.o (touchRead)
c:/devkitPro/libnds/lib\libnds9.a(background.o)
                              c:/devkitPro/libnds/lib\libnds9.a(console.o) (bgState)
c:/devkitPro/libnds/lib\libnds9.a(initSystem.o)
                              c:/devkitpro/devkitarm/bin/../lib/gcc/arm-none-eabi/5.3.0/../../../../arm-none-eabi/lib/thumb/ds_arm9_crt0.o (initSystem)
c:/devkitPro/libnds/lib\libnds9.a(fifosystem.o)
                              c:/devkitPro/libnds/lib\libdswifi9.a(wifi_arm9.o) (fifoSetValue32Handler)
c:/devkitPro/libnds/lib\libnds9.a(libnds_exit.arm.o)
                              c:/devkitpro/devkitarm/bin/../lib/gcc/arm-none-eabi/5.3.0/../../../../arm-none-eabi/lib/thumb/ds_arm9_crt0.o (__libnds_exit)
c:/devkitPro/libnds/lib\libnds9.a(interrupts.o)
                              c:/devkitPro/libnds/lib\libdswifi9.a(wifi_arm9.o) (irqSet)
c:/devkitPro/libnds/lib\libnds9.a(dcache.o)
                              c:/devkitPro/libnds/lib\libdswifi9.a(wifi_arm9.o) (DC_FlushAll)
c:/devkitPro/libnds/lib\libnds9.a(IntrWait.o)
                              c:/devkitPro/libnds/lib\libnds9.a(fifosystem.o) (swiIntrWait)
c:/devkitPro/libnds/lib\libnds9.a(mpu_setup.o)
                              c:/devkitpro/devkitarm/bin/../lib/gcc/arm-none-eabi/5.3.0/../../../../arm-none-eabi/lib/thumb/ds_arm9_crt0.o (__libnds_mpu_setup)
c:/devkitPro/libnds/lib\libnds9.a(swiSoftReset.o)
                              c:/devkitPro/libnds/lib\libnds9.a(fifosystem.o) (swiSoftReset)
c:/devkitPro/libnds/lib\libnds9.a(debugprint.o)
                              c:/devkitPro/libnds/lib\libnds9.a(console.o) (nocashWrite)
c:/devkitPro/libnds/lib\libnds9.a(biosCalls.o)
                              template.o (swiWaitForVBlank)
c:/devkitPro/libnds/lib\libnds9.a(interruptDispatcher.o)
                              c:/devkitPro/libnds/lib\libnds9.a(interrupts.o) (IntrMain)
c:/devkitPro/libnds/lib\libnds9.a(default_font.bin.o)
                              c:/devkitPro/libnds/lib\libnds9.a(console.o) (default_font_bin)
c:/devkitPro/libnds/lib\libnds9.a(trig.o)
                              c:/devkitPro/libnds/lib\libnds9.a(background.o) (sinLerp)
c:/devkitPro/libnds/lib\libnds9.a(system.o)
                              c:/devkitPro/libnds/lib\libnds9.a(initSystem.o) (systemValueHandler)
c:/devkitPro/libnds/lib\libnds9.a(video.o)
                              c:/devkitPro/libnds/lib\libnds9.a(initSystem.o) (vramDefault)
c:/devkitPro/libnds/lib\libnds9.a(timeSupport.o)
                              c:/devkitPro/libnds/lib\libnds9.a(initSystem.o) (__libnds_gtod)
c:/devkitpro/devkitarm/bin/../lib/gcc/arm-none-eabi/5.3.0/thumb\libgcc.a(_thumb1_case_uqi.o)
                              c:/devkitPro/libnds/lib\libdswifi9.a(wifi_arm9.o) (__gnu_thumb1_case_uqi)
[...]
Memory Configuration

Name             Origin             Length             Attributes
rom              0x08000000         0x02000000
ewram            0x02000000         0x003ff000
dtcm             0x0b000000         0x00004000
vectors          0x01000000         0x00000100
itcm             0x01000100         0x00007f00
*default*        0x00000000         0xffffffff

Linker script and memory map

                0x01000000                __vectors_start = ORIGIN (vectors)
                0x01000100                __itcm_start = ORIGIN (itcm)
                0x023ff000                __ewram_end = (ORIGIN (ewram) + 0x3ff000)
                0x023ff000                __eheap_end = (ORIGIN (ewram) + 0x3ff000)
                0x0b000000                __dtcm_start = ORIGIN (dtcm)
                0x0b004000                __dtcm_top = (ORIGIN (dtcm) + 0x4000)
                0x0b003ff8                __irq_flags = (__dtcm_top - 0x8)
                0x0b003ffc                __irq_vector = (__dtcm_top - 0x4)
                0x0b003f00                __sp_svc = (__dtcm_top - 0x100)
                0x0b003e00                __sp_irq = (__sp_svc - 0x100)
                0x0b003d00                __sp_usr = (__sp_irq - 0x100)

.init           0x02000000      0x23c
                0x02000000                __text_start = .
 *(.init)
 .init          0x02000000      0x230 c:/devkitpro/devkitarm/bin/../lib/gcc/arm-none-eabi/5.3.0/../../../../arm-none-eabi/lib/thumb/ds_arm9_crt0.o
                0x02000000                _start
 .init          0x02000230        0x4 c:/devkitpro/devkitarm/bin/../lib/gcc/arm-none-eabi/5.3.0/thumb/crti.o
                0x02000230                _init
 .init          0x02000234        0x8 c:/devkitpro/devkitarm/bin/../lib/gcc/arm-none-eabi/5.3.0/thumb/crtn.o
                0x0200023c                . = ALIGN (0x4)

.plt
 *(.plt)

.text           0x02000240    0x1a1b0
 *(EXCLUDE_FILE(*.itcm*) .text)
 .text          0x02000240       0xd4 c:/devkitpro/devkitarm/bin/../lib/gcc/arm-none-eabi/5.3.0/thumb/crtbegin.o
 .text          0x02000314      0x354 template.o
                0x02000314                findAP
                0x02000430                Wifi_init_and_connect
                0x02000564                setup
                0x02000604                keyInterruptRoutine
 .text          0x02000668     0x1064 c:/devkitPro/libnds/lib\libdswifi9.a(wifi_arm9.o)
                0x02000668                Wifi_Interface_Init
                0x020006b4                arm9_synctoarm7
                0x020006c0                sgIP_IntrWaitEvent
                0x020006c2                wHeapAllocInit
                0x020006ec                wHeapAlloc
                0x0200078c                wHeapFree
                0x020007a8                sgIP_malloc
                0x020007b0                sgIP_free
                0x020007b8                ethhdr_print
                0x020007ba                erasemem
                0x020007ce                Wifi_CopyMacAddr
                0x020007dc                Wifi_CmpMacAddr
                0x020007fe                Wifi_TxBufferWordsAvailable
                0x02000824                Wifi_TxBufferWrite
                0x02000870                Wifi_TransmitFunction
                0x02000a7c                Wifi_RxRawReadPacket
                0x02000ae4                Wifi_RxReadOffset
                0x02000b10                Wifi_RawTxFrame
                0x02000bd0                Wifi_RawSetPacketHandler
                0x02000bdc                Wifi_SetSyncHandler
                0x02000be8                Wifi_DisableWifi
                0x02000c00                Wifi_EnableWifi
                0x02000c14                Wifi_SetPromiscuousMode
                0x02000c30                Wifi_ScanMode
                0x02000c48                Wifi_SetChannel
                0x02000c6c                Wifi_GetNumAP
                0x02000c94                Wifi_GetAPData
                0x02000d28                Wifi_FindMatchingAP
                0x02000de6                Wifi_AutoConnect
                0x02000e0c                Wifi_DisconnectAP
                0x02000e30                Wifi_ConnectAP
                0x02000f34                Wifi_Init
                0x02000fb0                Wifi_CheckInit
                0x02000fd0                Wifi_Update
                0x02001208                Wifi_Timer
                0x02001218                Timer_50ms
                0x02001222                Wifi_GetIP
                0x02001234                Wifi_GetIPInfo
                0x0200126c                Wifi_SetIP
                0x02001290                Wifi_AssocStatus
                0x02001594                Wifi_SetDHCP
                0x02001596                Wifi_GetData
                0x020015f4                Wifi_GetStats
                0x02001614                Wifi_Sync
                0x02001630                wifiValue32Handler
                0x0200163c                Wifi_InitDefault
 .text          0x020016cc      0xba4 c:/devkitPro/libnds/lib\libdswifi9.a(sgIP_sockets.o)
                0x020016cc                sgIP_sockets_Init
                0x020016ec                spawn_socket
                0x02001740                kill_socket
                0x02001774                socket
                0x02001804                forceclosesocket
                0x02001860                sgIP_sockets_Timer1000ms
                0x020018b0                bind
                0x02001910                connect
                0x020019c4                send
                0x02001a5c                recv
                0x02001af4                sendto
                0x02001b6c                recvfrom
                0x02001c1c                listen
                0x02001c7c                accept
                0x02001d5c                shutdown
                0x02001db8                closesocket
                0x02001e50                ioctl
                0x02001f04                setsockopt
                0x02001f08                getsockopt
                0x02001f0c                getpeername
                0x02001f98                getsockname
                0x0200202c                gethostbyname
                0x02002034                select
 .text          0x02002270      0x208 c:/devkitPro/libnds/lib\libdswifi9.a(sgIP_memblock.o)
                0x02002270                sgIP_memblock_Init
                0x02002272                sgIP_memblock_allocHW
                0x02002296                sgIP_memblock_alloc
                0x020022a2                sgIP_memblock_free
                0x020022cc                sgIP_memblock_exposeheader
                0x020022f2                sgIP_memblock_trimsize
                0x02002322                sgIP_memblock_IPChecksum
                0x020023bc                sgIP_memblock_CopyToLinear
                0x02002418                sgIP_memblock_CopyFromLinear
                0x02002474                sgIP_memblock_CopyBlock
 .text          0x02002478      0xf08 c:/devkitPro/libnds/lib\libdswifi9.a(sgIP_TCP.o)
                0x02002478                sgIP_TCP_Init
                0x020024ac                sgIP_TCP_support_seqhash
                0x020024fc                sgIP_TCP_GetUnusedOutgoingPort
                0x0200255c                sgIP_TCP_CalcChecksum
                0x020025b4                sgIP_TCP_GenHeader
                0x0200265c                sgIP_TCP_FixChecksum
                0x020026b8                sgIP_TCP_SendPacket
                0x02002778                sgIP_TCP_SendSynReply
                0x02002818                sgIP_TCP_Timer
                0x020029cc                sgIP_TCP_AllocRecord
                0x02002a14                sgIP_TCP_ReceivePacket
                0x02002f3c                sgIP_TCP_FreeRecord
                0x02003004                sgIP_TCP_Bind
                0x0200302c                sgIP_TCP_Listen
                0x02003080                sgIP_TCP_Accept
                0x02003100                sgIP_TCP_Close
                0x02003130                sgIP_TCP_Connect
                0x020031ac                sgIP_TCP_Send
                0x0200329c                sgIP_TCP_Recv
 .text          0x02003380      0x1e0 c:/devkitPro/libnds/lib\libdswifi9.a(sgIP_Hub.o)
                0x02003380                sgIP_Hub_Init
                0x02003394                sgIP_Hub_AddProtocolInterface
                0x020033d4                sgIP_Hub_AddHardwareInterface
                0x02003410                sgIP_Hub_RemoveProtocolInterface
                0x0200342c                sgIP_Hub_RemoveHardwareInterface
                0x02003448                sgIP_Hub_ReceiveHardwarePacket
                0x020034a0                sgIP_Hub_SendProtocolPacket
                0x020034e4                sgIP_Hub_SendRawPacket
                0x02003508                sgIP_Hub_IPMaxMessageSize
                0x02003510                sgIP_Hub_GetCompatibleIP
                0x02003524                sgIP_Hub_GetDefaultInterface
                0x02003538                htons
                0x02003544                htonl
 .text          0x02003560      0x8fc c:/devkitPro/libnds/lib\libdswifi9.a(sgIP_DNS.o)
                0x020035d0                sgIP_DNS_Init
                0x02003610                sgIP_DNS_Timer1000ms
                0x02003660                sgIP_DNS_isipaddress
                0x020037fc                sgIP_DNS_FindDNSRecord
                0x020038d4                sgIP_DNS_GetUnusedRecord
                0x0200396c                sgIP_DNS_GenerateHostent
                0x02003a1c                sgIP_DNS_CopyAliasAt
                0x02003a74                sgIP_DNS_gethostbyname
                0x02003e20                inet_addr
                0x02003e36                inet_aton
                0x02003e4c                inet_ntoa
 .text          0x02003e5c       0x5c c:/devkitPro/libnds/lib\libdswifi9.a(spinlock.o)
                0x02003e5c                SLasm_Acquire
                0x02003e90                SLasm_Release
 .text          0x02003eb8      0x7f4 c:/devkitPro/libnds/lib\libdswifi9.a(sgIP_DHCP.o)
                0x02003eb8                sgIP_DHCP_Init
                0x02003ef8                sgIP_DHCP_SetHostName
                0x02003f14                sgIP_DHCP_IsDhcpIp
                0x02003f24                sgIP_DHCP_SendDgram
                0x02003f94                sgIP_DHCP_BeginDgram
                0x02004170                sgIP_DHCP_Terminate
                0x020041a8                sgIP_DHCP_Start
                0x02004268                sgIP_DHCP_Release
                0x0200429c                sgIP_DHCP_Update
                0x02004614                gethostname
                0x02004648                sethostname
 .text          0x020046ac      0x3c4 c:/devkitPro/libnds/lib\libdswifi9.a(sgIP_UDP.o)
                0x020046ac                sgIP_UDP_Init
                0x020046c8                sgIP_UDP_GetUnusedOutgoingPort
                0x0200471c                sgIP_UDP_CalcChecksum
                0x02004784                sgIP_UDP_ReceivePacket
                0x02004820                sgIP_UDP_SendPacket
                0x020048e8                sgIP_UDP_AllocRecord
                0x02004920                sgIP_UDP_FreeRecord
                0x0200496c                sgIP_UDP_Bind
                0x020049a4                sgIP_UDP_RecvFrom
                0x02004a60                sgIP_UDP_SendTo
 .text          0x02004a70       0xa8 c:/devkitPro/libnds/lib\libdswifi9.a(sgIP.o)
                0x02004a70                sgIP_Init
                0x02004aac                sgIP_Timer
 .text          0x02004b18      0x564 c:/devkitPro/libnds/lib\libdswifi9.a(sgIP_ARP.o)
                0x02004b18                sgIP_FindArpSlot
                0x02004b4c                sgIP_GetArpSlot
                0x02004b98                sgIP_is_broadcast_address
                0x02004ba6                sgIP_ARP_Check_isok
                0x02004baa                sgIP_ARP_Init
                0x02004bcc                sgIP_ARP_FlushInterface
                0x02004bf8                sgIP_ARP_ProcessIPFrame
                0x02004bfc                sgIP_ARP_SendARPResponse
                0x02004cc8                sgIP_ARP_SendGratARP
                0x02004d98                sgIP_ARP_SendARPRequest
                0x02004e60                sgIP_ARP_Timer100ms
                0x02004eb8                sgIP_ARP_SendProtocolFrame
                0x02004fa8                sgIP_ARP_ProcessARPFrame
 .text          0x0200507c      0x128 c:/devkitPro/libnds/lib\libdswifi9.a(sgIP_IP.o)
                0x0200507c                sgIP_IP_ReceivePacket
                0x02005114                sgIP_IP_MaxContentsSize
                0x0200511e                sgIP_IP_RequiredHeaderSize
                0x02005122                sgIP_IP_SendViaIP
                0x02005194                sgIP_IP_GetLocalBindAddr
 .text          0x020051a4       0x64 c:/devkitPro/libnds/lib\libdswifi9.a(sgIP_ICMP.o)
                0x020051a4                sgIP_ICMP_Init
                0x020051a6                sgIP_ICMP_ReceivePacket
 .text          0x02005208       0xf4 c:/devkitPro/libnds/lib\libnds9.a(keys.o)
                0x02005208                scanKeys
                0x02005274                keysHeld
                0x02005280                keysDown
                0x02005290                keysDownRepeat
                0x020052a0                keysSetRepeat
                0x020052b8                keysUp
                0x020052c8                keysCurrent
 .text          0x020052fc      0xa30 c:/devkitPro/libnds/lib\libnds9.a(console.o)
                0x020053ac                nocash_write
                0x020053bc                consoleGetDefault
                0x020053c8                consoleSelect
                0x020053d8                consoleDebugInit
                0x02005428                consolePrintChar
                0x02005608                consoleLoadFont
                0x02005884                consoleSetFont
                0x020058a4                consoleInit
                0x02005a0c                consoleDemoInit
                0x02005a50                con_write
                0x02005cfc                consoleClear
                0x02005d0c                consoleSetWindow
 .text          0x02005d2c       0x48 c:/devkitPro/libnds/lib\libnds9.a(touch.o)
                0x02005d2c                touchRead
                0x02005d50                touchReadXY
 .text          0x02005d74      0x350 c:/devkitPro/libnds/lib\libnds9.a(background.o)
                0x02005db0                bgIsText
                0x02005dbc                checkIfText
                0x02005de4                bgUpdate
                0x02005ed4                bgInit_call
                0x02005fc4                bgInitSub_call
 .text          0x020060c4      0x148 c:/devkitPro/libnds/lib\libnds9.a(initSystem.o)
                0x020060c4                initSystem
 .text          0x0200620c      0xd04 c:/devkitPro/libnds/lib\libnds9.a(fifosystem.o)
                0x02006460                fifoSetValue32Handler
                0x020064d4                fifoSendAddress
                0x0200650c                fifoSendValue32
                0x0200655c                fifoSendDatamsg
                0x020065ec                fifoGetAddress
                0x02006658                fifoSetAddressHandler
                0x020066cc                fifoGetValue32
                0x020066e0                fifoGetDatamsg
                0x02006c10                fifoSetDatamsgHandler
                0x02006ca8                fifoCheckAddress
                0x02006ccc                fifoCheckDatamsg
                0x02006cf0                fifoCheckDatamsgLength
                0x02006d20                fifoCheckValue32
                0x02006d44                fifoInit
 .text          0x02006f10       0x60 c:/devkitPro/libnds/lib\libnds9.a(libnds_exit.arm.o)
                0x02006f10                systemErrorExit
                0x02006f14                __libnds_exit
 .text          0x02006f70      0x1e8 c:/devkitPro/libnds/lib\libnds9.a(interrupts.o)
                0x02006f70                irqDummy
                0x02006f74                irqSet
                0x02006fe0                irqInitHandler
                0x02007008                irqInit
                0x02007058                irqEnable
                0x020070bc                irqDisable
                0x02007120                irqClear
 .text          0x02007158       0x88 c:/devkitPro/libnds/lib\libnds9.a(dcache.o)
                0x02007158                DC_FlushAll
                0x02007184                DC_FlushRange
                0x020071a8                DC_InvalidateAll
                0x020071b4                DC_InvalidateRange
 .text          0x020071e0       0x20 c:/devkitPro/libnds/lib\libnds9.a(IntrWait.o)
                0x020071e0                swiIntrWait
 .text          0x02007200      0x1b4 c:/devkitPro/libnds/lib\libnds9.a(mpu_setup.o)
                0x02007200                __libnds_mpu_setup
                0x02007340                memCached
                0x02007358                memUncached
 *fill*         0x020073b4        0xc ff
 .text          0x020073c0       0x30 c:/devkitPro/libnds/lib\libnds9.a(swiSoftReset.o)
                0x020073c0                swiSoftReset
 .text          0x020073f0       0xa4 c:/devkitPro/libnds/lib\libnds9.a(debugprint.o)
                0x020073f0                nocashWrite
                0x020073f2                nocashMessage
 *fill*         0x02007494        0xc ff
 .text          0x020074a0       0x70 c:/devkitPro/libnds/lib\libnds9.a(biosCalls.o)
                0x020074a0                swiDelay
                0x020074a4                swiWaitForVBlank
                0x020074a8                swiSleep
                0x020074ac                swiChangeSoundBias
                0x020074b0                swiDivide
                0x020074b4                swiRemainder
                0x020074ba                swiDivMod
                0x020074c6                swiCopy
                0x020074ca                swiFastCopy
                0x020074ce                swiSqrt
                0x020074d2                swiCRC16
                0x020074d6                swiIsDebugger
                0x020074da                swiUnpackBits
                0x020074de                swiDecompressLZSSWram
                0x020074e2                swiDecompressLZSSVramNTR
                0x020074e6                swiDecompressLZSSVramTWL
                0x020074ea                swiDecompressHuffman
                0x020074ee                swiDecompressRLEWram
                0x020074f2                swiDecompressRLEVram
                0x020074f6                swiWaitForIRQ
                0x020074fa                swiDecodeDelta8
                0x020074fe                swiDecodeDelta16
                0x02007502                swiSetHaltCR
 .text          0x02007510      0x2a0 c:/devkitPro/libnds/lib\libnds9.a(trig.o)
                0x02007510                asinComp
                0x02007534                sinLutLookup
                0x0200756c                sinLerp
                0x02007608                cosLerp
                0x0200761c                tanLutLookup
                0x02007654                tanLerp
                0x020076fc                asinLerp
                0x02007778                acosLerp
                0x0200778c                atanComp
 .text          0x020077b0      0x140 c:/devkitPro/libnds/lib\libnds9.a(system.o)
                0x020077b0                setSDcallback
                0x020077bc                systemValueHandler
                0x02007804                systemMsgHandler
                0x02007854                systemSleep
                0x0200786c                powerOn
                0x02007898                powerOff
                0x020078c0                ledBlink
                0x020078d0                getBatteryLevel
 .text          0x020078f0      0x1bc c:/devkitPro/libnds/lib\libnds9.a(video.o)
                0x020078f0                vramSetMainBanks
                0x02007934                vramSetPrimaryBanks
                0x0200793c                vramSetBanks_EFG
                0x02007974                vramRestorePrimaryBanks
                0x02007980                vramRestoreMainBanks
                0x0200798c                vramRestoreBanks_EFG
                0x02007998                setBrightness
                0x020079d8                vramDefault
 .text          0x02007aac       0x24 c:/devkitPro/libnds/lib\libnds9.a(timeSupport.o)
                0x02007aac                __libnds_gtod
 .text          0x02007ad0       0x14 c:/devkitpro/devkitarm/bin/../lib/gcc/arm-none-eabi/5.3.0/thumb\libgcc.a(_thumb1_case_uqi.o)
                0x02007ad0                __gnu_thumb1_case_uqi
 .text          0x02007ae4       0x14 c:/devkitpro/devkitarm/bin/../lib/gcc/arm-none-eabi/5.3.0/thumb\libgcc.a(_thumb1_case_uhi.o)
                0x02007ae4                __gnu_thumb1_case_uhi
 .text          0x02007af8      0x11c c:/devkitpro/devkitarm/bin/../lib/gcc/arm-none-eabi/5.3.0/thumb\libgcc.a(_udivsi3.o)
                0x02007af8                __aeabi_uidiv
                0x02007af8                __udivsi3
                0x02007bf4                __aeabi_uidivmod
 .text          0x02007c14      0x150 c:/devkitpro/devkitarm/bin/../lib/gcc/arm-none-eabi/5.3.0/thumb\libgcc.a(_divsi3.o)
                0x02007c14                __divsi3
                0x02007c14                __aeabi_idiv
                0x02007d44                __aeabi_idivmod
 .text          0x02007d64        0x4 c:/devkitpro/devkitarm/bin/../lib/gcc/arm-none-eabi/5.3.0/thumb\libgcc.a(_dvmd_tls.o)
                0x02007d64                __aeabi_idiv0
                0x02007d64                __aeabi_ldiv0
 .text          0x02007d68      0x224 c:/devkitpro/devkitarm/bin/../lib/gcc/arm-none-eabi/5.3.0/../../../../arm-none-eabi/lib/thumb\libg.a(lib_a-strcmp.o)
                0x02007d68                strcmp
 .text          0x02007f8c      0x160 c:/devkitpro/devkitarm/bin/../lib/gcc/arm-none-eabi/5.3.0/../../../../arm-none-eabi/lib/thumb\libsysbase.a(iosupport.o)
                0x02007f90                setDefaultDevice
                0x02007fa0                FindDevice
                0x0200802c                RemoveDevice
                0x02008050                AddDevice
                0x020080cc                GetDeviceOpTab
 .text          0x020080ec       0x54 c:/devkitpro/devkitarm/bin/../lib/gcc/arm-none-eabi/5.3.0/../../../../arm-none-eabi/lib/thumb\libsysbase.a(close.o)
                0x020080ec                _close_r
 .text          0x02008140       0x44 c:/devkitpro/devkitarm/bin/../lib/gcc/arm-none-eabi/5.3.0/../../../../arm-none-eabi/lib/thumb\libsysbase.a(fstat.o)
                0x02008140                _fstat_r
 .text          0x02008184        0x4 c:/devkitpro/devkitarm/bin/../lib/gcc/arm-none-eabi/5.3.0/../../../../arm-none-eabi/lib/thumb\libsysbase.a(isatty.o)
                0x02008184                _isatty_r
 .text          0x02008188       0x48 c:/devkitpro/devkitarm/bin/../lib/gcc/arm-none-eabi/5.3.0/../../../../arm-none-eabi/lib/thumb\libsysbase.a(lseek.o)
                0x02008188                _lseek_r
 .text          0x020081d0       0x48 c:/devkitpro/devkitarm/bin/../lib/gcc/arm-none-eabi/5.3.0/../../../../arm-none-eabi/lib/thumb\libsysbase.a(read.o)
                0x020081d0                _read_r
 .text          0x02008218       0x54 c:/devkitpro/devkitarm/bin/../lib/gcc/arm-none-eabi/5.3.0/../../../../arm-none-eabi/lib/thumb\libsysbase.a(sbrk.o)
                0x02008218                _sbrk_r
 .text          0x0200826c       0x48 c:/devkitpro/devkitarm/bin/../lib/gcc/arm-none-eabi/5.3.0/../../../../arm-none-eabi/lib/thumb\libsysbase.a(write.o)
                0x0200826c                _write_r
 .text          0x020082b4       0x4c c:/devkitpro/devkitarm/bin/../lib/gcc/arm-none-eabi/5.3.0/../../../../arm-none-eabi/lib/thumb\libsysbase.a(build_argv.o)
                0x020082b4                build_argv
 .text          0x02008300       0x20 c:/devkitpro/devkitarm/bin/../lib/gcc/arm-none-eabi/5.3.0/../../../../arm-none-eabi/lib/thumb\libsysbase.a(flock.o)
                0x02008300                __flockfile
                0x02008310                __funlockfile
 .text          0x02008320      0x104 c:/devkitpro/devkitarm/bin/../lib/gcc/arm-none-eabi/5.3.0/../../../../arm-none-eabi/lib/thumb\libsysbase.a(syscall_support.o)
                0x02008320                __libc_lock_init
                0x02008338                __libc_lock_acquire
                0x02008350                __libc_lock_try_acquire
                0x02008370                __libc_lock_release
                0x02008388                __libc_lock_close
                0x020083a0                __libc_lock_init_recursive
                0x020083b8                __libc_lock_acquire_recursive
                0x020083d0                __libc_lock_try_acquire_recursive
                0x020083f0                __libc_lock_release_recursive
                0x02008408                __libc_lock_close_recursive
 .text          0x02008424      0x204 c:/devkitpro/devkitarm/bin/../lib/gcc/arm-none-eabi/5.3.0/../../../../arm-none-eabi/lib/thumb\libsysbase.a(handle_manager.o)
                0x02008424                __free_handle
                0x0200845c                __release_handle
                0x02008494                __alloc_handle
                0x020084ec                __get_handle
                0x02008508                dup
                0x0200857c                dup2
 .text          0x02008628       0x28 c:/devkitpro/devkitarm/bin/../lib/gcc/arm-none-eabi/5.3.0/../../../../arm-none-eabi/lib/thumb\libsysbase.a(getreent.o)
                0x02008628                __getreent
 .text          0x02008650      0x41c c:/devkitpro/devkitarm/bin/../lib/gcc/arm-none-eabi/5.3.0/thumb\libgcc.a(_arm_addsubdf3.o)
                0x02008650                __aeabi_drsub
                0x02008658                __aeabi_dsub
                0x02008658                __subdf3
                0x0200865c                __aeabi_dadd
                0x0200865c                __adddf3
                0x0200896c                __floatunsidf
                0x0200896c                __aeabi_ui2d
                0x02008990                __floatsidf
                0x02008990                __aeabi_i2d
                0x020089b8                __aeabi_f2d
                0x020089b8                __extendsfdf2
                0x020089f8                __floatundidf
                0x020089f8                __aeabi_ul2d
                0x02008a0c                __floatdidf
                0x02008a0c                __aeabi_l2d
 .text          0x02008a6c      0x49c c:/devkitpro/devkitarm/bin/../lib/gcc/arm-none-eabi/5.3.0/thumb\libgcc.a(_arm_muldivdf3.o)
                0x02008a6c                __aeabi_dmul
                0x02008a6c                __muldf3
                0x02008cfc                __divdf3
                0x02008cfc                __aeabi_ddiv
 .text          0x02008f08      0x144 c:/devkitpro/devkitarm/bin/../lib/gcc/arm-none-eabi/5.3.0/thumb\libgcc.a(_arm_cmpdf2.o)
                0x02008f08                __gtdf2
                0x02008f08                __gedf2
                0x02008f10                __ltdf2
                0x02008f10                __ledf2
                0x02008f18                __nedf2
                0x02008f18                __eqdf2
                0x02008f18                __cmpdf2
                0x02008fa0                __aeabi_cdrcmple
                0x02008fbc                __aeabi_cdcmpeq
                0x02008fbc                __aeabi_cdcmple
                0x02008fd4                __aeabi_dcmpeq
                0x02008fec                __aeabi_dcmplt
                0x02009004                __aeabi_dcmple
                0x0200901c                __aeabi_dcmpge
                0x02009034                __aeabi_dcmpgt
 .text          0x0200904c       0x5c c:/devkitpro/devkitarm/bin/../lib/gcc/arm-none-eabi/5.3.0/thumb\libgcc.a(_arm_fixdfsi.o)
                0x0200904c                __aeabi_d2iz
                0x0200904c                __fixdfsi
 .text          0x020090a8       0x54 c:/devkitpro/devkitarm/bin/../lib/gcc/arm-none-eabi/5.3.0/thumb\libgcc.a(_arm_fixunsdfsi.o)
                0x020090a8                __aeabi_d2uiz
                0x020090a8                __fixunsdfsi
 .text          0x020090fc       0xa0 c:/devkitpro/devkitarm/bin/../lib/gcc/arm-none-eabi/5.3.0/thumb\libgcc.a(_arm_truncdfsf2.o)
                0x020090fc                __truncdfsf2
                0x020090fc                __aeabi_d2f
 .text          0x0200919c       0x3c c:/devkitpro/devkitarm/bin/../lib/gcc/arm-none-eabi/5.3.0/thumb\libgcc.a(_aeabi_uldivmod.o)
                0x0200919c                __aeabi_uldivmod
 .text          0x020091d8       0x60 c:/devkitpro/devkitarm/bin/../lib/gcc/arm-none-eabi/5.3.0/thumb\libgcc.a(_muldi3.o)
                0x020091d8                __muldi3
                0x020091d8                __aeabi_lmul
 .text          0x02009238      0x184 c:/devkitpro/devkitarm/bin/../lib/gcc/arm-none-eabi/5.3.0/thumb\libgcc.a(_udivmoddi4.o)
                0x02009238                __udivmoddi4
 .text          0x020093bc       0x28 c:/devkitpro/devkitarm/bin/../lib/gcc/arm-none-eabi/5.3.0/thumb\libgcc.a(_clzdi2.o)
                0x020093bc                __clzdi2
 .text          0x020093e4       0x48 c:/devkitpro/devkitarm/bin/../lib/gcc/arm-none-eabi/5.3.0/thumb\libgcc.a(_clzsi2.o)
                0x020093e4                __clzsi2
 *(.text.*)
 .text.startup  0x0200942c      0x1e0 template.o
                0x0200942c                main
 .text.bsearch  0x0200960c       0x64 c:/devkitpro/devkitarm/bin/../lib/gcc/arm-none-eabi/5.3.0/../../../../arm-none-eabi/lib/thumb\libg.a(lib_a-bsearch.o)
                0x0200960c                bsearch
 .text.__errno  0x02009670        0xc c:/devkitpro/devkitarm/bin/../lib/gcc/arm-none-eabi/5.3.0/../../../../arm-none-eabi/lib/thumb\libg.a(lib_a-errno.o)
                0x02009670                __errno
 .text.__libc_init_array
                0x0200967c       0x58 c:/devkitpro/devkitarm/bin/../lib/gcc/arm-none-eabi/5.3.0/../../../../arm-none-eabi/lib/thumb\libg.a(lib_a-init.o)
                0x0200967c                __libc_init_array
 .text.iprintf  0x020096d4       0x24 c:/devkitpro/devkitarm/bin/../lib/gcc/arm-none-eabi/5.3.0/../../../../arm-none-eabi/lib/thumb\libg.a(lib_a-iprintf.o)
                0x020096d4                iprintf
 .text.malloc   0x020096f8       0x14 c:/devkitpro/devkitarm/bin/../lib/gcc/arm-none-eabi/5.3.0/../../../../arm-none-eabi/lib/thumb\libg.a(lib_a-malloc.o)
                0x020096f8                malloc
 .text.free     0x0200970c       0x14 c:/devkitpro/devkitarm/bin/../lib/gcc/arm-none-eabi/5.3.0/../../../../arm-none-eabi/lib/thumb\libg.a(lib_a-malloc.o)
                0x0200970c                free
 .text._malloc_r
                0x02009720      0x564 c:/devkitpro/devkitarm/bin/../lib/gcc/arm-none-eabi/5.3.0/../../../../arm-none-eabi/lib/thumb\libg.a(lib_a-mallocr.o)
                0x02009720                _malloc_r
 .text.memcpy   0x02009c84       0x80 c:/devkitpro/devkitarm/bin/../lib/gcc/arm-none-eabi/5.3.0/../../../../arm-none-eabi/lib/thumb\libg.a(lib_a-memcpy.o)
                0x02009c84                memcpy
 .text.memset   0x02009d04       0x94 c:/devkitpro/devkitarm/bin/../lib/gcc/arm-none-eabi/5.3.0/../../../../arm-none-eabi/lib/thumb\libg.a(lib_a-memset.o)
                0x02009d04                memset
 .text.__malloc_lock
                0x02009d98       0x14 c:/devkitpro/devkitarm/bin/../lib/gcc/arm-none-eabi/5.3.0/../../../../arm-none-eabi/lib/thumb\libg.a(lib_a-mlock.o)
                0x02009d98                __malloc_lock
 .text.__malloc_unlock
                0x02009dac       0x14 c:/devkitpro/devkitarm/bin/../lib/gcc/arm-none-eabi/5.3.0/../../../../arm-none-eabi/lib/thumb\libg.a(lib_a-mlock.o)
                0x02009dac                __malloc_unlock
 .text._perror_r
                0x02009dc0       0x4c c:/devkitpro/devkitarm/bin/../lib/gcc/arm-none-eabi/5.3.0/../../../../arm-none-eabi/lib/thumb\libg.a(lib_a-perror.o)
                0x02009dc0                _perror_r
 .text.perror   0x02009e0c       0x14 c:/devkitpro/devkitarm/bin/../lib/gcc/arm-none-eabi/5.3.0/../../../../arm-none-eabi/lib/thumb\libg.a(lib_a-perror.o)
                0x02009e0c                perror
 .text.scanf    0x02009e20       0x24 c:/devkitpro/devkitarm/bin/../lib/gcc/arm-none-eabi/5.3.0/../../../../arm-none-eabi/lib/thumb\libg.a(lib_a-scanf.o)
                0x02009e20                scanf
 .text.setvbuf  0x02009e44      0x148 c:/devkitpro/devkitarm/bin/../lib/gcc/arm-none-eabi/5.3.0/../../../../arm-none-eabi/lib/thumb\libg.a(lib_a-setvbuf.o)
                0x02009e44                setvbuf
 .text.siscanf  0x02009f8c       0x4c c:/devkitpro/devkitarm/bin/../lib/gcc/arm-none-eabi/5.3.0/../../../../arm-none-eabi/lib/thumb\libg.a(lib_a-siscanf.o)
                0x02009f8c                siscanf
 .text.snprintf
                0x02009fd8       0x80 c:/devkitpro/devkitarm/bin/../lib/gcc/arm-none-eabi/5.3.0/../../../../arm-none-eabi/lib/thumb\libg.a(lib_a-snprintf.o)
                0x02009fd8                snprintf
 .text.__sread  0x0200a058       0x2c c:/devkitpro/devkitarm/bin/../lib/gcc/arm-none-eabi/5.3.0/../../../../arm-none-eabi/lib/thumb\libg.a(lib_a-stdio.o)
                0x0200a058                __sread
 .text.__seofread
                0x0200a084        0x4 c:/devkitpro/devkitarm/bin/../lib/gcc/arm-none-eabi/5.3.0/../../../../arm-none-eabi/lib/thumb\libg.a(lib_a-stdio.o)
                0x0200a084                __seofread
 .text.__swrite
                0x0200a088       0x3c c:/devkitpro/devkitarm/bin/../lib/gcc/arm-none-eabi/5.3.0/../../../../arm-none-eabi/lib/thumb\libg.a(lib_a-stdio.o)
                0x0200a088                __swrite
 .text.__sseek  0x0200a0c4       0x30 c:/devkitpro/devkitarm/bin/../lib/gcc/arm-none-eabi/5.3.0/../../../../arm-none-eabi/lib/thumb\libg.a(lib_a-stdio.o)
                0x0200a0c4                __sseek
 .text.__sclose
                0x0200a0f4       0x10 c:/devkitpro/devkitarm/bin/../lib/gcc/arm-none-eabi/5.3.0/../../../../arm-none-eabi/lib/thumb\libg.a(lib_a-stdio.o)
                0x0200a0f4                __sclose
 .text.strcpy   0x0200a104       0x10 c:/devkitpro/devkitarm/bin/../lib/gcc/arm-none-eabi/5.3.0/../../../../arm-none-eabi/lib/thumb\libg.a(lib_a-strcpy.o)
                0x0200a104                strcpy
 .text._strerror_r
                0x0200a114      0x2bc c:/devkitpro/devkitarm/bin/../lib/gcc/arm-none-eabi/5.3.0/../../../../arm-none-eabi/lib/thumb\libg.a(lib_a-strerror.o)
                0x0200a114                _strerror_r
 .text.strlen   0x0200a3d0       0x6c c:/devkitpro/devkitarm/bin/../lib/gcc/arm-none-eabi/5.3.0/../../../../arm-none-eabi/lib/thumb\libg.a(lib_a-strlen.o)
                0x0200a3d0                strlen
 .text.strncpy  0x0200a43c       0x7c c:/devkitpro/devkitarm/bin/../lib/gcc/arm-none-eabi/5.3.0/../../../../arm-none-eabi/lib/thumb\libg.a(lib_a-strncpy.o)
                0x0200a43c                strncpy
 .text._sungetc_r
                0x0200a4b8       0x8c c:/devkitpro/devkitarm/bin/../lib/gcc/arm-none-eabi/5.3.0/../../../../arm-none-eabi/lib/thumb\libg.a(lib_a-svfiscanf.o)
                0x0200a4b8                _sungetc_r
 .text.__ssrefill_r
                0x0200a544       0x44 c:/devkitpro/devkitarm/bin/../lib/gcc/arm-none-eabi/5.3.0/../../../../arm-none-eabi/lib/thumb\libg.a(lib_a-svfiscanf.o)
                0x0200a544                __ssrefill_r
 .text._sfread_r
                0x0200a588       0x90 c:/devkitpro/devkitarm/bin/../lib/gcc/arm-none-eabi/5.3.0/../../../../arm-none-eabi/lib/thumb\libg.a(lib_a-svfiscanf.o)
                0x0200a588                _sfread_r
 .text.__ssvfiscanf_r
                0x0200a618     0x1498 c:/devkitpro/devkitarm/bin/../lib/gcc/arm-none-eabi/5.3.0/../../../../arm-none-eabi/lib/thumb\libg.a(lib_a-svfiscanf.o)
                0x0200a618                __ssvfiscanf_r
 .text.get_arg  0x0200bab0      0xcb0 c:/devkitpro/devkitarm/bin/../lib/gcc/arm-none-eabi/5.3.0/../../../../arm-none-eabi/lib/thumb\libg.a(lib_a-svfprintf.o)
 .text._svfprintf_r
                0x0200c760     0x3114 c:/devkitpro/devkitarm/bin/../lib/gcc/arm-none-eabi/5.3.0/../../../../arm-none-eabi/lib/thumb\libg.a(lib_a-svfprintf.o)
                0x0200c760                _svfprintf_r
 .text.__submore
                0x0200f874       0x88 c:/devkitpro/devkitarm/bin/../lib/gcc/arm-none-eabi/5.3.0/../../../../arm-none-eabi/lib/thumb\libg.a(lib_a-ungetc.o)
                0x0200f874                __submore
 .text._ungetc_r
                0x0200f8fc      0x128 c:/devkitpro/devkitarm/bin/../lib/gcc/arm-none-eabi/5.3.0/../../../../arm-none-eabi/lib/thumb\libg.a(lib_a-ungetc.o)
                0x0200f8fc                _ungetc_r
 .text._user_strerror
                0x0200fa24        0x4 c:/devkitpro/devkitarm/bin/../lib/gcc/arm-none-eabi/5.3.0/../../../../arm-none-eabi/lib/thumb\libg.a(lib_a-u_strerr.o)
                0x0200fa24                _user_strerror
 .text.get_arg  0x0200fa28      0xcb0 c:/devkitpro/devkitarm/bin/../lib/gcc/arm-none-eabi/5.3.0/../../../../arm-none-eabi/lib/thumb\libg.a(lib_a-vfiprintf.o)
 .text.__sprint_r.part.0
                0x020106d8       0x80 c:/devkitpro/devkitarm/bin/../lib/gcc/arm-none-eabi/5.3.0/../../../../arm-none-eabi/lib/thumb\libg.a(lib_a-vfiprintf.o)
 .text._vfiprintf_r
                0x02010758     0x2240 c:/devkitpro/devkitarm/bin/../lib/gcc/arm-none-eabi/5.3.0/../../../../arm-none-eabi/lib/thumb\libg.a(lib_a-vfiprintf.o)
                0x02010758                _vfiprintf_r
 .text.__sbprintf
                0x02012998       0x8c c:/devkitpro/devkitarm/bin/../lib/gcc/arm-none-eabi/5.3.0/../../../../arm-none-eabi/lib/thumb\libg.a(lib_a-vfiprintf.o)
 .text.__svfscanf_r
                0x02012a24     0x1bd0 c:/devkitpro/devkitarm/bin/../lib/gcc/arm-none-eabi/5.3.0/../../../../arm-none-eabi/lib/thumb\libg.a(lib_a-vfscanf.o)
                0x02012a24                __svfscanf_r
 .text._vfscanf_r
                0x020145f4       0x2c c:/devkitpro/devkitarm/bin/../lib/gcc/arm-none-eabi/5.3.0/../../../../arm-none-eabi/lib/thumb\libg.a(lib_a-vfscanf.o)
                0x020145f4                _vfscanf_r
 .text._wcrtomb_r
                0x02014620       0x6c c:/devkitpro/devkitarm/bin/../lib/gcc/arm-none-eabi/5.3.0/../../../../arm-none-eabi/lib/thumb\libg.a(lib_a-wcrtomb.o)
                0x02014620                _wcrtomb_r
 .text._wcsrtombs_r
                0x0201468c       0x1c c:/devkitpro/devkitarm/bin/../lib/gcc/arm-none-eabi/5.3.0/../../../../arm-none-eabi/lib/thumb\libg.a(lib_a-wcsrtombs.o)
                0x0201468c                _wcsrtombs_r
 .text.__utf8_wctomb
                0x020146a8       0xbc c:/devkitpro/devkitarm/bin/../lib/gcc/arm-none-eabi/5.3.0/../../../../arm-none-eabi/lib/thumb\libg.a(lib_a-wctomb_r.o)
                0x020146a8                __utf8_wctomb
 .text.__swsetup_r
                0x02014764       0xcc c:/devkitpro/devkitarm/bin/../lib/gcc/arm-none-eabi/5.3.0/../../../../arm-none-eabi/lib/thumb\libg.a(lib_a-wsetup.o)
                0x02014764                __swsetup_r
 .text.quorem   0x02014830      0x158 c:/devkitpro/devkitarm/bin/../lib/gcc/arm-none-eabi/5.3.0/../../../../arm-none-eabi/lib/thumb\libg.a(lib_a-dtoa.o)
 .text._dtoa_r  0x02014988      0xfd8 c:/devkitpro/devkitarm/bin/../lib/gcc/arm-none-eabi/5.3.0/../../../../arm-none-eabi/lib/thumb\libg.a(lib_a-dtoa.o)
                0x02014988                _dtoa_r
 .text.__sflush_r
                0x02015960      0x158 c:/devkitpro/devkitarm/bin/../lib/gcc/arm-none-eabi/5.3.0/../../../../arm-none-eabi/lib/thumb\libg.a(lib_a-fflush.o)
                0x02015960                __sflush_r
 .text._fflush_r
                0x02015ab8       0x58 c:/devkitpro/devkitarm/bin/../lib/gcc/arm-none-eabi/5.3.0/../../../../arm-none-eabi/lib/thumb\libg.a(lib_a-fflush.o)
                0x02015ab8                _fflush_r
 .text.fflush   0x02015b10       0x2c c:/devkitpro/devkitarm/bin/../lib/gcc/arm-none-eabi/5.3.0/../../../../arm-none-eabi/lib/thumb\libg.a(lib_a-fflush.o)
                0x02015b10                fflush
 .text._cleanup_r
                0x02015b3c       0x14 c:/devkitpro/devkitarm/bin/../lib/gcc/arm-none-eabi/5.3.0/../../../../arm-none-eabi/lib/thumb\libg.a(lib_a-findfp.o)
                0x02015b3c                _cleanup_r
 .text.std.isra.0
                0x02015b50       0x54 c:/devkitpro/devkitarm/bin/../lib/gcc/arm-none-eabi/5.3.0/../../../../arm-none-eabi/lib/thumb\libg.a(lib_a-findfp.o)
 .text.__sinit  0x02015ba4       0x64 c:/devkitpro/devkitarm/bin/../lib/gcc/arm-none-eabi/5.3.0/../../../../arm-none-eabi/lib/thumb\libg.a(lib_a-findfp.o)
                0x02015ba4                __sinit
 .text.__sfp_lock_acquire
                0x02015c08       0x14 c:/devkitpro/devkitarm/bin/../lib/gcc/arm-none-eabi/5.3.0/../../../../arm-none-eabi/lib/thumb\libg.a(lib_a-findfp.o)
                0x02015c08                __sfp_lock_acquire
 .text.__sfp_lock_release
                0x02015c1c       0x14 c:/devkitpro/devkitarm/bin/../lib/gcc/arm-none-eabi/5.3.0/../../../../arm-none-eabi/lib/thumb\libg.a(lib_a-findfp.o)
                0x02015c1c                __sfp_lock_release
 .text.fputc    0x02015c30       0x58 c:/devkitpro/devkitarm/bin/../lib/gcc/arm-none-eabi/5.3.0/../../../../arm-none-eabi/lib/thumb\libg.a(lib_a-fputc.o)
                0x02015c30                fputc
 .text._fputs_r
                0x02015c88       0x8c c:/devkitpro/devkitarm/bin/../lib/gcc/arm-none-eabi/5.3.0/../../../../arm-none-eabi/lib/thumb\libg.a(lib_a-fputs.o)
                0x02015c88                _fputs_r
 .text.fputs    0x02015d14       0x18 c:/devkitpro/devkitarm/bin/../lib/gcc/arm-none-eabi/5.3.0/../../../../arm-none-eabi/lib/thumb\libg.a(lib_a-fputs.o)
                0x02015d14                fputs
 .text.__fputwc
                0x02015d2c       0xc0 c:/devkitpro/devkitarm/bin/../lib/gcc/arm-none-eabi/5.3.0/../../../../arm-none-eabi/lib/thumb\libg.a(lib_a-fputwc.o)
                0x02015d2c                __fputwc
 .text._fputwc_r
                0x02015dec       0x5c c:/devkitpro/devkitarm/bin/../lib/gcc/arm-none-eabi/5.3.0/../../../../arm-none-eabi/lib/thumb\libg.a(lib_a-fputwc.o)
                0x02015dec                _fputwc_r
 .text._fread_r
                0x02015e48      0x1e0 c:/devkitpro/devkitarm/bin/../lib/gcc/arm-none-eabi/5.3.0/../../../../arm-none-eabi/lib/thumb\libg.a(lib_a-fread.o)
                0x02015e48                _fread_r
 .text._malloc_trim_r
                0x02016028       0xa4 c:/devkitpro/devkitarm/bin/../lib/gcc/arm-none-eabi/5.3.0/../../../../arm-none-eabi/lib/thumb\libg.a(lib_a-freer.o)
                0x02016028                _malloc_trim_r
 .text._free_r  0x020160cc      0x1c8 c:/devkitpro/devkitarm/bin/../lib/gcc/arm-none-eabi/5.3.0/../../../../arm-none-eabi/lib/thumb\libg.a(lib_a-freer.o)
                0x020160cc                _free_r
 .text.__sfvwrite_r
                0x02016294      0x340 c:/devkitpro/devkitarm/bin/../lib/gcc/arm-none-eabi/5.3.0/../../../../arm-none-eabi/lib/thumb\libg.a(lib_a-fvwrite.o)
                0x02016294                __sfvwrite_r
 .text._fwalk   0x020165d4       0x4c c:/devkitpro/devkitarm/bin/../lib/gcc/arm-none-eabi/5.3.0/../../../../arm-none-eabi/lib/thumb\libg.a(lib_a-fwalk.o)
                0x020165d4                _fwalk
 .text._fwalk_reent
                0x02016620       0x54 c:/devkitpro/devkitarm/bin/../lib/gcc/arm-none-eabi/5.3.0/../../../../arm-none-eabi/lib/thumb\libg.a(lib_a-fwalk.o)
                0x02016620                _fwalk_reent
 .text.iswspace
                0x02016674       0x78 c:/devkitpro/devkitarm/bin/../lib/gcc/arm-none-eabi/5.3.0/../../../../arm-none-eabi/lib/thumb\libg.a(lib_a-iswspace.o)
                0x02016674                iswspace
 .text.__jp2uc  0x020166ec      0x188 c:/devkitpro/devkitarm/bin/../lib/gcc/arm-none-eabi/5.3.0/../../../../arm-none-eabi/lib/thumb\libg.a(lib_a-jp2uc.o)
 .text._jp2uc   0x02016874       0x64 c:/devkitpro/devkitarm/bin/../lib/gcc/arm-none-eabi/5.3.0/../../../../arm-none-eabi/lib/thumb\libg.a(lib_a-jp2uc.o)
                0x02016874                _jp2uc
 .text.__locale_charset
                0x020168d8        0x8 c:/devkitpro/devkitarm/bin/../lib/gcc/arm-none-eabi/5.3.0/../../../../arm-none-eabi/lib/thumb\libg.a(lib_a-locale.o)
                0x020168d8                __locale_charset
 .text.__locale_mb_cur_max
                0x020168e0        0xc c:/devkitpro/devkitarm/bin/../lib/gcc/arm-none-eabi/5.3.0/../../../../arm-none-eabi/lib/thumb\libg.a(lib_a-locale.o)
                0x020168e0                __locale_mb_cur_max
 .text._localeconv_r
                0x020168ec        0x8 c:/devkitpro/devkitarm/bin/../lib/gcc/arm-none-eabi/5.3.0/../../../../arm-none-eabi/lib/thumb\libg.a(lib_a-locale.o)
                0x020168ec                _localeconv_r
 .text.__smakebuf_r
                0x020168f4       0xf4 c:/devkitpro/devkitarm/bin/../lib/gcc/arm-none-eabi/5.3.0/../../../../arm-none-eabi/lib/thumb\libg.a(lib_a-makebuf.o)
                0x020168f4                __smakebuf_r
 .text._mbrtowc_r
                0x020169e8       0x7c c:/devkitpro/devkitarm/bin/../lib/gcc/arm-none-eabi/5.3.0/../../../../arm-none-eabi/lib/thumb\libg.a(lib_a-mbrtowc.o)
                0x020169e8                _mbrtowc_r
 .text.__utf8_mbtowc
                0x02016a64      0x2cc c:/devkitpro/devkitarm/bin/../lib/gcc/arm-none-eabi/5.3.0/../../../../arm-none-eabi/lib/thumb\libg.a(lib_a-mbtowc_r.o)
                0x02016a64                __utf8_mbtowc
 .text.memchr   0x02016d30       0x90 c:/devkitpro/devkitarm/bin/../lib/gcc/arm-none-eabi/5.3.0/../../../../arm-none-eabi/lib/thumb\libg.a(lib_a-memchr.o)
                0x02016d30                memchr
 .text.memmove  0x02016dc0       0x9c c:/devkitpro/devkitarm/bin/../lib/gcc/arm-none-eabi/5.3.0/../../../../arm-none-eabi/lib/thumb\libg.a(lib_a-memmove.o)
                0x02016dc0                memmove
 .text._Balloc  0x02016e5c       0x54 c:/devkitpro/devkitarm/bin/../lib/gcc/arm-none-eabi/5.3.0/../../../../arm-none-eabi/lib/thumb\libg.a(lib_a-mprec.o)
                0x02016e5c                _Balloc
 .text._Bfree   0x02016eb0       0x14 c:/devkitpro/devkitarm/bin/../lib/gcc/arm-none-eabi/5.3.0/../../../../arm-none-eabi/lib/thumb\libg.a(lib_a-mprec.o)
                0x02016eb0                _Bfree
 .text.__multadd
                0x02016ec4       0x94 c:/devkitpro/devkitarm/bin/../lib/gcc/arm-none-eabi/5.3.0/../../../../arm-none-eabi/lib/thumb\libg.a(lib_a-mprec.o)
                0x02016ec4                __multadd
 .text.__s2b    0x02016f58       0x94 c:/devkitpro/devkitarm/bin/../lib/gcc/arm-none-eabi/5.3.0/../../../../arm-none-eabi/lib/thumb\libg.a(lib_a-mprec.o)
                0x02016f58                __s2b
 .text.__hi0bits
                0x02016fec       0x3c c:/devkitpro/devkitarm/bin/../lib/gcc/arm-none-eabi/5.3.0/../../../../arm-none-eabi/lib/thumb\libg.a(lib_a-mprec.o)
                0x02016fec                __hi0bits
 .text.__lo0bits
                0x02017028       0x5c c:/devkitpro/devkitarm/bin/../lib/gcc/arm-none-eabi/5.3.0/../../../../arm-none-eabi/lib/thumb\libg.a(lib_a-mprec.o)
                0x02017028                __lo0bits
 .text.__i2b    0x02017084       0x18 c:/devkitpro/devkitarm/bin/../lib/gcc/arm-none-eabi/5.3.0/../../../../arm-none-eabi/lib/thumb\libg.a(lib_a-mprec.o)
                0x02017084                __i2b
 .text.__multiply
                0x0201709c      0x16c c:/devkitpro/devkitarm/bin/../lib/gcc/arm-none-eabi/5.3.0/../../../../arm-none-eabi/lib/thumb\libg.a(lib_a-mprec.o)
                0x0201709c                __multiply
 .text.__pow5mult
                0x02017208       0xc0 c:/devkitpro/devkitarm/bin/../lib/gcc/arm-none-eabi/5.3.0/../../../../arm-none-eabi/lib/thumb\libg.a(lib_a-mprec.o)
                0x02017208                __pow5mult
 .text.__lshift
                0x020172c8       0xc4 c:/devkitpro/devkitarm/bin/../lib/gcc/arm-none-eabi/5.3.0/../../../../arm-none-eabi/lib/thumb\libg.a(lib_a-mprec.o)
                0x020172c8                __lshift
 .text.__mcmp   0x0201738c       0x40 c:/devkitpro/devkitarm/bin/../lib/gcc/arm-none-eabi/5.3.0/../../../../arm-none-eabi/lib/thumb\libg.a(lib_a-mprec.o)
                0x0201738c                __mcmp
 .text.__mdiff  0x020173cc      0x120 c:/devkitpro/devkitarm/bin/../lib/gcc/arm-none-eabi/5.3.0/../../../../arm-none-eabi/lib/thumb\libg.a(lib_a-mprec.o)
                0x020173cc                __mdiff
 .text.__ulp    0x020174ec       0x50 c:/devkitpro/devkitarm/bin/../lib/gcc/arm-none-eabi/5.3.0/../../../../arm-none-eabi/lib/thumb\libg.a(lib_a-mprec.o)
                0x020174ec                __ulp
 .text.__b2d    0x0201753c       0xdc c:/devkitpro/devkitarm/bin/../lib/gcc/arm-none-eabi/5.3.0/../../../../arm-none-eabi/lib/thumb\libg.a(lib_a-mprec.o)
                0x0201753c                __b2d
 .text.__d2b    0x02017618       0xc0 c:/devkitpro/devkitarm/bin/../lib/gcc/arm-none-eabi/5.3.0/../../../../arm-none-eabi/lib/thumb\libg.a(lib_a-mprec.o)
                0x02017618                __d2b
 .text.__ratio  0x020176d8       0x78 c:/devkitpro/devkitarm/bin/../lib/gcc/arm-none-eabi/5.3.0/../../../../arm-none-eabi/lib/thumb\libg.a(lib_a-mprec.o)
                0x020176d8                __ratio
 .text.__copybits
                0x02017750       0x44 c:/devkitpro/devkitarm/bin/../lib/gcc/arm-none-eabi/5.3.0/../../../../arm-none-eabi/lib/thumb\libg.a(lib_a-mprec.o)
                0x02017750                __copybits
 .text.__any_on
                0x02017794       0x64 c:/devkitpro/devkitarm/bin/../lib/gcc/arm-none-eabi/5.3.0/../../../../arm-none-eabi/lib/thumb\libg.a(lib_a-mprec.o)
                0x02017794                __any_on
 .text._putc_r  0x020177f8       0x8c c:/devkitpro/devkitarm/bin/../lib/gcc/arm-none-eabi/5.3.0/../../../../arm-none-eabi/lib/thumb\libg.a(lib_a-putc.o)
                0x020177f8                _putc_r
 .text._realloc_r
                0x02017884      0x3ec c:/devkitpro/devkitarm/bin/../lib/gcc/arm-none-eabi/5.3.0/../../../../arm-none-eabi/lib/thumb\libg.a(lib_a-reallocr.o)
                0x02017884                _realloc_r
 .text.lflush   0x02017c70       0x20 c:/devkitpro/devkitarm/bin/../lib/gcc/arm-none-eabi/5.3.0/../../../../arm-none-eabi/lib/thumb\libg.a(lib_a-refill.o)
 .text.__srefill_r
                0x02017c90      0x128 c:/devkitpro/devkitarm/bin/../lib/gcc/arm-none-eabi/5.3.0/../../../../arm-none-eabi/lib/thumb\libg.a(lib_a-refill.o)
                0x02017c90                __srefill_r
 .text.__sccl   0x02017db8       0x7c c:/devkitpro/devkitarm/bin/../lib/gcc/arm-none-eabi/5.3.0/../../../../arm-none-eabi/lib/thumb\libg.a(lib_a-sccl.o)
                0x02017db8                __sccl
 .text.nanf     0x02017e34        0x8 c:/devkitpro/devkitarm/bin/../lib/gcc/arm-none-eabi/5.3.0/../../../../arm-none-eabi/lib/thumb\libg.a(lib_a-sf_nan.o)
                0x02017e34                nanf
 .text.__fpclassifyd
                0x02017e3c       0x5c c:/devkitpro/devkitarm/bin/../lib/gcc/arm-none-eabi/5.3.0/../../../../arm-none-eabi/lib/thumb\libg.a(lib_a-s_fpclassify.o)
                0x02017e3c                __fpclassifyd
 .text.frexp    0x02017e98       0x74 c:/devkitpro/devkitarm/bin/../lib/gcc/arm-none-eabi/5.3.0/../../../../arm-none-eabi/lib/thumb\libg.a(lib_a-s_frexp.o)
                0x02017e98                frexp
 .text.sprintf  0x02017f0c       0x48 c:/devkitpro/devkitarm/bin/../lib/gcc/arm-none-eabi/5.3.0/../../../../arm-none-eabi/lib/thumb\libg.a(lib_a-sprintf.o)
                0x02017f0c                sprintf
 .text.stpncpy  0x02017f54       0x8c c:/devkitpro/devkitarm/bin/../lib/gcc/arm-none-eabi/5.3.0/../../../../arm-none-eabi/lib/thumb\libg.a(lib_a-stpncpy.o)
                0x02017f54                stpncpy
 .text.strchr   0x02017fe0       0xdc c:/devkitpro/devkitarm/bin/../lib/gcc/arm-none-eabi/5.3.0/../../../../arm-none-eabi/lib/thumb\libg.a(lib_a-strchr.o)
                0x02017fe0                strchr
 .text.strncmp  0x020180bc       0x94 c:/devkitpro/devkitarm/bin/../lib/gcc/arm-none-eabi/5.3.0/../../../../arm-none-eabi/lib/thumb\libg.a(lib_a-strncmp.o)
                0x020180bc                strncmp
 .text.unlikely.sulp
                0x02018150       0x34 c:/devkitpro/devkitarm/bin/../lib/gcc/arm-none-eabi/5.3.0/../../../../arm-none-eabi/lib/thumb\libg.a(lib_a-strtod.o)
 .text._strtod_r
                0x02018184      0xedc c:/devkitpro/devkitarm/bin/../lib/gcc/arm-none-eabi/5.3.0/../../../../arm-none-eabi/lib/thumb\libg.a(lib_a-strtod.o)
                0x02018184                _strtod_r
 .text._strtoll_r
                0x02019060      0x1e8 c:/devkitpro/devkitarm/bin/../lib/gcc/arm-none-eabi/5.3.0/../../../../arm-none-eabi/lib/thumb\libg.a(lib_a-strtoll_r.o)
                0x02019060                _strtoll_r
 .text._strtol_r
                0x02019248      0x178 c:/devkitpro/devkitarm/bin/../lib/gcc/arm-none-eabi/5.3.0/../../../../arm-none-eabi/lib/thumb\libg.a(lib_a-strtol.o)
                0x02019248                _strtol_r
 .text._strtoull_r
                0x020193c0      0x1ec c:/devkitpro/devkitarm/bin/../lib/gcc/arm-none-eabi/5.3.0/../../../../arm-none-eabi/lib/thumb\libg.a(lib_a-strtoull_r.o)
                0x020193c0                _strtoull_r
 .text._strtoul_r
                0x020195ac      0x17c c:/devkitpro/devkitarm/bin/../lib/gcc/arm-none-eabi/5.3.0/../../../../arm-none-eabi/lib/thumb\libg.a(lib_a-strtoul.o)
                0x020195ac                _strtoul_r
 .text.__ssprint_r
                0x02019728      0x134 c:/devkitpro/devkitarm/bin/../lib/gcc/arm-none-eabi/5.3.0/../../../../arm-none-eabi/lib/thumb\libg.a(lib_a-svfiprintf.o)
                0x02019728                __ssprint_r
 .text.__swbuf_r
                0x0201985c       0xb8 c:/devkitpro/devkitarm/bin/../lib/gcc/arm-none-eabi/5.3.0/../../../../arm-none-eabi/lib/thumb\libg.a(lib_a-wbuf.o)
                0x0201985c                __swbuf_r
 .text._wcsnrtombs_r
                0x02019914      0x118 c:/devkitpro/devkitarm/bin/../lib/gcc/arm-none-eabi/5.3.0/../../../../arm-none-eabi/lib/thumb\libg.a(lib_a-wcsnrtombs.o)
                0x02019914                _wcsnrtombs_r
 .text._calloc_r
                0x02019a2c       0x64 c:/devkitpro/devkitarm/bin/../lib/gcc/arm-none-eabi/5.3.0/../../../../arm-none-eabi/lib/thumb\libg.a(lib_a-callocr.o)
                0x02019a2c                _calloc_r
 .text._fclose_r
                0x02019a90       0xb4 c:/devkitpro/devkitarm/bin/../lib/gcc/arm-none-eabi/5.3.0/../../../../arm-none-eabi/lib/thumb\libg.a(lib_a-fclose.o)
                0x02019a90                _fclose_r
 .text.rshift   0x02019b44       0xa8 c:/devkitpro/devkitarm/bin/../lib/gcc/arm-none-eabi/5.3.0/../../../../arm-none-eabi/lib/thumb\libg.a(lib_a-gdtoa-gethex.o)
 .text.__gethex
                0x02019bec      0x53c c:/devkitpro/devkitarm/bin/../lib/gcc/arm-none-eabi/5.3.0/../../../../arm-none-eabi/lib/thumb\libg.a(lib_a-gdtoa-gethex.o)
                0x02019bec                __gethex
 .text.__hexnan
                0x0201a128      0x1ac c:/devkitpro/devkitarm/bin/../lib/gcc/arm-none-eabi/5.3.0/../../../../arm-none-eabi/lib/thumb\libg.a(lib_a-gdtoa-hexnan.o)
                0x0201a128                __hexnan
 *fill*         0x0201a2d4        0x4 ff
 .text.__hexnan.__stub
                0x0201a2d8      0x108 linker stubs
 *(.stub)
 *(.gnu.warning)
 *(.gnu.linkonce.t*)
 *(.glue_7)
 .glue_7        0x0201a3f0        0x0 linker stubs
 *(.glue_7t)
 .glue_7t       0x0201a3f0        0x0 linker stubs
                0x0201a3f0                . = ALIGN (0x4)

.vfp11_veneer   0x0201a3f0        0x0
 .vfp11_veneer  0x0201a3f0        0x0 linker stubs

.v4_bx          0x0201a3f0        0x0
 .v4_bx         0x0201a3f0        0x0 linker stubs

.iplt           0x0201a3f0        0x0
 .iplt          0x0201a3f0        0x0 c:/devkitpro/devkitarm/bin/../lib/gcc/arm-none-eabi/5.3.0/../../../../arm-none-eabi/lib/thumb/ds_arm9_crt0.o

.fini           0x0201a3f0        0xc
 *(.fini)
 .fini          0x0201a3f0        0x4 c:/devkitpro/devkitarm/bin/../lib/gcc/arm-none-eabi/5.3.0/thumb/crti.o
                0x0201a3f0                _fini
 .fini          0x0201a3f4        0x8 c:/devkitpro/devkitarm/bin/../lib/gcc/arm-none-eabi/5.3.0/thumb/crtn.o
                0x0201a3fc                __text_end = .

.rodata         0x0201a400     0x8b74
 *(.rodata)
 .rodata        0x0201a400      0x20c c:/devkitPro/libnds/lib\libnds9.a(console.o)
 .rodata        0x0201a60c     0x2004 c:/devkitPro/libnds/lib\libnds9.a(default_font.bin.o)
                0x0201a60c                default_font_bin
                0x0201c60c                default_font_bin_size
                0x0201c60c                default_font_bin_end
 .rodata        0x0201c610      0x308 c:/devkitPro/libnds/lib\libnds9.a(trig.o)
                0x0201c610                SIN_LUT
                0x0201c714                TAN_LUT
 .rodata        0x0201c918       0x68 c:/devkitpro/devkitarm/bin/../lib/gcc/arm-none-eabi/5.3.0/../../../../arm-none-eabi/lib/thumb\libsysbase.a(iosupport.o)
                0x0201c918                dotab_stdnull
 *all.rodata*(*)
 *(.roda)
 *(.rodata.*)
 .rodata.str1.4
                0x0201c980      0x20f template.o
                                0x210 (size before relaxing)
 .rodata.str1.1
                0x0201cb8f       0xad c:/devkitPro/libnds/lib\libdswifi9.a(wifi_arm9.o)
 .rodata.str1.1
                0x0201cc3c       0x14 c:/devkitPro/libnds/lib\libdswifi9.a(sgIP_DHCP.o)
 .rodata.str1.4
                0x0201cc50       0x4c c:/devkitPro/libnds/lib\libnds9.a(console.o)
 .rodata.str1.4
                0x0201cc9c        0x3 c:/devkitpro/devkitarm/bin/../lib/gcc/arm-none-eabi/5.3.0/../../../../arm-none-eabi/lib/thumb\libg.a(lib_a-perror.o)
                                  0x4 (size before relaxing)
 *fill*         0x0201cc9f        0x1 ff
 .rodata._strerror_r
                0x0201cca0      0x23c c:/devkitpro/devkitarm/bin/../lib/gcc/arm-none-eabi/5.3.0/../../../../arm-none-eabi/lib/thumb\libg.a(lib_a-strerror.o)
 .rodata.str1.4
                0x0201cedc      0x6fd c:/devkitpro/devkitarm/bin/../lib/gcc/arm-none-eabi/5.3.0/../../../../arm-none-eabi/lib/thumb\libg.a(lib_a-strerror.o)
                                0x704 (size before relaxing)
 *fill*         0x0201d5d9        0x3 ff
 .rodata.__ssvfiscanf_r
                0x0201d5dc      0x324 c:/devkitpro/devkitarm/bin/../lib/gcc/arm-none-eabi/5.3.0/../../../../arm-none-eabi/lib/thumb\libg.a(lib_a-svfiscanf.o)
 .rodata.basefix.6493
                0x0201d900       0x24 c:/devkitpro/devkitarm/bin/../lib/gcc/arm-none-eabi/5.3.0/../../../../arm-none-eabi/lib/thumb\libg.a(lib_a-svfiscanf.o)
 .rodata.get_arg
                0x0201d924      0x914 c:/devkitpro/devkitarm/bin/../lib/gcc/arm-none-eabi/5.3.0/../../../../arm-none-eabi/lib/thumb\libg.a(lib_a-svfprintf.o)
 .rodata._svfprintf_r
                0x0201e238      0x16c c:/devkitpro/devkitarm/bin/../lib/gcc/arm-none-eabi/5.3.0/../../../../arm-none-eabi/lib/thumb\libg.a(lib_a-svfprintf.o)
 .rodata.blanks.7120
                0x0201e3a4       0x10 c:/devkitpro/devkitarm/bin/../lib/gcc/arm-none-eabi/5.3.0/../../../../arm-none-eabi/lib/thumb\libg.a(lib_a-svfprintf.o)
 .rodata.str1.4
                0x0201e3b4       0x3f c:/devkitpro/devkitarm/bin/../lib/gcc/arm-none-eabi/5.3.0/../../../../arm-none-eabi/lib/thumb\libg.a(lib_a-svfprintf.o)
                                 0x44 (size before relaxing)
 *fill*         0x0201e3f3        0x1 ff
 .rodata.zeroes.7121
                0x0201e3f4       0x10 c:/devkitpro/devkitarm/bin/../lib/gcc/arm-none-eabi/5.3.0/../../../../arm-none-eabi/lib/thumb\libg.a(lib_a-svfprintf.o)
 .rodata.get_arg
                0x0201e404      0x914 c:/devkitpro/devkitarm/bin/../lib/gcc/arm-none-eabi/5.3.0/../../../../arm-none-eabi/lib/thumb\libg.a(lib_a-vfiprintf.o)
 .rodata._vfiprintf_r
                0x0201ed18      0x16c c:/devkitpro/devkitarm/bin/../lib/gcc/arm-none-eabi/5.3.0/../../../../arm-none-eabi/lib/thumb\libg.a(lib_a-vfiprintf.o)
 .rodata.blanks.7113
                0x0201ee84       0x10 c:/devkitpro/devkitarm/bin/../lib/gcc/arm-none-eabi/5.3.0/../../../../arm-none-eabi/lib/thumb\libg.a(lib_a-vfiprintf.o)
 .rodata.str1.4
                0x0201ee94       0x30 c:/devkitpro/devkitarm/bin/../lib/gcc/arm-none-eabi/5.3.0/../../../../arm-none-eabi/lib/thumb\libg.a(lib_a-vfiprintf.o)
 .rodata.zeroes.7114
                0x0201ee94       0x10 c:/devkitpro/devkitarm/bin/../lib/gcc/arm-none-eabi/5.3.0/../../../../arm-none-eabi/lib/thumb\libg.a(lib_a-vfiprintf.o)
 .rodata.__svfscanf_r
                0x0201eea4      0x460 c:/devkitpro/devkitarm/bin/../lib/gcc/arm-none-eabi/5.3.0/../../../../arm-none-eabi/lib/thumb\libg.a(lib_a-vfscanf.o)
 .rodata.basefix.7061
                0x0201f304       0x24 c:/devkitpro/devkitarm/bin/../lib/gcc/arm-none-eabi/5.3.0/../../../../arm-none-eabi/lib/thumb\libg.a(lib_a-vfscanf.o)
 .rodata.str1.4
                0x0201f328        0x5 c:/devkitpro/devkitarm/bin/../lib/gcc/arm-none-eabi/5.3.0/../../../../arm-none-eabi/lib/thumb\libg.a(lib_a-vfscanf.o)
                                  0x8 (size before relaxing)
 *fill*         0x0201f32d        0x3 ff
 .rodata._ctype_
                0x0201f330      0x104 c:/devkitpro/devkitarm/bin/../lib/gcc/arm-none-eabi/5.3.0/../../../../arm-none-eabi/lib/thumb\libg.a(lib_a-ctype_.o)
                0x0201f330                _ctype_
 .rodata.str1.4
                0x0201f434       0x10 c:/devkitpro/devkitarm/bin/../lib/gcc/arm-none-eabi/5.3.0/../../../../arm-none-eabi/lib/thumb\libg.a(lib_a-dtoa.o)
                                 0x14 (size before relaxing)
 .rodata.str1.4
                0x0201f444        0x2 c:/devkitpro/devkitarm/bin/../lib/gcc/arm-none-eabi/5.3.0/../../../../arm-none-eabi/lib/thumb\libg.a(lib_a-impure.o)
                                  0x4 (size before relaxing)
 *fill*         0x0201f446        0x2 ff
 .rodata._global_impure_ptr
                0x0201f448        0x4 c:/devkitpro/devkitarm/bin/../lib/gcc/arm-none-eabi/5.3.0/../../../../arm-none-eabi/lib/thumb\libg.a(lib_a-impure.o)
                0x0201f448                _global_impure_ptr
 .rodata.__jp2uc
                0x0201f44c       0x20 c:/devkitpro/devkitarm/bin/../lib/gcc/arm-none-eabi/5.3.0/../../../../arm-none-eabi/lib/thumb\libg.a(lib_a-jp2uc.o)
 .rodata.a1     0x0201f46c       0xbc c:/devkitpro/devkitarm/bin/../lib/gcc/arm-none-eabi/5.3.0/../../../../arm-none-eabi/lib/thumb\libg.a(lib_a-jp2uc.o)
 .rodata.a2     0x0201f528       0xbc c:/devkitpro/devkitarm/bin/../lib/gcc/arm-none-eabi/5.3.0/../../../../arm-none-eabi/lib/thumb\libg.a(lib_a-jp2uc.o)
 .rodata.a3     0x0201f5e4       0x5c c:/devkitpro/devkitarm/bin/../lib/gcc/arm-none-eabi/5.3.0/../../../../arm-none-eabi/lib/thumb\libg.a(lib_a-jp2uc.o)
 .rodata.a6     0x0201f640       0x70 c:/devkitpro/devkitarm/bin/../lib/gcc/arm-none-eabi/5.3.0/../../../../arm-none-eabi/lib/thumb\libg.a(lib_a-jp2uc.o)
 .rodata.a7     0x0201f6b0       0xa4 c:/devkitpro/devkitarm/bin/../lib/gcc/arm-none-eabi/5.3.0/../../../../arm-none-eabi/lib/thumb\libg.a(lib_a-jp2uc.o)
 .rodata.a8     0x0201f754       0x40 c:/devkitpro/devkitarm/bin/../lib/gcc/arm-none-eabi/5.3.0/../../../../arm-none-eabi/lib/thumb\libg.a(lib_a-jp2uc.o)
 .rodata.str1.4
                0x0201f794       0x12 c:/devkitpro/devkitarm/bin/../lib/gcc/arm-none-eabi/5.3.0/../../../../arm-none-eabi/lib/thumb\libg.a(lib_a-jp2uc.o)
                                 0x14 (size before relaxing)
 *fill*         0x0201f7a6        0x2 ff
 .rodata.b02cf  0x0201f7a8     0x172c c:/devkitpro/devkitarm/bin/../lib/gcc/arm-none-eabi/5.3.0/../../../../arm-none-eabi/lib/thumb\libg.a(lib_a-jp2uc.o)
 .rodata.d02f4  0x02020ed4     0x1a7c c:/devkitpro/devkitarm/bin/../lib/gcc/arm-none-eabi/5.3.0/../../../../arm-none-eabi/lib/thumb\libg.a(lib_a-jp2uc.o)
 .rodata.str1.4
                0x02022950      0x112 c:/devkitpro/devkitarm/bin/../lib/gcc/arm-none-eabi/5.3.0/../../../../arm-none-eabi/lib/thumb\libg.a(lib_a-locale.o)
                                0x130 (size before relaxing)
 .rodata.str1.4
                0x02022a62        0x4 c:/devkitpro/devkitarm/bin/../lib/gcc/arm-none-eabi/5.3.0/../../../../arm-none-eabi/lib/thumb\libg.a(lib_a-mbrtowc.o)
 *fill*         0x02022a62        0x2 ff
 .rodata.p05.5410
                0x02022a64        0xc c:/devkitpro/devkitarm/bin/../lib/gcc/arm-none-eabi/5.3.0/../../../../arm-none-eabi/lib/thumb\libg.a(lib_a-mprec.o)
 .rodata.__mprec_bigtens
                0x02022a70       0x28 c:/devkitpro/devkitarm/bin/../lib/gcc/arm-none-eabi/5.3.0/../../../../arm-none-eabi/lib/thumb\libg.a(lib_a-mprec.o)
                0x02022a70                __mprec_bigtens
 .rodata.__mprec_tens
                0x02022a98       0xc8 c:/devkitpro/devkitarm/bin/../lib/gcc/arm-none-eabi/5.3.0/../../../../arm-none-eabi/lib/thumb\libg.a(lib_a-mprec.o)
                0x02022a98                __mprec_tens
 .rodata._strtod_r
                0x02022b60       0xd4 c:/devkitpro/devkitarm/bin/../lib/gcc/arm-none-eabi/5.3.0/../../../../arm-none-eabi/lib/thumb\libg.a(lib_a-strtod.o)
 .rodata.fpinan.5415
                0x02022c34       0x14 c:/devkitpro/devkitarm/bin/../lib/gcc/arm-none-eabi/5.3.0/../../../../arm-none-eabi/lib/thumb\libg.a(lib_a-strtod.o)
 .rodata.str1.4
                0x02022c48        0xf c:/devkitpro/devkitarm/bin/../lib/gcc/arm-none-eabi/5.3.0/../../../../arm-none-eabi/lib/thumb\libg.a(lib_a-strtod.o)
                                 0x10 (size before relaxing)
 *fill*         0x02022c57        0x1 ff
 .rodata.tinytens
                0x02022c58       0x28 c:/devkitpro/devkitarm/bin/../lib/gcc/arm-none-eabi/5.3.0/../../../../arm-none-eabi/lib/thumb\libg.a(lib_a-strtod.o)
 .rodata.fpi.5379
                0x02022c80       0x14 c:/devkitpro/devkitarm/bin/../lib/gcc/arm-none-eabi/5.3.0/../../../../arm-none-eabi/lib/thumb\libg.a(lib_a-strtod.o)
 .rodata.__state_table
                0x02022c94       0x6c c:/devkitpro/devkitarm/bin/../lib/gcc/arm-none-eabi/5.3.0/../../../../arm-none-eabi/lib/thumb\libg.a(lib_a-svfiprintf.o)
                0x02022c94                __state_table
 .rodata.__chclass
                0x02022d00      0x100 c:/devkitpro/devkitarm/bin/../lib/gcc/arm-none-eabi/5.3.0/../../../../arm-none-eabi/lib/thumb\libg.a(lib_a-svfiprintf.o)
                0x02022d00                __chclass
 .rodata.__action_table
                0x02022e00       0x6c c:/devkitpro/devkitarm/bin/../lib/gcc/arm-none-eabi/5.3.0/../../../../arm-none-eabi/lib/thumb\libg.a(lib_a-svfiprintf.o)
                0x02022e00                __action_table
 .rodata.__hexdig
                0x02022e6c      0x100 c:/devkitpro/devkitarm/bin/../lib/gcc/arm-none-eabi/5.3.0/../../../../arm-none-eabi/lib/thumb\libg.a(lib_a-gdtoa-gethex.o)
                0x02022e6c                __hexdig
 .rodata.str1.4
                0x02022f6c        0x8 c:/devkitpro/devkitarm/bin/../lib/gcc/arm-none-eabi/5.3.0/../../../../arm-none-eabi/lib/thumb\libsysbase.a(iosupport.o)
 *(.gnu.linkonce.r*)
                0x02022f74                . = ALIGN (0x4)

.ARM.extab
 *(.ARM.extab* .gnu.linkonce.armextab.*)
                0x02022f74                __exidx_start = .

ARM.exidx
 *(.ARM.exidx* .gnu.linkonce.armexidx.*)
                0x02022f74                __exidx_end = .
                0x02022f74                . = ALIGN (0x4)
                0x02022f74                PROVIDE (__preinit_array_start, .)

.preinit_array
 *(.preinit_array)
                0x02022f74                PROVIDE (__preinit_array_end, .)
                0x02022f74                PROVIDE (__init_array_start, .)

.init_array     0x02022f74        0x4
 *(SORT(.init_array.*))
 *(.init_array)
 .init_array    0x02022f74        0x4 c:/devkitpro/devkitarm/bin/../lib/gcc/arm-none-eabi/5.3.0/thumb/crtbegin.o
                0x02022f78                PROVIDE (__init_array_end, .)
                [!provide]                PROVIDE (__fini_array_start, .)

.fini_array     0x02022f78        0x4
 *(.fini_array)
 .fini_array    0x02022f78        0x4 c:/devkitpro/devkitarm/bin/../lib/gcc/arm-none-eabi/5.3.0/thumb/crtbegin.o
 *(SORT(.fini_array.*))
                [!provide]                PROVIDE (__fini_array_end, .)

.ctors          0x02022f7c        0x0
 *crtbegin.o(.ctors)
 *(EXCLUDE_FILE(*crtend.o) .ctors)
 *(SORT(.ctors.*))
 *(.ctors)
                0x02022f7c                . = ALIGN (0x4)

.dtors          0x02022f7c        0x0
 *crtbegin.o(.dtors)
 *(EXCLUDE_FILE(*crtend.o) .dtors)
 *(SORT(.dtors.*))
 *(.dtors)
                0x02022f7c                . = ALIGN (0x4)

.eh_frame       0x02022f7c       0x48
 *(.eh_frame)
 .eh_frame      0x02022f7c        0x0 c:/devkitpro/devkitarm/bin/../lib/gcc/arm-none-eabi/5.3.0/thumb/crtbegin.o
 .eh_frame      0x02022f7c       0x44 c:/devkitpro/devkitarm/bin/../lib/gcc/arm-none-eabi/5.3.0/../../../../arm-none-eabi/lib/thumb\libg.a(lib_a-strcmp.o)
 .eh_frame      0x02022fc0        0x4 c:/devkitpro/devkitarm/bin/../lib/gcc/arm-none-eabi/5.3.0/thumb/crtend.o
                0x02022fc4                . = ALIGN (0x4)

.rel.dyn        0x02022fc4        0x0
 .rel.iplt      0x02022fc4        0x0 c:/devkitpro/devkitarm/bin/../lib/gcc/arm-none-eabi/5.3.0/../../../../arm-none-eabi/lib/thumb/ds_arm9_crt0.o

.gcc_except_table
                0x02022fc4        0x0
 *(.gcc_except_table)
                0x02022fc4                . = ALIGN (0x4)

.jcr            0x02022fc4        0x4
 *(.jcr)
 .jcr           0x02022fc4        0x0 c:/devkitpro/devkitarm/bin/../lib/gcc/arm-none-eabi/5.3.0/thumb/crtbegin.o
 .jcr           0x02022fc4        0x4 c:/devkitpro/devkitarm/bin/../lib/gcc/arm-none-eabi/5.3.0/thumb/crtend.o

.got
 *(.got.plt)
 *(.got)
 *(.rel.got)

.ewram          0x02022fc8        0x0
                0x02022fc8                __ewram_start = ABSOLUTE (.)
 *(.ewram)
 *ewram.*(.text)
                0x02022fc8                . = ALIGN (0x4)

.data           0x02022fc8     0x1a4c
                0x02022fc8                __data_start = ABSOLUTE (.)
 *(.data)
 .data          0x02022fc8        0x8 template.o
                0x02022fc8                my_message
                0x02022fcc                portnum
 .data          0x02022fd0       0x1c c:/devkitPro/libnds/lib\libdswifi9.a(wifi_arm9.o)
                0x02022fd0                ASSOCSTATUS_STRINGS
 .data          0x02022fec        0x3 c:/devkitPro/libnds/lib\libnds9.a(keys.o)
 *fill*         0x02022fef        0x1 ff
 .data          0x02022ff0       0x64 c:/devkitPro/libnds/lib\libnds9.a(console.o)
                0x02022ff0                currentConsole
                0x02022ff4                defaultConsole
 .data          0x02023054       0x60 c:/devkitPro/libnds/lib\libnds9.a(background.o)
                0x02023054                bgScrollTable
                0x02023074                bgTransform
                0x02023094                bgControl
 .data          0x020230b4       0x10 c:/devkitPro/libnds/lib\libnds9.a(fifosystem.o)
                0x020230b4                fifo_buffer_free
                0x020230b8                fifo_freewords
                0x020230bc                fifo_send_queue
                0x020230c0                fifo_receive_queue
 .data          0x020230c4       0x44 c:/devkitpro/devkitarm/bin/../lib/gcc/arm-none-eabi/5.3.0/../../../../arm-none-eabi/lib/thumb\libsysbase.a(iosupport.o)
                0x020230c8                devoptab_list
 .data          0x02023108     0x1028 c:/devkitpro/devkitarm/bin/../lib/gcc/arm-none-eabi/5.3.0/../../../../arm-none-eabi/lib/thumb\libsysbase.a(handle_manager.o)
 *(.data.*)
 .data.__malloc_av_
                0x02024130      0x408 c:/devkitpro/devkitarm/bin/../lib/gcc/arm-none-eabi/5.3.0/../../../../arm-none-eabi/lib/thumb\libg.a(lib_a-mallocr.o)
                0x02024130                __malloc_av_
 .data.__malloc_trim_threshold
                0x02024538        0x4 c:/devkitpro/devkitarm/bin/../lib/gcc/arm-none-eabi/5.3.0/../../../../arm-none-eabi/lib/thumb\libg.a(lib_a-mallocr.o)
                0x02024538                __malloc_trim_threshold
 .data.__malloc_sbrk_base
                0x0202453c        0x4 c:/devkitpro/devkitarm/bin/../lib/gcc/arm-none-eabi/5.3.0/../../../../arm-none-eabi/lib/thumb\libg.a(lib_a-mallocr.o)
                0x0202453c                __malloc_sbrk_base
 .data.__malloc_lock_object
                0x02024540        0xc c:/devkitpro/devkitarm/bin/../lib/gcc/arm-none-eabi/5.3.0/../../../../arm-none-eabi/lib/thumb\libg.a(lib_a-mlock.o)
 .data.__wctomb
                0x0202454c        0x4 c:/devkitpro/devkitarm/bin/../lib/gcc/arm-none-eabi/5.3.0/../../../../arm-none-eabi/lib/thumb\libg.a(lib_a-wctomb_r.o)
                0x0202454c                __wctomb
 .data.__ctype_ptr__
                0x02024550        0x4 c:/devkitpro/devkitarm/bin/../lib/gcc/arm-none-eabi/5.3.0/../../../../arm-none-eabi/lib/thumb\libg.a(lib_a-ctype_.o)
                0x02024550                __ctype_ptr__
 .data.__sfp_lock
                0x02024554        0xc c:/devkitpro/devkitarm/bin/../lib/gcc/arm-none-eabi/5.3.0/../../../../arm-none-eabi/lib/thumb\libg.a(lib_a-findfp.o)
 .data.__sinit_lock
                0x02024560        0xc c:/devkitpro/devkitarm/bin/../lib/gcc/arm-none-eabi/5.3.0/../../../../arm-none-eabi/lib/thumb\libg.a(lib_a-findfp.o)
 *fill*         0x0202456c        0x4 ff
 .data.impure_data
                0x02024570      0x440 c:/devkitpro/devkitarm/bin/../lib/gcc/arm-none-eabi/5.3.0/../../../../arm-none-eabi/lib/thumb\libg.a(lib_a-impure.o)
 .data._impure_ptr
                0x020249b0        0x4 c:/devkitpro/devkitarm/bin/../lib/gcc/arm-none-eabi/5.3.0/../../../../arm-none-eabi/lib/thumb\libg.a(lib_a-impure.o)
                0x020249b0                _impure_ptr
 .data.lconv    0x020249b4       0x38 c:/devkitpro/devkitarm/bin/../lib/gcc/arm-none-eabi/5.3.0/../../../../arm-none-eabi/lib/thumb\libg.a(lib_a-locale.o)
 .data.lc_ctype_charset
                0x020249ec       0x20 c:/devkitpro/devkitarm/bin/../lib/gcc/arm-none-eabi/5.3.0/../../../../arm-none-eabi/lib/thumb\libg.a(lib_a-locale.o)
 .data.__mb_cur_max
                0x02024a0c        0x4 c:/devkitpro/devkitarm/bin/../lib/gcc/arm-none-eabi/5.3.0/../../../../arm-none-eabi/lib/thumb\libg.a(lib_a-locale.o)
                0x02024a0c                __mb_cur_max
 .data.__mbtowc
                0x02024a10        0x4 c:/devkitpro/devkitarm/bin/../lib/gcc/arm-none-eabi/5.3.0/../../../../arm-none-eabi/lib/thumb\libg.a(lib_a-mbtowc_r.o)
                0x02024a10                __mbtowc
 *(.gnu.linkonce.d*)
                0x02024a14                . = ALIGN (0x4)
                0x02024a14                __data_end = ABSOLUTE (.)
                0x02024a14                __dtcm_lma = .
                0x02024a14                __bss_vma = .

.igot.plt       0x02024a14        0x0
 .igot.plt      0x02024a14        0x0 c:/devkitpro/devkitarm/bin/../lib/gcc/arm-none-eabi/5.3.0/../../../../arm-none-eabi/lib/thumb/ds_arm9_crt0.o

.tm_clone_table
                0x02024a14        0x0
 .tm_clone_table
                0x02024a14        0x0 c:/devkitpro/devkitarm/bin/../lib/gcc/arm-none-eabi/5.3.0/thumb/crtbegin.o
 .tm_clone_table
                0x02024a14        0x0 c:/devkitpro/devkitarm/bin/../lib/gcc/arm-none-eabi/5.3.0/thumb/crtend.o

.dtcm           0x0b000000        0x0 load address 0x02024a14
 *(.dtcm)
 *(.dtcm.*)
                0x0b000000                . = ALIGN (0x4)
                0x0b000000                __dtcm_end = ABSOLUTE (.)
                0x02024a14                __itcm_lma = (__dtcm_lma + SIZEOF (.dtcm))

.itcm           0x01000100      0x194 load address 0x02024a14
 *(.itcm)
 .itcm          0x01000100       0xc8 c:/devkitPro/libnds/lib\libnds9.a(interrupts.o)
                0x01000100                irqTable
 .itcm          0x010001c8       0xcc c:/devkitPro/libnds/lib\libnds9.a(interruptDispatcher.o)
                0x010001c8                IntrMain
 *itcm.*(.text)
                0x01000294                . = ALIGN (0x4)
                0x01000294                __itcm_end = ABSOLUTE (.)
                0x02024ba8                __vectors_lma = (__itcm_lma + SIZEOF (.itcm))

.vectors        0x01000000        0x0 load address 0x02024ba8
 *(.vectors)
 *vectors.*(.text)
                0x01000000                . = ALIGN (0x4)
                0x01000000                __vectors_end = ABSOLUTE (.)

.sbss           0x0b000000        0x0
                0x0b000000                __sbss_start = ABSOLUTE (.)
                0x0b000000                __sbss_start__ = ABSOLUTE (.)
 *(.sbss)
                0x0b000000                . = ALIGN (0x4)
                0x0b000000                __sbss_end = ABSOLUTE (.)

.bss            0x02024a14    0x1185c
                0x02024a14                __bss_start = ABSOLUTE (.)
                0x02024a14                __bss_start__ = ABSOLUTE (.)
 *(.dynbss)
 *(.gnu.linkonce.b*)
 *(.bss*)
 .bss           0x02024a14       0x1c c:/devkitpro/devkitarm/bin/../lib/gcc/arm-none-eabi/5.3.0/thumb/crtbegin.o
 .bss           0x02024a30       0x80 template.o
                0x02024a88                touchpx
                0x02024a8a                touchpy
                0x02024a8c                matrix_x
                0x02024a8e                matrix_y
 .bss           0x02024ab0       0x10 c:/devkitPro/libnds/lib\libdswifi9.a(wifi_arm9.o)
                0x02024ab0                WifiData
                0x02024ab4                synchandler
                0x02024ab8                packethandler
                0x02024abc                wifi_connect_state
 .bss           0x02024ac0        0x6 c:/devkitPro/libnds/lib\libnds9.a(keys.o)
 *fill*         0x02024ac6        0x2 
 .bss           0x02024ac8        0x8 c:/devkitPro/libnds/lib\libnds9.a(fifosystem.o)
                0x02024acc                processing
 .bss           0x02024ad0        0x4 c:/devkitPro/libnds/lib\libnds9.a(system.o)
 .bss.__malloc_max_total_mem
                0x02024ad4        0x4 c:/devkitpro/devkitarm/bin/../lib/gcc/arm-none-eabi/5.3.0/../../../../arm-none-eabi/lib/thumb\libg.a(lib_a-mallocr.o)
                0x02024ad4                __malloc_max_total_mem
 .bss.__malloc_max_sbrked_mem
                0x02024ad8        0x4 c:/devkitpro/devkitarm/bin/../lib/gcc/arm-none-eabi/5.3.0/../../../../arm-none-eabi/lib/thumb\libg.a(lib_a-mallocr.o)
                0x02024ad8                __malloc_max_sbrked_mem
 .bss.__malloc_top_pad
                0x02024adc        0x4 c:/devkitpro/devkitarm/bin/../lib/gcc/arm-none-eabi/5.3.0/../../../../arm-none-eabi/lib/thumb\libg.a(lib_a-mallocr.o)
                0x02024adc                __malloc_top_pad
 .bss.__malloc_current_mallinfo
                0x02024ae0       0x28 c:/devkitpro/devkitarm/bin/../lib/gcc/arm-none-eabi/5.3.0/../../../../arm-none-eabi/lib/thumb\libg.a(lib_a-mallocr.o)
                0x02024ae0                __malloc_current_mallinfo
 .bss           0x02024b08        0x4 c:/devkitpro/devkitarm/bin/../lib/gcc/arm-none-eabi/5.3.0/../../../../arm-none-eabi/lib/thumb\libsysbase.a(sbrk.o)
 .bss           0x02024b0c        0x8 c:/devkitpro/devkitarm/bin/../lib/gcc/arm-none-eabi/5.3.0/../../../../arm-none-eabi/lib/thumb\libsysbase.a(malloc_vars.o)
                0x02024b0c                fake_heap_start
                0x02024b10                fake_heap_end
 .bss           0x02024b14       0x38 c:/devkitpro/devkitarm/bin/../lib/gcc/arm-none-eabi/5.3.0/../../../../arm-none-eabi/lib/thumb\libsysbase.a(syscall_support.o)
                0x02024b14                __syscalls
 *(COMMON)
 COMMON         0x02024b4c       0xe8 template.o
                0x02024b4c                touch
                0x02024b58                bottomScreen
                0x02024bb4                fd
                0x02024bb8                servaddr
                0x02024bc8                myaddr
                0x02024bd8                topScreen
 COMMON         0x02024c34     0x9fac c:/devkitPro/libnds/lib\libdswifi9.a(wifi_arm9.o)
                0x02024c34                Wifi_Data_Struct
                0x0202eb78                wifi_hw
                0x0202eb7c                wHeapsize
                0x0202eb80                wHeapFirst
                0x0202eb84                wifi_connect_point
                0x0202ebdc                wHeapStart
 COMMON         0x0202ebe0      0x100 c:/devkitPro/libnds/lib\libdswifi9.a(sgIP_sockets.o)
                0x0202ebe0                socketlist
 COMMON         0x0202ece0      0x810 c:/devkitPro/libnds/lib\libdswifi9.a(sgIP_TCP.o)
                0x0202ece0                tcprecords
                0x0202ece4                lasttime
                0x0202ece8                port_counter
                0x0202ecec                numsynlist
                0x0202ecf0                synlist
 COMMON         0x0202f4f0       0x40 c:/devkitPro/libnds/lib\libdswifi9.a(sgIP_Hub.o)
                0x0202f4f0                ProtocolInterfaces
                0x0202f4f8                NumHWInterfaces
                0x0202f4fc                HWInterfaces
                0x0202f52c                NumProtocolInterfaces
 COMMON         0x0202f530     0x5cb4 c:/devkitPro/libnds/lib\libdswifi9.a(sgIP_DNS.o)
                0x0202f530                dnsrecord_return
                0x0202fa54                time_count
                0x0202fa58                alias_list
                0x0202fa6c                querydata
                0x0202fc6c                responsedata
                0x0202fe6c                dnsrecords
                0x020350ac                ipaddr_ip
                0x020350b0                query_time_start
                0x020350b4                addr_list
                0x020350c8                ipaddr_alias
                0x020351c8                dns_sock
                0x020351cc                last_id
                0x020351d0                dnsrecord_hostent
 COMMON         0x020351e4       0x84 c:/devkitPro/libnds/lib\libdswifi9.a(sgIP_DHCP.o)
                0x020351e4                dhcp_rcvd_dns
                0x020351f0                dhcp_rcvd_snmask
                0x020351f4                dhcp_state
                0x020351f8                dhcp_p
                0x020351fc                dhcp_optionptr
                0x02035200                dhcp_int
                0x02035204                dhcp_rcvd_ip
                0x02035208                dhcp_hostname
                0x02035248                dhcp_serverip
                0x0203524c                dhcp_tid
                0x02035250                dhcp_requestDNS
                0x02035254                dhcp_socket
                0x02035258                dhcp_timestart
                0x0203525c                dhcp_status
                0x02035260                dhcp_rcvd_gateway
                0x02035264                dhcp_timelastaction
 COMMON         0x02035268        0x8 c:/devkitPro/libnds/lib\libdswifi9.a(sgIP_UDP.o)
                0x02035268                udpport_counter
                0x0203526c                udprecords
 COMMON         0x02035270       0x10 c:/devkitPro/libnds/lib\libdswifi9.a(sgIP.o)
                0x02035270                count_100ms
                0x02035274                count_1000ms
                0x02035278                sgIP_timems
                0x0203527c                sgIP_errno
 COMMON         0x02035280      0x400 c:/devkitPro/libnds/lib\libdswifi9.a(sgIP_ARP.o)
                0x02035280                ArpRecords
 COMMON         0x02035680        0x4 c:/devkitPro/libnds/lib\libdswifi9.a(sgIP_IP.o)
                0x02035680                idnum_count
 COMMON         0x02035684       0x5c c:/devkitPro/libnds/lib\libnds9.a(console.o)
                0x02035684                currentCopy
 COMMON         0x020356e0      0x148 c:/devkitPro/libnds/lib\libnds9.a(background.o)
                0x020356e0                bgState
                0x02035820                bgIsTextLut
 COMMON         0x02035828        0x1 c:/devkitPro/libnds/lib\libnds9.a(initSystem.o)
                0x02035828                __dsimode
 *fill*         0x02035829        0x3 
 COMMON         0x0203582c      0xa40 c:/devkitPro/libnds/lib\libnds9.a(fifosystem.o)
                0x0203582c                fifo_datamsg_data
                0x0203586c                fifo_buffer
                0x0203606c                fifo_value32_func
                0x020360ac                fifo_address_func
                0x020360ec                fifo_value32_data
                0x0203612c                fifo_value32_queue
                0x0203616c                fifo_data_queue
                0x020361ac                fifo_address_data
                0x020361ec                fifo_datamsg_func
                0x0203622c                fifo_address_queue
 COMMON         0x0203626c        0x4 c:/devkitPro/libnds/lib\libnds9.a(timeSupport.o)
                0x0203626c                punixTime
                0x02036270                . = ALIGN (0x4)
                0x02036270                __bss_end__ = ABSOLUTE (.)
                0x02036270                __end__ = ABSOLUTE (.)

.stab
 *(.stab)

.stabstr
 *(.stabstr)

.stab.excl
 *(.stab.excl)

.stab.exclstr
 *(.stab.exclstr)

.stab.index
 *(.stab.index)

.stab.indexstr
 *(.stab.indexstr)

.comment        0x00000000       0x66
 *(.comment)
 .comment       0x00000000       0x22 c:/devkitpro/devkitarm/bin/../lib/gcc/arm-none-eabi/5.3.0/thumb/crtbegin.o
                                 0x23 (size before relaxing)
 .comment       0x00000022       0x23 template.o
 .comment       0x00000022       0x22 c:/devkitPro/libnds/lib\libdswifi9.a(wifi_arm9.o)
                                 0x23 (size before relaxing)
 .comment       0x00000044       0x23 c:/devkitPro/libnds/lib\libdswifi9.a(sgIP_sockets.o)
 .comment       0x00000044       0x23 c:/devkitPro/libnds/lib\libdswifi9.a(sgIP_memblock.o)
 .comment       0x00000044       0x23 c:/devkitPro/libnds/lib\libdswifi9.a(sgIP_TCP.o)
 .comment       0x00000044       0x23 c:/devkitPro/libnds/lib\libdswifi9.a(sgIP_Hub.o)
 .comment       0x00000044       0x23 c:/devkitPro/libnds/lib\libdswifi9.a(sgIP_DNS.o)
 .comment       0x00000044       0x23 c:/devkitPro/libnds/lib\libdswifi9.a(sgIP_DHCP.o)
 .comment       0x00000044       0x23 c:/devkitPro/libnds/lib\libdswifi9.a(sgIP_UDP.o)
 .comment       0x00000044       0x23 c:/devkitPro/libnds/lib\libdswifi9.a(sgIP.o)
 .comment       0x00000044       0x23 c:/devkitPro/libnds/lib\libdswifi9.a(sgIP_ARP.o)
 .comment       0x00000044       0x23 c:/devkitPro/libnds/lib\libdswifi9.a(sgIP_IP.o)
 .comment       0x00000044       0x23 c:/devkitPro/libnds/lib\libdswifi9.a(sgIP_ICMP.o)
 .comment       0x00000044       0x22 c:/devkitPro/libnds/lib\libnds9.a(keys.o)
                                 0x23 (size before relaxing)
 .comment       0x00000066       0x23 c:/devkitPro/libnds/lib\libnds9.a(console.o)
 .comment       0x00000066       0x23 c:/devkitPro/libnds/lib\libnds9.a(touch.o)
 .comment       0x00000066       0x23 c:/devkitPro/libnds/lib\libnds9.a(background.o)
 .comment       0x00000066       0x23 c:/devkitPro/libnds/lib\libnds9.a(initSystem.o)
 .comment       0x00000066       0x23 c:/devkitPro/libnds/lib\libnds9.a(fifosystem.o)
 .comment       0x00000066       0x23 c:/devkitPro/libnds/lib\libnds9.a(libnds_exit.arm.o)
 .comment       0x00000066       0x23 c:/devkitPro/libnds/lib\libnds9.a(interrupts.o)
 .comment       0x00000066       0x23 c:/devkitPro/libnds/lib\libnds9.a(trig.o)
 .comment       0x00000066       0x23 c:/devkitPro/libnds/lib\libnds9.a(system.o)
 .comment       0x00000066       0x23 c:/devkitPro/libnds/lib\libnds9.a(video.o)
 .comment       0x00000066       0x23 c:/devkitPro/libnds/lib\libnds9.a(timeSupport.o)
 .comment       0x00000066       0x23 c:/devkitpro/devkitarm/bin/../lib/gcc/arm-none-eabi/5.3.0/../../../../arm-none-eabi/lib/thumb\libg.a(lib_a-bsearch.o)
 .comment       0x00000066       0x23 c:/devkitpro/devkitarm/bin/../lib/gcc/arm-none-eabi/5.3.0/../../../../arm-none-eabi/lib/thumb\libg.a(lib_a-errno.o)
 .comment       0x00000066       0x23 c:/devkitpro/devkitarm/bin/../lib/gcc/arm-none-eabi/5.3.0/../../../../arm-none-eabi/lib/thumb\libg.a(lib_a-init.o)
 .comment       0x00000066       0x23 c:/devkitpro/devkitarm/bin/../lib/gcc/arm-none-eabi/5.3.0/../../../../arm-none-eabi/lib/thumb\libg.a(lib_a-iprintf.o)
 .comment       0x00000066       0x23 c:/devkitpro/devkitarm/bin/../lib/gcc/arm-none-eabi/5.3.0/../../../../arm-none-eabi/lib/thumb\libg.a(lib_a-malloc.o)
 .comment       0x00000066       0x23 c:/devkitpro/devkitarm/bin/../lib/gcc/arm-none-eabi/5.3.0/../../../../arm-none-eabi/lib/thumb\libg.a(lib_a-mallocr.o)
 .comment       0x00000066       0x23 c:/devkitpro/devkitarm/bin/../lib/gcc/arm-none-eabi/5.3.0/../../../../arm-none-eabi/lib/thumb\libg.a(lib_a-memcpy.o)
 .comment       0x00000066       0x23 c:/devkitpro/devkitarm/bin/../lib/gcc/arm-none-eabi/5.3.0/../../../../arm-none-eabi/lib/thumb\libg.a(lib_a-memset.o)
 .comment       0x00000066       0x23 c:/devkitpro/devkitarm/bin/../lib/gcc/arm-none-eabi/5.3.0/../../../../arm-none-eabi/lib/thumb\libg.a(lib_a-mlock.o)
 .comment       0x00000066       0x23 c:/devkitpro/devkitarm/bin/../lib/gcc/arm-none-eabi/5.3.0/../../../../arm-none-eabi/lib/thumb\libg.a(lib_a-perror.o)
 .comment       0x00000066       0x23 c:/devkitpro/devkitarm/bin/../lib/gcc/arm-none-eabi/5.3.0/../../../../arm-none-eabi/lib/thumb\libg.a(lib_a-scanf.o)
 .comment       0x00000066       0x23 c:/devkitpro/devkitarm/bin/../lib/gcc/arm-none-eabi/5.3.0/../../../../arm-none-eabi/lib/thumb\libg.a(lib_a-setvbuf.o)
 .comment       0x00000066       0x23 c:/devkitpro/devkitarm/bin/../lib/gcc/arm-none-eabi/5.3.0/../../../../arm-none-eabi/lib/thumb\libg.a(lib_a-siscanf.o)
 .comment       0x00000066       0x23 c:/devkitpro/devkitarm/bin/../lib/gcc/arm-none-eabi/5.3.0/../../../../arm-none-eabi/lib/thumb\libg.a(lib_a-snprintf.o)
 .comment       0x00000066       0x23 c:/devkitpro/devkitarm/bin/../lib/gcc/arm-none-eabi/5.3.0/../../../../arm-none-eabi/lib/thumb\libg.a(lib_a-stdio.o)
 .comment       0x00000066       0x23 c:/devkitpro/devkitarm/bin/../lib/gcc/arm-none-eabi/5.3.0/../../../../arm-none-eabi/lib/thumb\libg.a(lib_a-strcpy.o)
 .comment       0x00000066       0x23 c:/devkitpro/devkitarm/bin/../lib/gcc/arm-none-eabi/5.3.0/../../../../arm-none-eabi/lib/thumb\libg.a(lib_a-strerror.o)
 .comment       0x00000066       0x23 c:/devkitpro/devkitarm/bin/../lib/gcc/arm-none-eabi/5.3.0/../../../../arm-none-eabi/lib/thumb\libg.a(lib_a-strlen.o)
 .comment       0x00000066       0x23 c:/devkitpro/devkitarm/bin/../lib/gcc/arm-none-eabi/5.3.0/../../../../arm-none-eabi/lib/thumb\libg.a(lib_a-strncpy.o)
 .comment       0x00000066       0x23 c:/devkitpro/devkitarm/bin/../lib/gcc/arm-none-eabi/5.3.0/../../../../arm-none-eabi/lib/thumb\libg.a(lib_a-svfiscanf.o)
 .comment       0x00000066       0x23 c:/devkitpro/devkitarm/bin/../lib/gcc/arm-none-eabi/5.3.0/../../../../arm-none-eabi/lib/thumb\libg.a(lib_a-svfprintf.o)
 .comment       0x00000066       0x23 c:/devkitpro/devkitarm/bin/../lib/gcc/arm-none-eabi/5.3.0/../../../../arm-none-eabi/lib/thumb\libg.a(lib_a-ungetc.o)
 .comment       0x00000066       0x23 c:/devkitpro/devkitarm/bin/../lib/gcc/arm-none-eabi/5.3.0/../../../../arm-none-eabi/lib/thumb\libg.a(lib_a-u_strerr.o)
 .comment       0x00000066       0x23 c:/devkitpro/devkitarm/bin/../lib/gcc/arm-none-eabi/5.3.0/../../../../arm-none-eabi/lib/thumb\libg.a(lib_a-vfiprintf.o)
 .comment       0x00000066       0x23 c:/devkitpro/devkitarm/bin/../lib/gcc/arm-none-eabi/5.3.0/../../../../arm-none-eabi/lib/thumb\libg.a(lib_a-vfscanf.o)
 .comment       0x00000066       0x23 c:/devkitpro/devkitarm/bin/../lib/gcc/arm-none-eabi/5.3.0/../../../../arm-none-eabi/lib/thumb\libg.a(lib_a-wcrtomb.o)
 .comment       0x00000066       0x23 c:/devkitpro/devkitarm/bin/../lib/gcc/arm-none-eabi/5.3.0/../../../../arm-none-eabi/lib/thumb\libg.a(lib_a-wcsrtombs.o)
 .comment       0x00000066       0x23 c:/devkitpro/devkitarm/bin/../lib/gcc/arm-none-eabi/5.3.0/../../../../arm-none-eabi/lib/thumb\libg.a(lib_a-wctomb_r.o)
 .comment       0x00000066       0x23 c:/devkitpro/devkitarm/bin/../lib/gcc/arm-none-eabi/5.3.0/../../../../arm-none-eabi/lib/thumb\libg.a(lib_a-wsetup.o)
 .comment       0x00000066       0x23 c:/devkitpro/devkitarm/bin/../lib/gcc/arm-none-eabi/5.3.0/../../../../arm-none-eabi/lib/thumb\libg.a(lib_a-ctype_.o)
 .comment       0x00000066       0x23 c:/devkitpro/devkitarm/bin/../lib/gcc/arm-none-eabi/5.3.0/../../../../arm-none-eabi/lib/thumb\libg.a(lib_a-dtoa.o)
 .comment       0x00000066       0x23 c:/devkitpro/devkitarm/bin/../lib/gcc/arm-none-eabi/5.3.0/../../../../arm-none-eabi/lib/thumb\libg.a(lib_a-fflush.o)
 .comment       0x00000066       0x23 c:/devkitpro/devkitarm/bin/../lib/gcc/arm-none-eabi/5.3.0/../../../../arm-none-eabi/lib/thumb\libg.a(lib_a-findfp.o)
 .comment       0x00000066       0x23 c:/devkitpro/devkitarm/bin/../lib/gcc/arm-none-eabi/5.3.0/../../../../arm-none-eabi/lib/thumb\libg.a(lib_a-fputc.o)
 .comment       0x00000066       0x23 c:/devkitpro/devkitarm/bin/../lib/gcc/arm-none-eabi/5.3.0/../../../../arm-none-eabi/lib/thumb\libg.a(lib_a-fputs.o)
 .comment       0x00000066       0x23 c:/devkitpro/devkitarm/bin/../lib/gcc/arm-none-eabi/5.3.0/../../../../arm-none-eabi/lib/thumb\libg.a(lib_a-fputwc.o)
 .comment       0x00000066       0x23 c:/devkitpro/devkitarm/bin/../lib/gcc/arm-none-eabi/5.3.0/../../../../arm-none-eabi/lib/thumb\libg.a(lib_a-fread.o)
 .comment       0x00000066       0x23 c:/devkitpro/devkitarm/bin/../lib/gcc/arm-none-eabi/5.3.0/../../../../arm-none-eabi/lib/thumb\libg.a(lib_a-freer.o)